
==================== Agent 1 输出 ====================
[
  {
    "action_type": "Base",
    "description": "Load the 'HQ-Global-Production-System' dataset containing USD-based production records."
  },
  {
    "action_type": "Base",
    "description": "Load the 'TM-Field-Ledger-Berlin' dataset containing the Tour Manager's local records."
  },
  {
    "action_type": "Trap",
    "description": "Inject European numeric formatting (commas for decimals, periods for thousands) into the 'TM-Field-Ledger-Berlin' dataset."
  },
  {
    "action_type": "Trap",
    "description": "Inject VAT-inclusive amounts into the Gross Gate receipts for UK, France, and Spain."
  },
  {
    "action_type": "Trap",
    "description": "Inject duplicate expense records by including 'Cash Outlays' in the TM ledger and corresponding 'Reimbursements to TM' in the HQ ledger."
  },
  {
    "action_type": "Trap",
    "description": "Inject settlement dates in early November for events that belong to the October tour cycle."
  },
  {
    "action_type": "Mutate",
    "description": "Parse the European numeric formatting in the 'TM-Field-Ledger-Berlin' dataset to standard numeric values."
  },
  {
    "action_type": "Mutate",
    "description": "Filter the datasets to include the October tour cycle, explicitly retaining records with early November settlement dates."
  },
  {
    "action_type": "Mutate",
    "description": "Identify and offset 'Inter-company Reimbursement' expenses between the TM ledger and HQ ledger to prevent double counting of 'Band and Crew' expenses."
  },
  {
    "action_type": "Mutate",
    "description": "Strip the 20% VAT from the Gross Gate receipts for UK, France, and Spain to calculate the adjusted gross revenue."
  },
  {
    "action_type": "Mutate",
    "description": "Calculate Net Revenue by applying withholding tax rates to the adjusted gross revenue: UK (20%), France (15%), Spain (24%), and Germany (15.825%)."
  },
  {
    "action_type": "Mutate",
    "description": "Categorize all expenses into 'Band and Crew', 'Other Tour Costs', 'Hotel & Restaurants', and 'Other Travel Costs'."
  },
  {
    "action_type": "Mutate",
    "description": "Group the income and costs by source, separating 'Tour Manager' and 'Production Company'."
  },
  {
    "action_type": "Mutate",
    "description": "Calculate the Consolidated Total column by summing the income and costs across both sources."
  },
  {
    "action_type": "Mutate",
    "description": "Generate a line-by-line summary of revenue and expenses for each tour stop (City/Country)."
  },
  {
    "action_type": "Mutate",
    "description": "Calculate the final P&L metrics: Total Net Revenue, Total Expenses, and Net Income (Loss)."
  },
  {
    "action_type": "Mutate",
    "description": "Format the report with USD currency symbols, aligned decimals, and bolded headers."
  },
  {
    "action_type": "Mutate",
    "description": "Add the header '2024 Fall Music Tour P&L - As of 12/31/2024' to the report."
  },
  {
    "action_type": "Export",
    "description": "Export the final consolidated P&L report to an Excel document."
  }
]

==================== Agent 2 输出 ====================
[
  {
    "action_type": "Base",
    "description": "Load the 'HQ-Global-Production-System' dataset containing USD-based production records.",
    "requires": [],
    "provides": [
      "Dataset:HqGlobalProduction"
    ]
  },
  {
    "action_type": "Base",
    "description": "Load the 'TM-Field-Ledger-Berlin' dataset containing the Tour Manager's local records.",
    "requires": [],
    "provides": [
      "Dataset:TmFieldLedger"
    ]
  },
  {
    "action_type": "Trap",
    "description": "Inject European numeric formatting (commas for decimals, periods for thousands) into the 'TM-Field-Ledger-Berlin' dataset.",
    "requires": [
      "Dataset:TmFieldLedger"
    ],
    "provides": [
      "Dataset:TmFieldLedgerFormatted"
    ]
  },
  {
    "action_type": "Trap",
    "description": "Inject VAT-inclusive amounts into the Gross Gate receipts for UK, France, and Spain.",
    "requires": [
      "Dataset:HqGlobalProduction"
    ],
    "provides": [
      "Dataset:HqGlobalProductionVat"
    ]
  },
  {
    "action_type": "Trap",
    "description": "Inject duplicate expense records by including 'Cash Outlays' in the TM ledger and corresponding 'Reimbursements to TM' in the HQ ledger.",
    "requires": [
      "Dataset:TmFieldLedgerFormatted",
      "Dataset:HqGlobalProductionVat"
    ],
    "provides": [
      "Dataset:TmFieldLedgerDupes",
      "Dataset:HqGlobalProductionDupes"
    ]
  },
  {
    "action_type": "Trap",
    "description": "Inject settlement dates in early November for events that belong to the October tour cycle.",
    "requires": [
      "Dataset:TmFieldLedgerDupes",
      "Dataset:HqGlobalProductionDupes"
    ],
    "provides": [
      "Dataset:TmFieldLedgerDates",
      "Dataset:HqGlobalProductionDates"
    ]
  },
  {
    "action_type": "Mutate",
    "description": "Parse the European numeric formatting in the 'TM-Field-Ledger-Berlin' dataset to standard numeric values.",
    "requires": [
      "Dataset:TmFieldLedgerDates"
    ],
    "provides": [
      "Dataset:TmFieldLedgerParsed"
    ]
  },
  {
    "action_type": "Mutate",
    "description": "Filter the datasets to include the October tour cycle, explicitly retaining records with early November settlement dates.",
    "requires": [
      "Dataset:TmFieldLedgerParsed",
      "Dataset:HqGlobalProductionDates"
    ],
    "provides": [
      "Dataset:FilteredTourData"
    ]
  },
  {
    "action_type": "Mutate",
    "description": "Identify and offset 'Inter-company Reimbursement' expenses between the TM ledger and HQ ledger to prevent double counting of 'Band and Crew' expenses.",
    "requires": [
      "Dataset:FilteredTourData"
    ],
    "provides": [
      "Dataset:OffsetTourData"
    ]
  },
  {
    "action_type": "Mutate",
    "description": "Strip the 20% VAT from the Gross Gate receipts for UK, France, and Spain to calculate the adjusted gross revenue.",
    "requires": [
      "Dataset:OffsetTourData"
    ],
    "provides": [
      "Dataset:AdjustedGrossRevenueData"
    ]
  },
  {
    "action_type": "Mutate",
    "description": "Calculate Net Revenue by applying withholding tax rates to the adjusted gross revenue: UK (20%), France (15%), Spain (24%), and Germany (15.825%).",
    "requires": [
      "Dataset:AdjustedGrossRevenueData"
    ],
    "provides": [
      "Dataset:NetRevenueData"
    ]
  },
  {
    "action_type": "Mutate",
    "description": "Categorize all expenses into 'Band and Crew', 'Other Tour Costs', 'Hotel & Restaurants', and 'Other Travel Costs'.",
    "requires": [
      "Dataset:NetRevenueData"
    ],
    "provides": [
      "Dataset:CategorizedExpenseData"
    ]
  },
  {
    "action_type": "Mutate",
    "description": "Group the income and costs by source, separating 'Tour Manager' and 'Production Company'.",
    "requires": [
      "Dataset:CategorizedExpenseData"
    ],
    "provides": [
      "Dataset:GroupedSourceData"
    ]
  },
  {
    "action_type": "Mutate",
    "description": "Calculate the Consolidated Total column by summing the income and costs across both sources.",
    "requires": [
      "Dataset:GroupedSourceData"
    ],
    "provides": [
      "Dataset:ConsolidatedData"
    ]
  },
  {
    "action_type": "Mutate",
    "description": "Generate a line-by-line summary of revenue and expenses for each tour stop (City/Country).",
    "requires": [
      "Dataset:ConsolidatedData"
    ],
    "provides": [
      "Dataset:TourStopSummary"
    ]
  },
  {
    "action_type": "Mutate",
    "description": "Calculate the final P&L metrics: Total Net Revenue, Total Expenses, and Net Income (Loss).",
    "requires": [
      "Dataset:TourStopSummary"
    ],
    "provides": [
      "Dataset:FinalPnLMetrics"
    ]
  },
  {
    "action_type": "Mutate",
    "description": "Format the report with USD currency symbols, aligned decimals, and bolded headers.",
    "requires": [
      "Dataset:FinalPnLMetrics"
    ],
    "provides": [
      "Dataset:FormattedPnLReport"
    ]
  },
  {
    "action_type": "Mutate",
    "description": "Add the header '2024 Fall Music Tour P&L - As of 12/31/2024' to the report.",
    "requires": [
      "Dataset:FormattedPnLReport"
    ],
    "provides": [
      "Dataset:FinalTitledReport"
    ]
  },
  {
    "action_type": "Export",
    "description": "Export the final consolidated P&L report to an Excel document.",
    "requires": [
      "Dataset:FinalTitledReport"
    ],
    "provides": [
      "Deliverable:ExcelReport"
    ]
  }
]

==================== Agent 3 输出 ====================
[
  {
    "skill_id": "load_hq_global_production",
    "skill_name": "Load HQ Global Production",
    "node_type": "base",
    "sandbox_role": "Data_Generator",
    "keywords": [
      "Load",
      "HQ",
      "Production",
      "USD"
    ],
    "ports": {
      "requires": [],
      "provides": [
        "Dataset:HqGlobalProduction"
      ]
    },
    "semantics": {
      "intents": [
        "Load the '{deliverable_file}' dataset containing {currency}-based production records."
      ],
      "deliverables": [
        "hq_global_production.xlsx"
      ]
    },
    "data_profile": {
      "business_context": "Centralized production system records for the global music tour, tracking high-level gate receipts and reimbursements.",
      "deliverable_file": "hq_global_production.xlsx",
      "currency": "USD",
      "suggested_scale": {
        "hq_global_production.xlsx": 250
      },
      "declarative_schemas": {
        "hq_global_production.xlsx": [
          "Transaction_ID",
          "Event_Date",
          "Settlement_Date",
          "Country",
          "Gross Gate Receipts",
          "Expense_Category",
          "Amount"
        ]
      }
    }
  },
  {
    "skill_id": "load_tm_field_ledger",
    "skill_name": "Load TM Field Ledger",
    "node_type": "base",
    "sandbox_role": "Data_Generator",
    "keywords": [
      "Load",
      "Tour Manager",
      "Ledger",
      "Local"
    ],
    "ports": {
      "requires": [],
      "provides": [
        "Dataset:TmFieldLedger"
      ]
    },
    "semantics": {
      "intents": [
        "Load the '{deliverable_file}' dataset containing the {source_entity}'s local records."
      ],
      "deliverables": [
        "tm_field_ledger_berlin.xlsx"
      ]
    },
    "data_profile": {
      "business_context": "Local field ledger maintained by the Tour Manager, tracking on-the-ground cash outlays and local expenses.",
      "deliverable_file": "tm_field_ledger_berlin.xlsx",
      "source_entity": "Tour Manager",
      "suggested_scale": {
        "tm_field_ledger_berlin.xlsx": 400
      },
      "declarative_schemas": {
        "tm_field_ledger_berlin.xlsx": [
          "Receipt_ID",
          "Event_Date",
          "Settlement_Date",
          "City",
          "Expense_Type",
          "Amount_Local"
        ]
      }
    }
  },
  {
    "skill_id": "inject_european_formatting",
    "skill_name": "Inject European Formatting",
    "node_type": "trap",
    "sandbox_role": "Data_Generator",
    "keywords": [
      "Inject",
      "Formatting",
      "European",
      "Decimals"
    ],
    "ports": {
      "requires": [
        "Dataset:TmFieldLedger"
      ],
      "provides": [
        "Dataset:TmFieldLedgerFormatted"
      ]
    },
    "semantics": {
      "intents": [
        "Inject {formatting_style} into the '{target_dataset}' dataset."
      ]
    },
    "data_profile": {
      "formatting_style": "European numeric formatting (commas for decimals, periods for thousands)",
      "target_dataset": "TM-Field-Ledger-Berlin"
    }
  },
  {
    "skill_id": "inject_vat_inclusive_amounts",
    "skill_name": "Inject VAT Inclusive Amounts",
    "node_type": "trap",
    "sandbox_role": "Data_Generator",
    "keywords": [
      "Inject",
      "VAT",
      "Gross Gate",
      "Receipts"
    ],
    "ports": {
      "requires": [
        "Dataset:HqGlobalProduction"
      ],
      "provides": [
        "Dataset:HqGlobalProductionVat"
      ]
    },
    "semantics": {
      "intents": [
        "Inject {tax_condition} amounts into the {target_column} for {target_countries}."
      ]
    },
    "data_profile": {
      "tax_condition": "VAT-inclusive",
      "target_column": "Gross Gate receipts",
      "target_countries": [
        "UK",
        "France",
        "Spain"
      ]
    }
  },
  {
    "skill_id": "inject_duplicate_expenses",
    "skill_name": "Inject Duplicate Expenses",
    "node_type": "trap",
    "sandbox_role": "Data_Generator",
    "keywords": [
      "Inject",
      "Duplicates",
      "Expenses",
      "Reimbursements"
    ],
    "ports": {
      "requires": [
        "Dataset:TmFieldLedgerFormatted",
        "Dataset:HqGlobalProductionVat"
      ],
      "provides": [
        "Dataset:TmFieldLedgerDupes",
        "Dataset:HqGlobalProductionDupes"
      ]
    },
    "semantics": {
      "intents": [
        "Inject duplicate expense records by including '{tm_expense_type}' in the TM ledger and corresponding '{hq_expense_type}' in the HQ ledger."
      ]
    },
    "data_profile": {
      "tm_expense_type": "Cash Outlays",
      "hq_expense_type": "Reimbursements to TM"
    }
  },
  {
    "skill_id": "inject_misaligned_settlement_dates",
    "skill_name": "Inject Misaligned Settlement Dates",
    "node_type": "trap",
    "sandbox_role": "Data_Generator",
    "keywords": [
      "Inject",
      "Dates",
      "Settlement",
      "Misalignment"
    ],
    "ports": {
      "requires": [
        "Dataset:TmFieldLedgerDupes",
        "Dataset:HqGlobalProductionDupes"
      ],
      "provides": [
        "Dataset:TmFieldLedgerDates",
        "Dataset:HqGlobalProductionDates"
      ]
    },
    "semantics": {
      "intents": [
        "Inject settlement dates in {settlement_period} for events that belong to the {tour_cycle}."
      ]
    },
    "data_profile": {
      "settlement_period": "early November",
      "tour_cycle": "October tour cycle"
    }
  },
  {
    "skill_id": "parse_european_formatting",
    "skill_name": "Parse European Formatting",
    "node_type": "mutate",
    "sandbox_role": "Solver",
    "keywords": [
      "Parse",
      "Formatting",
      "European",
      "Numeric"
    ],
    "ports": {
      "requires": [
        "Dataset:TmFieldLedgerDates"
      ],
      "provides": [
        "Dataset:TmFieldLedgerParsed"
      ]
    },
    "semantics": {
      "intents": [
        "Parse the {source_format} in the '{target_dataset}' dataset to {target_format}."
      ]
    },
    "data_profile": {
      "source_format": "European numeric formatting",
      "target_dataset": "TM-Field-Ledger-Berlin",
      "target_format": "standard numeric values"
    }
  },
  {
    "skill_id": "filter_tour_cycle",
    "skill_name": "Filter Tour Cycle",
    "node_type": "filter",
    "sandbox_role": "Solver",
    "keywords": [
      "Filter",
      "Tour Cycle",
      "Dates",
      "Settlement"
    ],
    "ports": {
      "requires": [
        "Dataset:TmFieldLedgerParsed",
        "Dataset:HqGlobalProductionDates"
      ],
      "provides": [
        "Dataset:FilteredTourData"
      ]
    },
    "semantics": {
      "intents": [
        "Filter the datasets to include the {target_cycle}, explicitly retaining {retention_criteria}."
      ]
    },
    "data_profile": {
      "target_cycle": "October tour cycle",
      "retention_criteria": "records with early November settlement dates"
    }
  },
  {
    "skill_id": "offset_intercompany_expenses",
    "skill_name": "Offset Inter-company Expenses",
    "node_type": "mutate",
    "sandbox_role": "Solver",
    "keywords": [
      "Offset",
      "Inter-company",
      "Reimbursement",
      "Double Counting"
    ],
    "ports": {
      "requires": [
        "Dataset:FilteredTourData"
      ],
      "provides": [
        "Dataset:OffsetTourData"
      ]
    },
    "semantics": {
      "intents": [
        "Identify and offset '{expense_category}' expenses between the TM ledger and HQ ledger to prevent double counting of '{target_expense}' expenses."
      ]
    },
    "data_profile": {
      "expense_category": "Inter-company Reimbursement",
      "target_expense": "Band and Crew"
    }
  },
  {
    "skill_id": "strip_vat_receipts",
    "skill_name": "Strip VAT from Receipts",
    "node_type": "mutate",
    "sandbox_role": "Solver",
    "keywords": [
      "Strip",
      "VAT",
      "Gross Gate",
      "Adjusted"
    ],
    "ports": {
      "requires": [
        "Dataset:OffsetTourData"
      ],
      "provides": [
        "Dataset:AdjustedGrossRevenueData"
      ]
    },
    "semantics": {
      "intents": [
        "Strip the {vat_rate} VAT from the {target_metric} for {target_countries} to calculate the {output_metric}."
      ]
    },
    "data_profile": {
      "vat_rate": "20%",
      "target_metric": "Gross Gate receipts",
      "target_countries": [
        "UK",
        "France",
        "Spain"
      ],
      "output_metric": "adjusted gross revenue"
    }
  },
  {
    "skill_id": "calculate_net_revenue",
    "skill_name": "Calculate Net Revenue",
    "node_type": "mutate",
    "sandbox_role": "Solver",
    "keywords": [
      "Calculate",
      "Net Revenue",
      "Withholding Tax"
    ],
    "ports": {
      "requires": [
        "Dataset:AdjustedGrossRevenueData"
      ],
      "provides": [
        "Dataset:NetRevenueData"
      ]
    },
    "semantics": {
      "intents": [
        "Calculate {output_metric} by applying withholding tax rates to the adjusted gross revenue: {withholding_rates}."
      ]
    },
    "data_profile": {
      "output_metric": "Net Revenue",
      "withholding_rates": {
        "UK": "20%",
        "France": "15%",
        "Spain": "24%",
        "Germany": "15.825%"
      }
    }
  },
  {
    "skill_id": "categorize_expenses",
    "skill_name": "Categorize Expenses",
    "node_type": "mutate",
    "sandbox_role": "Solver",
    "keywords": [
      "Categorize",
      "Expenses",
      "Tour Costs"
    ],
    "ports": {
      "requires": [
        "Dataset:NetRevenueData"
      ],
      "provides": [
        "Dataset:CategorizedExpenseData"
      ]
    },
    "semantics": {
      "intents": [
        "Categorize all expenses into {expense_categories}."
      ]
    },
    "data_profile": {
      "expense_categories": [
        "Band and Crew",
        "Other Tour Costs",
        "Hotel & Restaurants",
        "Other Travel Costs"
      ]
    }
  },
  {
    "skill_id": "group_by_source",
    "skill_name": "Group by Source",
    "node_type": "mutate",
    "sandbox_role": "Solver",
    "keywords": [
      "Group",
      "Income",
      "Costs",
      "Source"
    ],
    "ports": {
      "requires": [
        "Dataset:CategorizedExpenseData"
      ],
      "provides": [
        "Dataset:GroupedSourceData"
      ]
    },
    "semantics": {
      "intents": [
        "Group the income and costs by source, separating {sources}."
      ]
    },
    "data_profile": {
      "sources": [
        "Tour Manager",
        "Production Company"
      ]
    }
  },
  {
    "skill_id": "calculate_consolidated_total",
    "skill_name": "Calculate Consolidated Total",
    "node_type": "mutate",
    "sandbox_role": "Solver",
    "keywords": [
      "Calculate",
      "Consolidated",
      "Total",
      "Sum"
    ],
    "ports": {
      "requires": [
        "Dataset:GroupedSourceData"
      ],
      "provides": [
        "Dataset:ConsolidatedData"
      ]
    },
    "semantics": {
      "intents": [
        "Calculate the {target_column} column by summing the income and costs across both sources."
      ]
    },
    "data_profile": {
      "target_column": "Consolidated Total"
    }
  },
  {
    "skill_id": "generate_tour_stop_summary",
    "skill_name": "Generate Tour Stop Summary",
    "node_type": "mutate",
    "sandbox_role": "Solver",
    "keywords": [
      "Generate",
      "Summary",
      "Tour Stop",
      "Line-by-line"
    ],
    "ports": {
      "requires": [
        "Dataset:ConsolidatedData"
      ],
      "provides": [
        "Dataset:TourStopSummary"
      ]
    },
    "semantics": {
      "intents": [
        "Generate a line-by-line summary of revenue and expenses for each tour stop ({grouping_level})."
      ]
    },
    "data_profile": {
      "grouping_level": "City/Country"
    }
  },
  {
    "skill_id": "calculate_final_pnl_metrics",
    "skill_name": "Calculate Final P&L Metrics",
    "node_type": "mutate",
    "sandbox_role": "Solver",
    "keywords": [
      "Calculate",
      "P&L",
      "Metrics",
      "Net Income"
    ],
    "ports": {
      "requires": [
        "Dataset:TourStopSummary"
      ],
      "provides": [
        "Dataset:FinalPnLMetrics"
      ]
    },
    "semantics": {
      "intents": [
        "Calculate the final P&L metrics: {pnl_metrics}."
      ]
    },
    "data_profile": {
      "pnl_metrics": [
        "Total Net Revenue",
        "Total Expenses",
        "Net Income (Loss)"
      ]
    }
  },
  {
    "skill_id": "format_pnl_report",
    "skill_name": "Format P&L Report",
    "node_type": "global",
    "sandbox_role": "Global_Constraint",
    "keywords": [
      "Format",
      "Report",
      "Currency",
      "Decimals"
    ],
    "ports": {
      "requires": [
        "Dataset:FinalPnLMetrics"
      ],
      "provides": [
        "Dataset:FormattedPnLReport"
      ]
    },
    "semantics": {
      "intents": [
        "Format the report with {formatting_rules}."
      ]
    },
    "data_profile": {
      "formatting_rules": [
        "USD currency symbols",
        "aligned decimals",
        "bolded headers"
      ]
    }
  },
  {
    "skill_id": "add_report_header",
    "skill_name": "Add Report Header",
    "node_type": "global",
    "sandbox_role": "Global_Constraint",
    "keywords": [
      "Add",
      "Header",
      "Title",
      "Report"
    ],
    "ports": {
      "requires": [
        "Dataset:FormattedPnLReport"
      ],
      "provides": [
        "Dataset:FinalTitledReport"
      ]
    },
    "semantics": {
      "intents": [
        "Add the header '{report_title}' to the report."
      ]
    },
    "data_profile": {
      "report_title": "2024 Fall Music Tour P&L - As of 12/31/2024"
    }
  },
  {
    "skill_id": "export_excel_report",
    "skill_name": "Export Excel Report",
    "node_type": "export",
    "sandbox_role": "Solver",
    "keywords": [
      "Export",
      "Excel",
      "Consolidated",
      "P&L"
    ],
    "ports": {
      "requires": [
        "Dataset:FinalTitledReport"
      ],
      "provides": [
        "Deliverable:ExcelReport"
      ]
    },
    "semantics": {
      "intents": [
        "Export the final consolidated P&L report to an Excel document named '{deliverable_file}'."
      ],
      "deliverables": [
        "final_consolidated_pnl.xlsx"
      ]
    },
    "data_profile": {
      "deliverable_file": "final_consolidated_pnl.xlsx"
    }
  }
]

==================== Agent 5 输出 ====================
[
  {
    "skill_id": "load_hq_global_production",
    "skill_name": "Load HQ Global Production",
    "node_type": "base",
    "sandbox_role": "Data_Generator",
    "keywords": [
      "Load",
      "HQ",
      "Production",
      "USD"
    ],
    "ports": {
      "requires": [],
      "provides": [
        "Dataset:HqGlobalProduction"
      ]
    },
    "semantics": {
      "intents": [
        "Load the '{deliverable_file}' dataset containing {currency}-based production records."
      ],
      "deliverables": [
        "hq_global_production.xlsx"
      ],
      "evaluation_anchor": {
        "category": "Compliance",
        "assertion_logic": "Assert file_exists('{deliverable_file}') and verify it contains the expected {currency} transaction columns defined in the declarative schemas."
      }
    },
    "data_profile": {
      "business_context": "Centralized production system records for the global music tour, tracking high-level gate receipts and reimbursements.",
      "deliverable_file": "hq_global_production.xlsx",
      "currency": "USD",
      "suggested_scale": {
        "hq_global_production.xlsx": 250
      },
      "declarative_schemas": {
        "hq_global_production.xlsx": [
          "Transaction_ID",
          "Event_Date",
          "Settlement_Date",
          "Country",
          "Gross Gate Receipts",
          "Expense_Category",
          "Amount"
        ]
      }
    }
  },
  {
    "skill_id": "load_tm_field_ledger",
    "skill_name": "Load TM Field Ledger",
    "node_type": "base",
    "sandbox_role": "Data_Generator",
    "keywords": [
      "Load",
      "Tour Manager",
      "Ledger",
      "Local"
    ],
    "ports": {
      "requires": [],
      "provides": [
        "Dataset:TmFieldLedger"
      ]
    },
    "semantics": {
      "intents": [
        "Load the '{deliverable_file}' dataset containing the {source_entity}'s local records."
      ],
      "deliverables": [
        "tm_field_ledger_berlin.xlsx"
      ],
      "evaluation_anchor": {
        "category": "Compliance",
        "assertion_logic": "Assert file_exists('{deliverable_file}') and verify it matches the expected schema for the {source_entity}."
      }
    },
    "data_profile": {
      "business_context": "Local field ledger maintained by the Tour Manager, tracking on-the-ground cash outlays and local expenses.",
      "deliverable_file": "tm_field_ledger_berlin.xlsx",
      "source_entity": "Tour Manager",
      "suggested_scale": {
        "tm_field_ledger_berlin.xlsx": 400
      },
      "declarative_schemas": {
        "tm_field_ledger_berlin.xlsx": [
          "Receipt_ID",
          "Event_Date",
          "Settlement_Date",
          "City",
          "Expense_Type",
          "Amount_Local"
        ]
      }
    }
  },
  {
    "skill_id": "inject_european_formatting",
    "skill_name": "Inject European Formatting",
    "node_type": "trap",
    "sandbox_role": "Data_Generator",
    "keywords": [
      "Inject",
      "Formatting",
      "European",
      "Decimals"
    ],
    "ports": {
      "requires": [
        "Dataset:TmFieldLedger"
      ],
      "provides": [
        "Dataset:TmFieldLedgerFormatted"
      ]
    },
    "semantics": {
      "intents": [
        "Inject {formatting_style} into the '{target_dataset}' dataset."
      ],
      "evaluation_anchor": {
        "category": "Robustness",
        "assertion_logic": "Verify that downstream parsing does not crash and gracefully handles the {formatting_style} injected into '{target_dataset}' without producing NaN values."
      }
    },
    "data_profile": {
      "formatting_style": "European numeric formatting (commas for decimals, periods for thousands)",
      "target_dataset": "TM-Field-Ledger-Berlin"
    }
  },
  {
    "skill_id": "inject_vat_inclusive_amounts",
    "skill_name": "Inject VAT Inclusive Amounts",
    "node_type": "trap",
    "sandbox_role": "Data_Generator",
    "keywords": [
      "Inject",
      "VAT",
      "Gross Gate",
      "Receipts"
    ],
    "ports": {
      "requires": [
        "Dataset:HqGlobalProduction"
      ],
      "provides": [
        "Dataset:HqGlobalProductionVat"
      ]
    },
    "semantics": {
      "intents": [
        "Inject {tax_condition} amounts into the {target_column} for {target_countries}."
      ],
      "evaluation_anchor": {
        "category": "Robustness",
        "assertion_logic": "Verify that the pipeline correctly identifies and processes the {tax_condition} values in the '{target_column}' for {target_countries} without distorting the baseline revenue calculations."
      }
    },
    "data_profile": {
      "tax_condition": "VAT-inclusive",
      "target_column": "Gross Gate receipts",
      "target_countries": [
        "UK",
        "France",
        "Spain"
      ]
    }
  },
  {
    "skill_id": "inject_duplicate_expenses",
    "skill_name": "Inject Duplicate Expenses",
    "node_type": "trap",
    "sandbox_role": "Data_Generator",
    "keywords": [
      "Inject",
      "Duplicates",
      "Expenses",
      "Reimbursements"
    ],
    "ports": {
      "requires": [
        "Dataset:TmFieldLedgerFormatted",
        "Dataset:HqGlobalProductionVat"
      ],
      "provides": [
        "Dataset:TmFieldLedgerDupes",
        "Dataset:HqGlobalProductionDupes"
      ]
    },
    "semantics": {
      "intents": [
        "Inject duplicate expense records by including '{tm_expense_type}' in the TM ledger and corresponding '{hq_expense_type}' in the HQ ledger."
      ],
      "evaluation_anchor": {
        "category": "Robustness",
        "assertion_logic": "Ensure the pipeline robustly deduplicates the injected overlapping records between '{tm_expense_type}' and '{hq_expense_type}', preventing artificial inflation of total expenses."
      }
    },
    "data_profile": {
      "tm_expense_type": "Cash Outlays",
      "hq_expense_type": "Reimbursements to TM"
    }
  },
  {
    "skill_id": "inject_misaligned_settlement_dates",
    "skill_name": "Inject Misaligned Settlement Dates",
    "node_type": "trap",
    "sandbox_role": "Data_Generator",
    "keywords": [
      "Inject",
      "Dates",
      "Settlement",
      "Misalignment"
    ],
    "ports": {
      "requires": [
        "Dataset:TmFieldLedgerDupes",
        "Dataset:HqGlobalProductionDupes"
      ],
      "provides": [
        "Dataset:TmFieldLedgerDates",
        "Dataset:HqGlobalProductionDates"
      ]
    },
    "semantics": {
      "intents": [
        "Inject settlement dates in {settlement_period} for events that belong to the {tour_cycle}."
      ],
      "evaluation_anchor": {
        "category": "Robustness",
        "assertion_logic": "Verify that the pipeline gracefully handles the injected dates in {settlement_period} for the {tour_cycle}, correctly aligning them without dropping valid rows."
      }
    },
    "data_profile": {
      "settlement_period": "early November",
      "tour_cycle": "October tour cycle"
    }
  },
  {
    "skill_id": "parse_european_formatting",
    "skill_name": "Parse European Formatting",
    "node_type": "mutate",
    "sandbox_role": "Solver",
    "keywords": [
      "Parse",
      "Formatting",
      "European",
      "Numeric"
    ],
    "ports": {
      "requires": [
        "Dataset:TmFieldLedgerDates"
      ],
      "provides": [
        "Dataset:TmFieldLedgerParsed"
      ]
    },
    "semantics": {
      "intents": [
        "Parse the {source_format} in the '{target_dataset}' dataset to {target_format}."
      ],
      "evaluation_anchor": {
        "category": "Fact",
        "assertion_logic": "Verify that the {source_format} in '{target_dataset}' is correctly converted to {target_format}, matching the Golden Run's parsed numeric columns."
      }
    },
    "data_profile": {
      "source_format": "European numeric formatting",
      "target_dataset": "TM-Field-Ledger-Berlin",
      "target_format": "standard numeric values"
    }
  },
  {
    "skill_id": "filter_tour_cycle",
    "skill_name": "Filter Tour Cycle",
    "node_type": "filter",
    "sandbox_role": "Solver",
    "keywords": [
      "Filter",
      "Tour Cycle",
      "Dates",
      "Settlement"
    ],
    "ports": {
      "requires": [
        "Dataset:TmFieldLedgerParsed",
        "Dataset:HqGlobalProductionDates"
      ],
      "provides": [
        "Dataset:FilteredTourData"
      ]
    },
    "semantics": {
      "intents": [
        "Filter the datasets to include the {target_cycle}, explicitly retaining {retention_criteria}."
      ],
      "evaluation_anchor": {
        "category": "Fact",
        "assertion_logic": "Compare the filtered dataset against the Golden Run to ensure only the {target_cycle} is kept, specifically checking that {retention_criteria} are preserved."
      }
    },
    "data_profile": {
      "target_cycle": "October tour cycle",
      "retention_criteria": "records with early November settlement dates"
    }
  },
  {
    "skill_id": "offset_intercompany_expenses",
    "skill_name": "Offset Inter-company Expenses",
    "node_type": "mutate",
    "sandbox_role": "Solver",
    "keywords": [
      "Offset",
      "Inter-company",
      "Reimbursement",
      "Double Counting"
    ],
    "ports": {
      "requires": [
        "Dataset:FilteredTourData"
      ],
      "provides": [
        "Dataset:OffsetTourData"
      ]
    },
    "semantics": {
      "intents": [
        "Identify and offset '{expense_category}' expenses between the TM ledger and HQ ledger to prevent double counting of '{target_expense}' expenses."
      ],
      "evaluation_anchor": {
        "category": "Reasoning",
        "assertion_logic": "Check if the model correctly deduced the accounting logic to offset '{expense_category}' against '{target_expense}', matching the Golden Run's net expense values."
      }
    },
    "data_profile": {
      "expense_category": "Inter-company Reimbursement",
      "target_expense": "Band and Crew"
    }
  },
  {
    "skill_id": "strip_vat_receipts",
    "skill_name": "Strip VAT from Receipts",
    "node_type": "mutate",
    "sandbox_role": "Solver",
    "keywords": [
      "Strip",
      "VAT",
      "Gross Gate",
      "Adjusted"
    ],
    "ports": {
      "requires": [
        "Dataset:OffsetTourData"
      ],
      "provides": [
        "Dataset:AdjustedGrossRevenueData"
      ]
    },
    "semantics": {
      "intents": [
        "Strip the {vat_rate} VAT from the {target_metric} for {target_countries} to calculate the {output_metric}."
      ],
      "evaluation_anchor": {
        "category": "Reasoning",
        "assertion_logic": "Verify that the model correctly deduced the mathematical formula to strip the {vat_rate} VAT from '{target_metric}' for {target_countries}, matching the Golden Run's '{output_metric}'."
      }
    },
    "data_profile": {
      "vat_rate": "20%",
      "target_metric": "Gross Gate receipts",
      "target_countries": [
        "UK",
        "France",
        "Spain"
      ],
      "output_metric": "adjusted gross revenue"
    }
  },
  {
    "skill_id": "calculate_net_revenue",
    "skill_name": "Calculate Net Revenue",
    "node_type": "mutate",
    "sandbox_role": "Solver",
    "keywords": [
      "Calculate",
      "Net Revenue",
      "Withholding Tax"
    ],
    "ports": {
      "requires": [
        "Dataset:AdjustedGrossRevenueData"
      ],
      "provides": [
        "Dataset:NetRevenueData"
      ]
    },
    "semantics": {
      "intents": [
        "Calculate {output_metric} by applying withholding tax rates to the adjusted gross revenue: {withholding_rates}."
      ],
      "evaluation_anchor": {
        "category": "Fact",
        "assertion_logic": "Verify that the calculated '{output_metric}' matches the exact numerical result produced by the Golden Solver after applying {withholding_rates}."
      }
    },
    "data_profile": {
      "output_metric": "Net Revenue",
      "withholding_rates": {
        "UK": "20%",
        "France": "15%",
        "Spain": "24%",
        "Germany": "15.825%"
      }
    }
  },
  {
    "skill_id": "categorize_expenses",
    "skill_name": "Categorize Expenses",
    "node_type": "mutate",
    "sandbox_role": "Solver",
    "keywords": [
      "Categorize",
      "Expenses",
      "Tour Costs"
    ],
    "ports": {
      "requires": [
        "Dataset:NetRevenueData"
      ],
      "provides": [
        "Dataset:CategorizedExpenseData"
      ]
    },
    "semantics": {
      "intents": [
        "Categorize all expenses into {expense_categories}."
      ],
      "evaluation_anchor": {
        "category": "Reasoning",
        "assertion_logic": "Check if the model correctly deduced the mapping of raw expenses into the {expense_categories}, matching the Golden Run's categorical groupings."
      }
    },
    "data_profile": {
      "expense_categories": [
        "Band and Crew",
        "Other Tour Costs",
        "Hotel & Restaurants",
        "Other Travel Costs"
      ]
    }
  },
  {
    "skill_id": "group_by_source",
    "skill_name": "Group by Source",
    "node_type": "mutate",
    "sandbox_role": "Solver",
    "keywords": [
      "Group",
      "Income",
      "Costs",
      "Source"
    ],
    "ports": {
      "requires": [
        "Dataset:CategorizedExpenseData"
      ],
      "provides": [
        "Dataset:GroupedSourceData"
      ]
    },
    "semantics": {
      "intents": [
        "Group the income and costs by source, separating {sources}."
      ],
      "evaluation_anchor": {
        "category": "Fact",
        "assertion_logic": "Verify that the aggregations grouped by {sources} match the exact numerical results produced by the Golden Solver."
      }
    },
    "data_profile": {
      "sources": [
        "Tour Manager",
        "Production Company"
      ]
    }
  },
  {
    "skill_id": "calculate_consolidated_total",
    "skill_name": "Calculate Consolidated Total",
    "node_type": "mutate",
    "sandbox_role": "Solver",
    "keywords": [
      "Calculate",
      "Consolidated",
      "Total",
      "Sum"
    ],
    "ports": {
      "requires": [
        "Dataset:GroupedSourceData"
      ],
      "provides": [
        "Dataset:ConsolidatedData"
      ]
    },
    "semantics": {
      "intents": [
        "Calculate the {target_column} column by summing the income and costs across both sources."
      ],
      "evaluation_anchor": {
        "category": "Fact",
        "assertion_logic": "Verify that the '{target_column}' matches the exact numerical result produced by the Golden Solver."
      }
    },
    "data_profile": {
      "target_column": "Consolidated Total"
    }
  },
  {
    "skill_id": "generate_tour_stop_summary",
    "skill_name": "Generate Tour Stop Summary",
    "node_type": "mutate",
    "sandbox_role": "Solver",
    "keywords": [
      "Generate",
      "Summary",
      "Tour Stop",
      "Line-by-line"
    ],
    "ports": {
      "requires": [
        "Dataset:ConsolidatedData"
      ],
      "provides": [
        "Dataset:TourStopSummary"
      ]
    },
    "semantics": {
      "intents": [
        "Generate a line-by-line summary of revenue and expenses for each tour stop ({grouping_level})."
      ],
      "evaluation_anchor": {
        "category": "Fact",
        "assertion_logic": "Verify that the summary metrics aggregated at the {grouping_level} match the exact numerical results produced by the Golden Solver."
      }
    },
    "data_profile": {
      "grouping_level": "City/Country"
    }
  },
  {
    "skill_id": "calculate_final_pnl_metrics",
    "skill_name": "Calculate Final P&L Metrics",
    "node_type": "mutate",
    "sandbox_role": "Solver",
    "keywords": [
      "Calculate",
      "P&L",
      "Metrics",
      "Net Income"
    ],
    "ports": {
      "requires": [
        "Dataset:TourStopSummary"
      ],
      "provides": [
        "Dataset:FinalPnLMetrics"
      ]
    },
    "semantics": {
      "intents": [
        "Calculate the final P&L metrics: {pnl_metrics}."
      ],
      "evaluation_anchor": {
        "category": "Fact",
        "assertion_logic": "Verify that the final calculated {pnl_metrics} match the exact numerical results produced by the Golden Solver."
      }
    },
    "data_profile": {
      "pnl_metrics": [
        "Total Net Revenue",
        "Total Expenses",
        "Net Income (Loss)"
      ]
    }
  },
  {
    "skill_id": "format_pnl_report",
    "skill_name": "Format P&L Report",
    "node_type": "global",
    "sandbox_role": "Global_Constraint",
    "keywords": [
      "Format",
      "Report",
      "Currency",
      "Decimals"
    ],
    "ports": {
      "requires": [
        "Dataset:FinalPnLMetrics"
      ],
      "provides": [
        "Dataset:FormattedPnLReport"
      ]
    },
    "semantics": {
      "intents": [
        "Format the report with {formatting_rules}."
      ],
      "evaluation_anchor": {
        "category": "Compliance",
        "assertion_logic": "Assert that the final output file strictly adheres to the {formatting_rules}."
      }
    },
    "data_profile": {
      "formatting_rules": [
        "USD currency symbols",
        "aligned decimals",
        "bolded headers"
      ]
    }
  },
  {
    "skill_id": "add_report_header",
    "skill_name": "Add Report Header",
    "node_type": "global",
    "sandbox_role": "Global_Constraint",
    "keywords": [
      "Add",
      "Header",
      "Title",
      "Report"
    ],
    "ports": {
      "requires": [
        "Dataset:FormattedPnLReport"
      ],
      "provides": [
        "Dataset:FinalTitledReport"
      ]
    },
    "semantics": {
      "intents": [
        "Add the header '{report_title}' to the report."
      ],
      "evaluation_anchor": {
        "category": "Compliance",
        "assertion_logic": "Assert that the final report contains the exact string '{report_title}' in its header."
      }
    },
    "data_profile": {
      "report_title": "2024 Fall Music Tour P&L - As of 12/31/2024"
    }
  },
  {
    "skill_id": "export_excel_report",
    "skill_name": "Export Excel Report",
    "node_type": "export",
    "sandbox_role": "Solver",
    "keywords": [
      "Export",
      "Excel",
      "Consolidated",
      "P&L"
    ],
    "ports": {
      "requires": [
        "Dataset:FinalTitledReport"
      ],
      "provides": [
        "Deliverable:ExcelReport"
      ]
    },
    "semantics": {
      "intents": [
        "Export the final consolidated P&L report to an Excel document named '{deliverable_file}'."
      ],
      "deliverables": [
        "final_consolidated_pnl.xlsx"
      ],
      "evaluation_anchor": {
        "category": "Compliance",
        "assertion_logic": "Assert file_exists('{deliverable_file}') in the final submission."
      }
    },
    "data_profile": {
      "deliverable_file": "final_consolidated_pnl.xlsx"
    }
  }
]
