
==================== Agent 1 输出 ====================
[
  {
    "action_type": "Base",
    "description": "Load income, costs, and tax withholding data from the provided reference files."
  },
  {
    "action_type": "Trap",
    "description": "Identify missing or blank values in the revenue and expense columns and replace them with zero."
  },
  {
    "action_type": "Mutate",
    "description": "Convert all revenue figures from local currencies to USD."
  },
  {
    "action_type": "Mutate",
    "description": "Group and summarize gross revenue line-by-line by city and country."
  },
  {
    "action_type": "Mutate",
    "description": "Separate the income and costs by source (Tour Manager vs. production company)."
  },
  {
    "action_type": "Mutate",
    "description": "Calculate a total combined column for income and costs across all sources."
  },
  {
    "action_type": "Mutate",
    "description": "Map foreign tax withholding rates to the revenue data based on country (UK: 20%, France: 15%, Spain: 24%, Germany: 15.825%)."
  },
  {
    "action_type": "Mutate",
    "description": "Calculate the withholding tax amount by multiplying the gross revenue by the mapped country tax rate."
  },
  {
    "action_type": "Mutate",
    "description": "Subtract the withholding tax amount from the gross revenue to calculate Net Revenue for each tour stop."
  },
  {
    "action_type": "Mutate",
    "description": "Sum the Net Revenue of all tour stops to calculate Total Net Revenue."
  },
  {
    "action_type": "Mutate",
    "description": "Categorize expense records into Band and Crew, Other Tour Costs, Hotel & Restaurants, and Other Travel Costs."
  },
  {
    "action_type": "Mutate",
    "description": "Sum the categorized expenses to calculate Total Expenses."
  },
  {
    "action_type": "Mutate",
    "description": "Subtract Total Expenses from Total Net Revenue to calculate Net Income."
  },
  {
    "action_type": "Export",
    "description": "Export the final profit and loss summary to a new Excel document with labeled columns, USD currency formatting, and 'As of 12/31/2024' in the header."
  }
]

==================== Agent 2 输出 ====================
[
  {
    "action_type": "Base",
    "description": "Load income, costs, and tax withholding data from the provided reference files.",
    "requires": [],
    "provides": [
      "Financial:RawIncome",
      "Financial:RawCosts",
      "Financial:RawTaxWithholding"
    ]
  },
  {
    "action_type": "Trap",
    "description": "Identify missing or blank values in the revenue and expense columns and replace them with zero.",
    "requires": [
      "Financial:RawIncome",
      "Financial:RawCosts"
    ],
    "provides": [
      "Financial:CleanIncome",
      "Financial:CleanCosts"
    ]
  },
  {
    "action_type": "Mutate",
    "description": "Convert all revenue figures from local currencies to USD.",
    "requires": [
      "Financial:CleanIncome"
    ],
    "provides": [
      "Financial:UsdIncome"
    ]
  },
  {
    "action_type": "Mutate",
    "description": "Group and summarize gross revenue line-by-line by city and country.",
    "requires": [
      "Financial:UsdIncome"
    ],
    "provides": [
      "Financial:SummarizedGrossRevenue",
      "Dimension:Location"
    ]
  },
  {
    "action_type": "Mutate",
    "description": "Separate the income and costs by source (Tour Manager vs. production company).",
    "requires": [
      "Financial:SummarizedGrossRevenue",
      "Financial:CleanCosts"
    ],
    "provides": [
      "Financial:SourceSeparatedIncome",
      "Financial:SourceSeparatedCosts"
    ]
  },
  {
    "action_type": "Mutate",
    "description": "Calculate a total combined column for income and costs across all sources.",
    "requires": [
      "Financial:SourceSeparatedIncome",
      "Financial:SourceSeparatedCosts"
    ],
    "provides": [
      "Financial:TotalCombinedIncome",
      "Financial:TotalCombinedCosts"
    ]
  },
  {
    "action_type": "Mutate",
    "description": "Map foreign tax withholding rates to the revenue data based on country (UK: 20%, France: 15%, Spain: 24%, Germany: 15.825%).",
    "requires": [
      "Financial:TotalCombinedIncome",
      "Dimension:Location",
      "Financial:RawTaxWithholding"
    ],
    "provides": [
      "Financial:RevenueWithTaxRates"
    ]
  },
  {
    "action_type": "Mutate",
    "description": "Calculate the withholding tax amount by multiplying the gross revenue by the mapped country tax rate.",
    "requires": [
      "Financial:RevenueWithTaxRates"
    ],
    "provides": [
      "Financial:WithholdingTaxAmount"
    ]
  },
  {
    "action_type": "Mutate",
    "description": "Subtract the withholding tax amount from the gross revenue to calculate Net Revenue for each tour stop.",
    "requires": [
      "Financial:RevenueWithTaxRates",
      "Financial:WithholdingTaxAmount"
    ],
    "provides": [
      "Financial:TourStopNetRevenue"
    ]
  },
  {
    "action_type": "Mutate",
    "description": "Sum the Net Revenue of all tour stops to calculate Total Net Revenue.",
    "requires": [
      "Financial:TourStopNetRevenue"
    ],
    "provides": [
      "Financial:TotalNetRevenue"
    ]
  },
  {
    "action_type": "Mutate",
    "description": "Categorize expense records into Band and Crew, Other Tour Costs, Hotel & Restaurants, and Other Travel Costs.",
    "requires": [
      "Financial:TotalCombinedCosts"
    ],
    "provides": [
      "Financial:CategorizedExpenses"
    ]
  },
  {
    "action_type": "Mutate",
    "description": "Sum the categorized expenses to calculate Total Expenses.",
    "requires": [
      "Financial:CategorizedExpenses"
    ],
    "provides": [
      "Financial:TotalExpenses"
    ]
  },
  {
    "action_type": "Mutate",
    "description": "Subtract Total Expenses from Total Net Revenue to calculate Net Income.",
    "requires": [
      "Financial:TotalNetRevenue",
      "Financial:TotalExpenses"
    ],
    "provides": [
      "Financial:NetIncome"
    ]
  },
  {
    "action_type": "Export",
    "description": "Export the final profit and loss summary to a new Excel document with labeled columns, USD currency formatting, and 'As of 12/31/2024' in the header.",
    "requires": [
      "Financial:NetIncome",
      "Financial:TotalNetRevenue",
      "Financial:TotalExpenses"
    ],
    "provides": [
      "Deliverable:ProfitAndLossSummary"
    ]
  }
]

==================== Agent 3 输出 ====================
[
  {
    "skill_id": "load_financial_data",
    "skill_name": "Load Financial Data",
    "node_type": "base",
    "keywords": [
      "Load",
      "Income",
      "Costs",
      "Tax"
    ],
    "ports": {
      "requires": [],
      "provides": [
        "Financial:RawIncome",
        "Financial:RawCosts",
        "Financial:RawTaxWithholding",
        "Identifier:IncomeTransaction",
        "Dimension:IncomeDate",
        "Dimension:IncomeCity",
        "Dimension:IncomeCountry",
        "Financial:IncomeCurrency",
        "Dimension:IncomeSource",
        "Identifier:CostTransaction",
        "Dimension:CostDate",
        "Dimension:ExpenseCategory",
        "Dimension:CostSource",
        "Dimension:TaxCountry"
      ]
    },
    "semantics": {
      "intents": [
        "Load income, costs, and tax withholding data from the provided reference files {income_file}, {costs_file}, and {tax_file}.",
        "Export the final result to the file specified in deliverables."
      ],
      "deliverables": [
        "loaded_financial_data.xlsx"
      ]
    },
    "data_params": {
      "income_file": "income_data.xlsx",
      "costs_file": "costs_data.xlsx",
      "tax_file": "tax_rates.xlsx",
      "suggested_row_counts": {
        "income_data.xlsx": 200,
        "costs_data.xlsx": 300,
        "tax_rates.xlsx": 10
      },
      "schemas": {
        "income_data.xlsx": [
          {
            "name": "Transaction_ID",
            "generator_type": "id"
          },
          {
            "name": "Date",
            "generator_type": "categorical",
            "kwargs": {
              "categories": [
                "2024-10-01",
                "2024-10-15",
                "2024-11-01"
              ]
            }
          },
          {
            "name": "City",
            "generator_type": "categorical",
            "kwargs": {
              "categories": [
                "London",
                "Paris",
                "Berlin",
                "Madrid"
              ]
            }
          },
          {
            "name": "Country",
            "generator_type": "categorical",
            "kwargs": {
              "categories": [
                "UK",
                "France",
                "Germany",
                "Spain"
              ]
            }
          },
          {
            "name": "Currency",
            "generator_type": "categorical",
            "kwargs": {
              "categories": [
                "GBP",
                "EUR"
              ]
            }
          },
          {
            "name": "Source",
            "generator_type": "categorical",
            "kwargs": {
              "categories": [
                "Tour Manager",
                "Production Company"
              ]
            }
          },
          {
            "name": "Revenue",
            "generator_type": "uniform",
            "kwargs": {
              "min": 1000,
              "max": 50000
            }
          }
        ],
        "costs_data.xlsx": [
          {
            "name": "Cost_ID",
            "generator_type": "id"
          },
          {
            "name": "Date",
            "generator_type": "categorical",
            "kwargs": {
              "categories": [
                "2024-10-01",
                "2024-10-15",
                "2024-11-01"
              ]
            }
          },
          {
            "name": "Expense_Category",
            "generator_type": "categorical",
            "kwargs": {
              "categories": [
                "Band and Crew",
                "Other Tour Costs",
                "Hotel & Restaurants",
                "Other Travel Costs"
              ]
            }
          },
          {
            "name": "Source",
            "generator_type": "categorical",
            "kwargs": {
              "categories": [
                "Tour Manager",
                "Production Company"
              ]
            }
          },
          {
            "name": "Cost",
            "generator_type": "uniform",
            "kwargs": {
              "min": 500,
              "max": 20000
            }
          }
        ],
        "tax_rates.xlsx": [
          {
            "name": "Country",
            "generator_type": "categorical",
            "kwargs": {
              "categories": [
                "UK",
                "France",
                "Germany",
                "Spain"
              ]
            }
          },
          {
            "name": "Tax_Rate",
            "generator_type": "categorical",
            "kwargs": {
              "categories": [
                0.2,
                0.15,
                0.15825,
                0.24
              ]
            }
          }
        ]
      },
      "port_to_column_mapping": {
        "Identifier:IncomeTransaction": {
          "table": "income_data.xlsx",
          "column": "Transaction_ID"
        },
        "Dimension:IncomeDate": {
          "table": "income_data.xlsx",
          "column": "Date"
        },
        "Dimension:IncomeCity": {
          "table": "income_data.xlsx",
          "column": "City"
        },
        "Dimension:IncomeCountry": {
          "table": "income_data.xlsx",
          "column": "Country"
        },
        "Financial:IncomeCurrency": {
          "table": "income_data.xlsx",
          "column": "Currency"
        },
        "Dimension:IncomeSource": {
          "table": "income_data.xlsx",
          "column": "Source"
        },
        "Financial:RawIncome": {
          "table": "income_data.xlsx",
          "column": "Revenue"
        },
        "Identifier:CostTransaction": {
          "table": "costs_data.xlsx",
          "column": "Cost_ID"
        },
        "Dimension:CostDate": {
          "table": "costs_data.xlsx",
          "column": "Date"
        },
        "Dimension:ExpenseCategory": {
          "table": "costs_data.xlsx",
          "column": "Expense_Category"
        },
        "Dimension:CostSource": {
          "table": "costs_data.xlsx",
          "column": "Source"
        },
        "Financial:RawCosts": {
          "table": "costs_data.xlsx",
          "column": "Cost"
        },
        "Dimension:TaxCountry": {
          "table": "tax_rates.xlsx",
          "column": "Country"
        },
        "Financial:RawTaxWithholding": {
          "table": "tax_rates.xlsx",
          "column": "Tax_Rate"
        }
      }
    }
  },
  {
    "skill_id": "handle_missing_values",
    "skill_name": "Handle Missing Values",
    "node_type": "trap",
    "keywords": [
      "Missing",
      "Blank",
      "Replace",
      "Zero"
    ],
    "ports": {
      "requires": [
        "Financial:RawIncome",
        "Financial:RawCosts"
      ],
      "provides": [
        "Financial:CleanIncome",
        "Financial:CleanCosts"
      ]
    },
    "semantics": {
      "intents": [
        "Identify missing or blank values in the revenue and expense columns that need to be addressed and replaced with {replacement_value}."
      ]
    },
    "data_params": {
      "replacement_value": 0
    }
  },
  {
    "skill_id": "convert_currency",
    "skill_name": "Convert Currency",
    "node_type": "mutate",
    "keywords": [
      "Convert",
      "Currency",
      "USD"
    ],
    "ports": {
      "requires": [
        "Financial:CleanIncome"
      ],
      "provides": [
        "Financial:UsdIncome"
      ]
    },
    "semantics": {
      "intents": [
        "Convert all revenue figures from local currencies to {target_currency}."
      ]
    },
    "data_params": {
      "target_currency": "USD"
    }
  },
  {
    "skill_id": "summarize_gross_revenue",
    "skill_name": "Summarize Gross Revenue",
    "node_type": "mutate",
    "keywords": [
      "Group",
      "Summarize",
      "Gross Revenue",
      "City",
      "Country"
    ],
    "ports": {
      "requires": [
        "Financial:UsdIncome"
      ],
      "provides": [
        "Financial:SummarizedGrossRevenue",
        "Dimension:Location"
      ]
    },
    "semantics": {
      "intents": [
        "Group and summarize gross revenue line-by-line by {grouping_columns}."
      ]
    },
    "data_params": {
      "grouping_columns": [
        "City",
        "Country"
      ]
    }
  },
  {
    "skill_id": "separate_by_source",
    "skill_name": "Separate By Source",
    "node_type": "mutate",
    "keywords": [
      "Separate",
      "Income",
      "Costs",
      "Source"
    ],
    "ports": {
      "requires": [
        "Financial:SummarizedGrossRevenue",
        "Financial:CleanCosts"
      ],
      "provides": [
        "Financial:SourceSeparatedIncome",
        "Financial:SourceSeparatedCosts"
      ]
    },
    "semantics": {
      "intents": [
        "Separate the income and costs by source ({source_1} vs. {source_2})."
      ]
    },
    "data_params": {
      "source_1": "Tour Manager",
      "source_2": "Production Company"
    }
  },
  {
    "skill_id": "calculate_total_combined",
    "skill_name": "Calculate Total Combined",
    "node_type": "mutate",
    "keywords": [
      "Calculate",
      "Total",
      "Combined",
      "Income",
      "Costs"
    ],
    "ports": {
      "requires": [
        "Financial:SourceSeparatedIncome",
        "Financial:SourceSeparatedCosts"
      ],
      "provides": [
        "Financial:TotalCombinedIncome",
        "Financial:TotalCombinedCosts"
      ]
    },
    "semantics": {
      "intents": [
        "Calculate a total combined column for income and costs across all sources."
      ]
    },
    "data_params": {}
  },
  {
    "skill_id": "map_tax_rates",
    "skill_name": "Map Tax Rates",
    "node_type": "mutate",
    "keywords": [
      "Map",
      "Tax",
      "Withholding",
      "Rates",
      "Country"
    ],
    "ports": {
      "requires": [
        "Financial:TotalCombinedIncome",
        "Dimension:Location",
        "Financial:RawTaxWithholding"
      ],
      "provides": [
        "Financial:RevenueWithTaxRates"
      ]
    },
    "semantics": {
      "intents": [
        "Map foreign tax withholding rates to the revenue data based on country using the provided {tax_mapping}."
      ]
    },
    "data_params": {
      "tax_mapping": {
        "UK": "20%",
        "France": "15%",
        "Spain": "24%",
        "Germany": "15.825%"
      }
    }
  },
  {
    "skill_id": "calculate_withholding_tax",
    "skill_name": "Calculate Withholding Tax",
    "node_type": "mutate",
    "keywords": [
      "Calculate",
      "Withholding",
      "Tax",
      "Amount"
    ],
    "ports": {
      "requires": [
        "Financial:RevenueWithTaxRates"
      ],
      "provides": [
        "Financial:WithholdingTaxAmount"
      ]
    },
    "semantics": {
      "intents": [
        "Calculate the withholding tax amount by multiplying the gross revenue by the mapped country tax rate."
      ]
    },
    "data_params": {}
  },
  {
    "skill_id": "calculate_net_revenue",
    "skill_name": "Calculate Net Revenue",
    "node_type": "mutate",
    "keywords": [
      "Subtract",
      "Withholding",
      "Tax",
      "Net Revenue"
    ],
    "ports": {
      "requires": [
        "Financial:RevenueWithTaxRates",
        "Financial:WithholdingTaxAmount"
      ],
      "provides": [
        "Financial:TourStopNetRevenue"
      ]
    },
    "semantics": {
      "intents": [
        "Subtract the withholding tax amount from the gross revenue to calculate Net Revenue for each tour stop."
      ]
    },
    "data_params": {}
  },
  {
    "skill_id": "calculate_total_net_revenue",
    "skill_name": "Calculate Total Net Revenue",
    "node_type": "mutate",
    "keywords": [
      "Sum",
      "Net Revenue",
      "Total"
    ],
    "ports": {
      "requires": [
        "Financial:TourStopNetRevenue"
      ],
      "provides": [
        "Financial:TotalNetRevenue"
      ]
    },
    "semantics": {
      "intents": [
        "Sum the Net Revenue of all tour stops to calculate Total Net Revenue."
      ]
    },
    "data_params": {}
  },
  {
    "skill_id": "categorize_expenses",
    "skill_name": "Categorize Expenses",
    "node_type": "mutate",
    "keywords": [
      "Categorize",
      "Expense",
      "Records"
    ],
    "ports": {
      "requires": [
        "Financial:TotalCombinedCosts"
      ],
      "provides": [
        "Financial:CategorizedExpenses"
      ]
    },
    "semantics": {
      "intents": [
        "Categorize expense records into {expense_categories}."
      ]
    },
    "data_params": {
      "expense_categories": [
        "Band and Crew",
        "Other Tour Costs",
        "Hotel & Restaurants",
        "Other Travel Costs"
      ]
    }
  },
  {
    "skill_id": "calculate_total_expenses",
    "skill_name": "Calculate Total Expenses",
    "node_type": "mutate",
    "keywords": [
      "Sum",
      "Categorized",
      "Expenses",
      "Total"
    ],
    "ports": {
      "requires": [
        "Financial:CategorizedExpenses"
      ],
      "provides": [
        "Financial:TotalExpenses"
      ]
    },
    "semantics": {
      "intents": [
        "Sum the categorized expenses to calculate Total Expenses."
      ]
    },
    "data_params": {}
  },
  {
    "skill_id": "calculate_net_income",
    "skill_name": "Calculate Net Income",
    "node_type": "mutate",
    "keywords": [
      "Subtract",
      "Total Expenses",
      "Net Income"
    ],
    "ports": {
      "requires": [
        "Financial:TotalNetRevenue",
        "Financial:TotalExpenses"
      ],
      "provides": [
        "Financial:NetIncome"
      ]
    },
    "semantics": {
      "intents": [
        "Subtract Total Expenses from Total Net Revenue to calculate Net Income."
      ]
    },
    "data_params": {}
  },
  {
    "skill_id": "export_profit_and_loss",
    "skill_name": "Export Profit and Loss",
    "node_type": "export",
    "keywords": [
      "Export",
      "Profit and Loss",
      "Summary",
      "Excel"
    ],
    "ports": {
      "requires": [
        "Financial:NetIncome",
        "Financial:TotalNetRevenue",
        "Financial:TotalExpenses"
      ],
      "provides": [
        "Deliverable:ProfitAndLossSummary"
      ]
    },
    "semantics": {
      "intents": [
        "Export the final profit and loss summary to a new Excel document with labeled columns, {currency_format} currency formatting, and '{header_text}' in the header."
      ],
      "deliverables": [
        "profit_and_loss_summary.xlsx"
      ]
    },
    "data_params": {
      "currency_format": "USD",
      "header_text": "As of 12/31/2024"
    }
  }
]

==================== Agent 4 输出 ====================
[
  {
    "skill_id": "load_financial_data",
    "skill_name": "Load Financial Data",
    "node_type": "base",
    "operator_class": "MultiTableBaseOperator",
    "keywords": [
      "Load",
      "Income",
      "Costs",
      "Tax"
    ],
    "ports": {
      "requires": [],
      "provides": [
        "Financial:RawIncome",
        "Financial:RawCosts",
        "Financial:RawTaxWithholding",
        "Identifier:IncomeTransaction",
        "Dimension:IncomeDate",
        "Dimension:IncomeCity",
        "Dimension:IncomeCountry",
        "Financial:IncomeCurrency",
        "Dimension:IncomeSource",
        "Identifier:CostTransaction",
        "Dimension:CostDate",
        "Dimension:ExpenseCategory",
        "Dimension:CostSource",
        "Dimension:TaxCountry"
      ]
    },
    "semantics": {
      "intents": [
        "Load income, costs, and tax withholding data from the provided reference files {income_file}, {costs_file}, and {tax_file}.",
        "Export the final result to the file specified in deliverables."
      ],
      "deliverables": [
        "loaded_financial_data.xlsx"
      ]
    },
    "data_params": {
      "income_file": "income_data.xlsx",
      "costs_file": "costs_data.xlsx",
      "tax_file": "tax_rates.xlsx",
      "suggested_row_counts": {
        "income_data.xlsx": 200,
        "costs_data.xlsx": 300,
        "tax_rates.xlsx": 10
      },
      "schemas": {
        "income_data.xlsx": [
          {
            "name": "Transaction_ID",
            "generator_type": "id"
          },
          {
            "name": "Date",
            "generator_type": "categorical",
            "kwargs": {
              "categories": [
                "2024-10-01",
                "2024-10-15",
                "2024-11-01"
              ]
            }
          },
          {
            "name": "City",
            "generator_type": "categorical",
            "kwargs": {
              "categories": [
                "London",
                "Paris",
                "Berlin",
                "Madrid"
              ]
            }
          },
          {
            "name": "Country",
            "generator_type": "categorical",
            "kwargs": {
              "categories": [
                "UK",
                "France",
                "Germany",
                "Spain"
              ]
            }
          },
          {
            "name": "Currency",
            "generator_type": "categorical",
            "kwargs": {
              "categories": [
                "GBP",
                "EUR"
              ]
            }
          },
          {
            "name": "Source",
            "generator_type": "categorical",
            "kwargs": {
              "categories": [
                "Tour Manager",
                "Production Company"
              ]
            }
          },
          {
            "name": "Revenue",
            "generator_type": "uniform",
            "kwargs": {
              "min": 1000,
              "max": 50000
            }
          }
        ],
        "costs_data.xlsx": [
          {
            "name": "Cost_ID",
            "generator_type": "id"
          },
          {
            "name": "Date",
            "generator_type": "categorical",
            "kwargs": {
              "categories": [
                "2024-10-01",
                "2024-10-15",
                "2024-11-01"
              ]
            }
          },
          {
            "name": "Expense_Category",
            "generator_type": "categorical",
            "kwargs": {
              "categories": [
                "Band and Crew",
                "Other Tour Costs",
                "Hotel & Restaurants",
                "Other Travel Costs"
              ]
            }
          },
          {
            "name": "Source",
            "generator_type": "categorical",
            "kwargs": {
              "categories": [
                "Tour Manager",
                "Production Company"
              ]
            }
          },
          {
            "name": "Cost",
            "generator_type": "uniform",
            "kwargs": {
              "min": 500,
              "max": 20000
            }
          }
        ],
        "tax_rates.xlsx": [
          {
            "name": "Country",
            "generator_type": "categorical",
            "kwargs": {
              "categories": [
                "UK",
                "France",
                "Germany",
                "Spain"
              ]
            }
          },
          {
            "name": "Tax_Rate",
            "generator_type": "categorical",
            "kwargs": {
              "categories": [
                0.2,
                0.15,
                0.15825,
                0.24
              ]
            }
          }
        ]
      },
      "port_to_column_mapping": {
        "Identifier:IncomeTransaction": {
          "table": "income_data.xlsx",
          "column": "Transaction_ID"
        },
        "Dimension:IncomeDate": {
          "table": "income_data.xlsx",
          "column": "Date"
        },
        "Dimension:IncomeCity": {
          "table": "income_data.xlsx",
          "column": "City"
        },
        "Dimension:IncomeCountry": {
          "table": "income_data.xlsx",
          "column": "Country"
        },
        "Financial:IncomeCurrency": {
          "table": "income_data.xlsx",
          "column": "Currency"
        },
        "Dimension:IncomeSource": {
          "table": "income_data.xlsx",
          "column": "Source"
        },
        "Financial:RawIncome": {
          "table": "income_data.xlsx",
          "column": "Revenue"
        },
        "Identifier:CostTransaction": {
          "table": "costs_data.xlsx",
          "column": "Cost_ID"
        },
        "Dimension:CostDate": {
          "table": "costs_data.xlsx",
          "column": "Date"
        },
        "Dimension:ExpenseCategory": {
          "table": "costs_data.xlsx",
          "column": "Expense_Category"
        },
        "Dimension:CostSource": {
          "table": "costs_data.xlsx",
          "column": "Source"
        },
        "Financial:RawCosts": {
          "table": "costs_data.xlsx",
          "column": "Cost"
        },
        "Dimension:TaxCountry": {
          "table": "tax_rates.xlsx",
          "column": "Country"
        },
        "Financial:RawTaxWithholding": {
          "table": "tax_rates.xlsx",
          "column": "Tax_Rate"
        }
      }
    }
  },
  {
    "skill_id": "handle_missing_values",
    "skill_name": "Handle Missing Values",
    "node_type": "trap",
    "operator_class": "MultiColumnPerturbationOperator",
    "keywords": [
      "Missing",
      "Blank",
      "Replace",
      "Zero"
    ],
    "ports": {
      "requires": [
        "Financial:RawIncome",
        "Financial:RawCosts"
      ],
      "provides": [
        "Financial:CleanIncome",
        "Financial:CleanCosts"
      ]
    },
    "semantics": {
      "intents": [
        "Identify missing or blank values in the revenue and expense columns that need to be addressed and replaced with {replacement_value}."
      ]
    },
    "data_params": {
      "replacement_value": 0,
      "trap_count": 5,
      "perturbation_mode": "to_null"
    }
  },
  {
    "skill_id": "convert_currency",
    "skill_name": "Convert Currency",
    "node_type": "mutate",
    "operator_class": "PhantomTaskOperator",
    "keywords": [
      "Convert",
      "Currency",
      "USD"
    ],
    "ports": {
      "requires": [
        "Financial:CleanIncome"
      ],
      "provides": [
        "Financial:UsdIncome"
      ]
    },
    "semantics": {
      "intents": [
        "Convert all revenue figures from local currencies to {target_currency}."
      ]
    },
    "data_params": {
      "target_currency": "USD"
    }
  },
  {
    "skill_id": "summarize_gross_revenue",
    "skill_name": "Summarize Gross Revenue",
    "node_type": "mutate",
    "operator_class": "PhantomTaskOperator",
    "keywords": [
      "Group",
      "Summarize",
      "Gross Revenue",
      "City",
      "Country"
    ],
    "ports": {
      "requires": [
        "Financial:UsdIncome"
      ],
      "provides": [
        "Financial:SummarizedGrossRevenue",
        "Dimension:Location"
      ]
    },
    "semantics": {
      "intents": [
        "Group and summarize gross revenue line-by-line by {grouping_columns}."
      ]
    },
    "data_params": {
      "grouping_columns": [
        "City",
        "Country"
      ]
    }
  },
  {
    "skill_id": "separate_by_source",
    "skill_name": "Separate By Source",
    "node_type": "mutate",
    "operator_class": "PhantomTaskOperator",
    "keywords": [
      "Separate",
      "Income",
      "Costs",
      "Source"
    ],
    "ports": {
      "requires": [
        "Financial:SummarizedGrossRevenue",
        "Financial:CleanCosts"
      ],
      "provides": [
        "Financial:SourceSeparatedIncome",
        "Financial:SourceSeparatedCosts"
      ]
    },
    "semantics": {
      "intents": [
        "Separate the income and costs by source ({source_1} vs. {source_2})."
      ]
    },
    "data_params": {
      "source_1": "Tour Manager",
      "source_2": "Production Company"
    }
  },
  {
    "skill_id": "calculate_total_combined",
    "skill_name": "Calculate Total Combined",
    "node_type": "mutate",
    "operator_class": "PhantomTaskOperator",
    "keywords": [
      "Calculate",
      "Total",
      "Combined",
      "Income",
      "Costs"
    ],
    "ports": {
      "requires": [
        "Financial:SourceSeparatedIncome",
        "Financial:SourceSeparatedCosts"
      ],
      "provides": [
        "Financial:TotalCombinedIncome",
        "Financial:TotalCombinedCosts"
      ]
    },
    "semantics": {
      "intents": [
        "Calculate a total combined column for income and costs across all sources."
      ]
    },
    "data_params": {}
  },
  {
    "skill_id": "map_tax_rates",
    "skill_name": "Map Tax Rates",
    "node_type": "mutate",
    "operator_class": "PhantomTaskOperator",
    "keywords": [
      "Map",
      "Tax",
      "Withholding",
      "Rates",
      "Country"
    ],
    "ports": {
      "requires": [
        "Financial:TotalCombinedIncome",
        "Dimension:Location",
        "Financial:RawTaxWithholding"
      ],
      "provides": [
        "Financial:RevenueWithTaxRates"
      ]
    },
    "semantics": {
      "intents": [
        "Map foreign tax withholding rates to the revenue data based on country using the provided {tax_mapping}."
      ]
    },
    "data_params": {
      "tax_mapping": {
        "UK": "20%",
        "France": "15%",
        "Spain": "24%",
        "Germany": "15.825%"
      }
    }
  },
  {
    "skill_id": "calculate_withholding_tax",
    "skill_name": "Calculate Withholding Tax",
    "node_type": "mutate",
    "operator_class": "PhantomTaskOperator",
    "keywords": [
      "Calculate",
      "Withholding",
      "Tax",
      "Amount"
    ],
    "ports": {
      "requires": [
        "Financial:RevenueWithTaxRates"
      ],
      "provides": [
        "Financial:WithholdingTaxAmount"
      ]
    },
    "semantics": {
      "intents": [
        "Calculate the withholding tax amount by multiplying the gross revenue by the mapped country tax rate."
      ]
    },
    "data_params": {}
  },
  {
    "skill_id": "calculate_net_revenue",
    "skill_name": "Calculate Net Revenue",
    "node_type": "mutate",
    "operator_class": "PhantomTaskOperator",
    "keywords": [
      "Subtract",
      "Withholding",
      "Tax",
      "Net Revenue"
    ],
    "ports": {
      "requires": [
        "Financial:RevenueWithTaxRates",
        "Financial:WithholdingTaxAmount"
      ],
      "provides": [
        "Financial:TourStopNetRevenue"
      ]
    },
    "semantics": {
      "intents": [
        "Subtract the withholding tax amount from the gross revenue to calculate Net Revenue for each tour stop."
      ]
    },
    "data_params": {}
  },
  {
    "skill_id": "calculate_total_net_revenue",
    "skill_name": "Calculate Total Net Revenue",
    "node_type": "mutate",
    "operator_class": "PhantomTaskOperator",
    "keywords": [
      "Sum",
      "Net Revenue",
      "Total"
    ],
    "ports": {
      "requires": [
        "Financial:TourStopNetRevenue"
      ],
      "provides": [
        "Financial:TotalNetRevenue"
      ]
    },
    "semantics": {
      "intents": [
        "Sum the Net Revenue of all tour stops to calculate Total Net Revenue."
      ]
    },
    "data_params": {}
  },
  {
    "skill_id": "categorize_expenses",
    "skill_name": "Categorize Expenses",
    "node_type": "mutate",
    "operator_class": "PhantomTaskOperator",
    "keywords": [
      "Categorize",
      "Expense",
      "Records"
    ],
    "ports": {
      "requires": [
        "Financial:TotalCombinedCosts"
      ],
      "provides": [
        "Financial:CategorizedExpenses"
      ]
    },
    "semantics": {
      "intents": [
        "Categorize expense records into {expense_categories}."
      ]
    },
    "data_params": {
      "expense_categories": [
        "Band and Crew",
        "Other Tour Costs",
        "Hotel & Restaurants",
        "Other Travel Costs"
      ]
    }
  },
  {
    "skill_id": "calculate_total_expenses",
    "skill_name": "Calculate Total Expenses",
    "node_type": "mutate",
    "operator_class": "PhantomTaskOperator",
    "keywords": [
      "Sum",
      "Categorized",
      "Expenses",
      "Total"
    ],
    "ports": {
      "requires": [
        "Financial:CategorizedExpenses"
      ],
      "provides": [
        "Financial:TotalExpenses"
      ]
    },
    "semantics": {
      "intents": [
        "Sum the categorized expenses to calculate Total Expenses."
      ]
    },
    "data_params": {}
  },
  {
    "skill_id": "calculate_net_income",
    "skill_name": "Calculate Net Income",
    "node_type": "mutate",
    "operator_class": "PhantomTaskOperator",
    "keywords": [
      "Subtract",
      "Total Expenses",
      "Net Income"
    ],
    "ports": {
      "requires": [
        "Financial:TotalNetRevenue",
        "Financial:TotalExpenses"
      ],
      "provides": [
        "Financial:NetIncome"
      ]
    },
    "semantics": {
      "intents": [
        "Subtract Total Expenses from Total Net Revenue to calculate Net Income."
      ]
    },
    "data_params": {}
  },
  {
    "skill_id": "export_profit_and_loss",
    "skill_name": "Export Profit and Loss",
    "node_type": "export",
    "operator_class": "PhantomTaskOperator",
    "keywords": [
      "Export",
      "Profit and Loss",
      "Summary",
      "Excel"
    ],
    "ports": {
      "requires": [
        "Financial:NetIncome",
        "Financial:TotalNetRevenue",
        "Financial:TotalExpenses"
      ],
      "provides": [
        "Deliverable:ProfitAndLossSummary"
      ]
    },
    "semantics": {
      "intents": [
        "Export the final profit and loss summary to a new Excel document with labeled columns, {currency_format} currency formatting, and '{header_text}' in the header."
      ],
      "deliverables": [
        "profit_and_loss_summary.xlsx"
      ]
    },
    "data_params": {
      "currency_format": "USD",
      "header_text": "As of 12/31/2024"
    }
  }
]

==================== Agent 5 输出 ====================
[
  {
    "skill_id": "load_financial_data",
    "skill_name": "Load Financial Data",
    "node_type": "base",
    "operator_class": "MultiTableBaseOperator",
    "keywords": [
      "Load",
      "Income",
      "Costs",
      "Tax"
    ],
    "ports": {
      "requires": [],
      "provides": [
        "Financial:RawIncome",
        "Financial:RawCosts",
        "Financial:RawTaxWithholding",
        "Identifier:IncomeTransaction",
        "Dimension:IncomeDate",
        "Dimension:IncomeCity",
        "Dimension:IncomeCountry",
        "Financial:IncomeCurrency",
        "Dimension:IncomeSource",
        "Identifier:CostTransaction",
        "Dimension:CostDate",
        "Dimension:ExpenseCategory",
        "Dimension:CostSource",
        "Dimension:TaxCountry"
      ]
    },
    "semantics": {
      "intents": [
        "Load income, costs, and tax withholding data from the provided reference files {income_file}, {costs_file}, and {tax_file}.",
        "Export the final result to the file specified in deliverables."
      ],
      "deliverables": [
        "loaded_financial_data.xlsx"
      ],
      "rubrics": [
        "The final deliverable is successfully generated and named {deliverables}.",
        "The final deliverable contains consolidated data originating from the {income_file}, {costs_file}, and {tax_file} reference files."
      ]
    },
    "data_params": {
      "income_file": "income_data.xlsx",
      "costs_file": "costs_data.xlsx",
      "tax_file": "tax_rates.xlsx",
      "suggested_row_counts": {
        "income_data.xlsx": 200,
        "costs_data.xlsx": 300,
        "tax_rates.xlsx": 10
      },
      "schemas": {
        "income_data.xlsx": [
          {
            "name": "Transaction_ID",
            "generator_type": "id"
          },
          {
            "name": "Date",
            "generator_type": "categorical",
            "kwargs": {
              "categories": [
                "2024-10-01",
                "2024-10-15",
                "2024-11-01"
              ]
            }
          },
          {
            "name": "City",
            "generator_type": "categorical",
            "kwargs": {
              "categories": [
                "London",
                "Paris",
                "Berlin",
                "Madrid"
              ]
            }
          },
          {
            "name": "Country",
            "generator_type": "categorical",
            "kwargs": {
              "categories": [
                "UK",
                "France",
                "Germany",
                "Spain"
              ]
            }
          },
          {
            "name": "Currency",
            "generator_type": "categorical",
            "kwargs": {
              "categories": [
                "GBP",
                "EUR"
              ]
            }
          },
          {
            "name": "Source",
            "generator_type": "categorical",
            "kwargs": {
              "categories": [
                "Tour Manager",
                "Production Company"
              ]
            }
          },
          {
            "name": "Revenue",
            "generator_type": "uniform",
            "kwargs": {
              "min": 1000,
              "max": 50000
            }
          }
        ],
        "costs_data.xlsx": [
          {
            "name": "Cost_ID",
            "generator_type": "id"
          },
          {
            "name": "Date",
            "generator_type": "categorical",
            "kwargs": {
              "categories": [
                "2024-10-01",
                "2024-10-15",
                "2024-11-01"
              ]
            }
          },
          {
            "name": "Expense_Category",
            "generator_type": "categorical",
            "kwargs": {
              "categories": [
                "Band and Crew",
                "Other Tour Costs",
                "Hotel & Restaurants",
                "Other Travel Costs"
              ]
            }
          },
          {
            "name": "Source",
            "generator_type": "categorical",
            "kwargs": {
              "categories": [
                "Tour Manager",
                "Production Company"
              ]
            }
          },
          {
            "name": "Cost",
            "generator_type": "uniform",
            "kwargs": {
              "min": 500,
              "max": 20000
            }
          }
        ],
        "tax_rates.xlsx": [
          {
            "name": "Country",
            "generator_type": "categorical",
            "kwargs": {
              "categories": [
                "UK",
                "France",
                "Germany",
                "Spain"
              ]
            }
          },
          {
            "name": "Tax_Rate",
            "generator_type": "categorical",
            "kwargs": {
              "categories": [
                0.2,
                0.15,
                0.15825,
                0.24
              ]
            }
          }
        ]
      },
      "port_to_column_mapping": {
        "Identifier:IncomeTransaction": {
          "table": "income_data.xlsx",
          "column": "Transaction_ID"
        },
        "Dimension:IncomeDate": {
          "table": "income_data.xlsx",
          "column": "Date"
        },
        "Dimension:IncomeCity": {
          "table": "income_data.xlsx",
          "column": "City"
        },
        "Dimension:IncomeCountry": {
          "table": "income_data.xlsx",
          "column": "Country"
        },
        "Financial:IncomeCurrency": {
          "table": "income_data.xlsx",
          "column": "Currency"
        },
        "Dimension:IncomeSource": {
          "table": "income_data.xlsx",
          "column": "Source"
        },
        "Financial:RawIncome": {
          "table": "income_data.xlsx",
          "column": "Revenue"
        },
        "Identifier:CostTransaction": {
          "table": "costs_data.xlsx",
          "column": "Cost_ID"
        },
        "Dimension:CostDate": {
          "table": "costs_data.xlsx",
          "column": "Date"
        },
        "Dimension:ExpenseCategory": {
          "table": "costs_data.xlsx",
          "column": "Expense_Category"
        },
        "Dimension:CostSource": {
          "table": "costs_data.xlsx",
          "column": "Source"
        },
        "Financial:RawCosts": {
          "table": "costs_data.xlsx",
          "column": "Cost"
        },
        "Dimension:TaxCountry": {
          "table": "tax_rates.xlsx",
          "column": "Country"
        },
        "Financial:RawTaxWithholding": {
          "table": "tax_rates.xlsx",
          "column": "Tax_Rate"
        }
      }
    }
  },
  {
    "skill_id": "handle_missing_values",
    "skill_name": "Handle Missing Values",
    "node_type": "trap",
    "operator_class": "MultiColumnPerturbationOperator",
    "keywords": [
      "Missing",
      "Blank",
      "Replace",
      "Zero"
    ],
    "ports": {
      "requires": [
        "Financial:RawIncome",
        "Financial:RawCosts"
      ],
      "provides": [
        "Financial:CleanIncome",
        "Financial:CleanCosts"
      ]
    },
    "semantics": {
      "intents": [
        "Identify missing or blank values in the revenue and expense columns that need to be addressed and replaced with {replacement_value}."
      ],
      "rubrics": [
        "In accordance with industry standards for financial data integrity, verify that any missing or blank values in the revenue and expense columns have been gracefully handled and replaced with {replacement_value}."
      ]
    },
    "data_params": {
      "replacement_value": 0,
      "trap_count": 5,
      "perturbation_mode": "to_null"
    }
  },
  {
    "skill_id": "convert_currency",
    "skill_name": "Convert Currency",
    "node_type": "mutate",
    "operator_class": "PhantomTaskOperator",
    "keywords": [
      "Convert",
      "Currency",
      "USD"
    ],
    "ports": {
      "requires": [
        "Financial:CleanIncome"
      ],
      "provides": [
        "Financial:UsdIncome"
      ]
    },
    "semantics": {
      "intents": [
        "Convert all revenue figures from local currencies to {target_currency}."
      ],
      "rubrics": [
        "Verify that all revenue figures in the final deliverable have been accurately converted to {target_currency}."
      ]
    },
    "data_params": {
      "target_currency": "USD"
    }
  },
  {
    "skill_id": "summarize_gross_revenue",
    "skill_name": "Summarize Gross Revenue",
    "node_type": "mutate",
    "operator_class": "PhantomTaskOperator",
    "keywords": [
      "Group",
      "Summarize",
      "Gross Revenue",
      "City",
      "Country"
    ],
    "ports": {
      "requires": [
        "Financial:UsdIncome"
      ],
      "provides": [
        "Financial:SummarizedGrossRevenue",
        "Dimension:Location"
      ]
    },
    "semantics": {
      "intents": [
        "Group and summarize gross revenue line-by-line by {grouping_columns}."
      ],
      "rubrics": [
        "Verify that the gross revenue in the final deliverable is correctly grouped and summarized line-by-line by the {grouping_columns}."
      ]
    },
    "data_params": {
      "grouping_columns": [
        "City",
        "Country"
      ]
    }
  },
  {
    "skill_id": "separate_by_source",
    "skill_name": "Separate By Source",
    "node_type": "mutate",
    "operator_class": "PhantomTaskOperator",
    "keywords": [
      "Separate",
      "Income",
      "Costs",
      "Source"
    ],
    "ports": {
      "requires": [
        "Financial:SummarizedGrossRevenue",
        "Financial:CleanCosts"
      ],
      "provides": [
        "Financial:SourceSeparatedIncome",
        "Financial:SourceSeparatedCosts"
      ]
    },
    "semantics": {
      "intents": [
        "Separate the income and costs by source ({source_1} vs. {source_2})."
      ],
      "rubrics": [
        "Verify that the final deliverable contains distinct columns or sections separating the income and costs associated with {source_1} and {source_2}."
      ]
    },
    "data_params": {
      "source_1": "Tour Manager",
      "source_2": "Production Company"
    }
  },
  {
    "skill_id": "calculate_total_combined",
    "skill_name": "Calculate Total Combined",
    "node_type": "mutate",
    "operator_class": "PhantomTaskOperator",
    "keywords": [
      "Calculate",
      "Total",
      "Combined",
      "Income",
      "Costs"
    ],
    "ports": {
      "requires": [
        "Financial:SourceSeparatedIncome",
        "Financial:SourceSeparatedCosts"
      ],
      "provides": [
        "Financial:TotalCombinedIncome",
        "Financial:TotalCombinedCosts"
      ]
    },
    "semantics": {
      "intents": [
        "Calculate a total combined column for income and costs across all sources."
      ],
      "rubrics": [
        "Verify that the final deliverable includes a mathematically accurate total combined column that aggregates income and costs across all sources."
      ]
    },
    "data_params": {}
  },
  {
    "skill_id": "map_tax_rates",
    "skill_name": "Map Tax Rates",
    "node_type": "mutate",
    "operator_class": "PhantomTaskOperator",
    "keywords": [
      "Map",
      "Tax",
      "Withholding",
      "Rates",
      "Country"
    ],
    "ports": {
      "requires": [
        "Financial:TotalCombinedIncome",
        "Dimension:Location",
        "Financial:RawTaxWithholding"
      ],
      "provides": [
        "Financial:RevenueWithTaxRates"
      ]
    },
    "semantics": {
      "intents": [
        "Map foreign tax withholding rates to the revenue data based on country using the provided {tax_mapping}."
      ],
      "rubrics": [
        "Verify that the foreign tax withholding rates are correctly mapped to the revenue data based on the country, strictly matching the provided {tax_mapping}."
      ]
    },
    "data_params": {
      "tax_mapping": {
        "UK": "20%",
        "France": "15%",
        "Spain": "24%",
        "Germany": "15.825%"
      }
    }
  },
  {
    "skill_id": "calculate_withholding_tax",
    "skill_name": "Calculate Withholding Tax",
    "node_type": "mutate",
    "operator_class": "PhantomTaskOperator",
    "keywords": [
      "Calculate",
      "Withholding",
      "Tax",
      "Amount"
    ],
    "ports": {
      "requires": [
        "Financial:RevenueWithTaxRates"
      ],
      "provides": [
        "Financial:WithholdingTaxAmount"
      ]
    },
    "semantics": {
      "intents": [
        "Calculate the withholding tax amount by multiplying the gross revenue by the mapped country tax rate."
      ],
      "rubrics": [
        "Verify that the withholding tax amount is correctly computed as the product of the gross revenue and the mapped country tax rate."
      ]
    },
    "data_params": {}
  },
  {
    "skill_id": "calculate_net_revenue",
    "skill_name": "Calculate Net Revenue",
    "node_type": "mutate",
    "operator_class": "PhantomTaskOperator",
    "keywords": [
      "Subtract",
      "Withholding",
      "Tax",
      "Net Revenue"
    ],
    "ports": {
      "requires": [
        "Financial:RevenueWithTaxRates",
        "Financial:WithholdingTaxAmount"
      ],
      "provides": [
        "Financial:TourStopNetRevenue"
      ]
    },
    "semantics": {
      "intents": [
        "Subtract the withholding tax amount from the gross revenue to calculate Net Revenue for each tour stop."
      ],
      "rubrics": [
        "Verify that the Net Revenue for each tour stop is correctly calculated as the gross revenue minus the withholding tax amount."
      ]
    },
    "data_params": {}
  },
  {
    "skill_id": "calculate_total_net_revenue",
    "skill_name": "Calculate Total Net Revenue",
    "node_type": "mutate",
    "operator_class": "PhantomTaskOperator",
    "keywords": [
      "Sum",
      "Net Revenue",
      "Total"
    ],
    "ports": {
      "requires": [
        "Financial:TourStopNetRevenue"
      ],
      "provides": [
        "Financial:TotalNetRevenue"
      ]
    },
    "semantics": {
      "intents": [
        "Sum the Net Revenue of all tour stops to calculate Total Net Revenue."
      ],
      "rubrics": [
        "Verify that the Total Net Revenue in the final deliverable is mathematically accurate, representing the sum of the Net Revenue across all tour stops."
      ]
    },
    "data_params": {}
  },
  {
    "skill_id": "categorize_expenses",
    "skill_name": "Categorize Expenses",
    "node_type": "mutate",
    "operator_class": "PhantomTaskOperator",
    "keywords": [
      "Categorize",
      "Expense",
      "Records"
    ],
    "ports": {
      "requires": [
        "Financial:TotalCombinedCosts"
      ],
      "provides": [
        "Financial:CategorizedExpenses"
      ]
    },
    "semantics": {
      "intents": [
        "Categorize expense records into {expense_categories}."
      ],
      "rubrics": [
        "Verify that all expense records in the final deliverable are correctly categorized into the specified {expense_categories}."
      ]
    },
    "data_params": {
      "expense_categories": [
        "Band and Crew",
        "Other Tour Costs",
        "Hotel & Restaurants",
        "Other Travel Costs"
      ]
    }
  },
  {
    "skill_id": "calculate_total_expenses",
    "skill_name": "Calculate Total Expenses",
    "node_type": "mutate",
    "operator_class": "PhantomTaskOperator",
    "keywords": [
      "Sum",
      "Categorized",
      "Expenses",
      "Total"
    ],
    "ports": {
      "requires": [
        "Financial:CategorizedExpenses"
      ],
      "provides": [
        "Financial:TotalExpenses"
      ]
    },
    "semantics": {
      "intents": [
        "Sum the categorized expenses to calculate Total Expenses."
      ],
      "rubrics": [
        "Verify that the Total Expenses value is correctly computed as the sum of all categorized expenses."
      ]
    },
    "data_params": {}
  },
  {
    "skill_id": "calculate_net_income",
    "skill_name": "Calculate Net Income",
    "node_type": "mutate",
    "operator_class": "PhantomTaskOperator",
    "keywords": [
      "Subtract",
      "Total Expenses",
      "Net Income"
    ],
    "ports": {
      "requires": [
        "Financial:TotalNetRevenue",
        "Financial:TotalExpenses"
      ],
      "provides": [
        "Financial:NetIncome"
      ]
    },
    "semantics": {
      "intents": [
        "Subtract Total Expenses from Total Net Revenue to calculate Net Income."
      ],
      "rubrics": [
        "Verify that the Net Income in the final deliverable is correctly calculated as the Total Net Revenue minus the Total Expenses."
      ]
    },
    "data_params": {}
  },
  {
    "skill_id": "export_profit_and_loss",
    "skill_name": "Export Profit and Loss",
    "node_type": "export",
    "operator_class": "PhantomTaskOperator",
    "keywords": [
      "Export",
      "Profit and Loss",
      "Summary",
      "Excel"
    ],
    "ports": {
      "requires": [
        "Financial:NetIncome",
        "Financial:TotalNetRevenue",
        "Financial:TotalExpenses"
      ],
      "provides": [
        "Deliverable:ProfitAndLossSummary"
      ]
    },
    "semantics": {
      "intents": [
        "Export the final profit and loss summary to a new Excel document with labeled columns, {currency_format} currency formatting, and '{header_text}' in the header."
      ],
      "deliverables": [
        "profit_and_loss_summary.xlsx"
      ],
      "rubrics": [
        "The final deliverable is named {deliverables}.",
        "Verify that the final deliverable contains the text '{header_text}' in its header.",
        "Verify that all financial figures in the final deliverable are formatted using the {currency_format} currency format."
      ]
    },
    "data_params": {
      "currency_format": "USD",
      "header_text": "As of 12/31/2024"
    }
  }
]
