
==================== Agent 1 输出 ====================
[
  {
    "action_type": "Base",
    "description": "Load the Tour Manager's mobile expense tracking app data containing receipts and venue settlements."
  },
  {
    "action_type": "Base",
    "description": "Load the Production Company's continuous YTD general ledger export data."
  },
  {
    "action_type": "Trap",
    "description": "Inject implicit local currencies (GBP and EUR) into the Tour Manager's raw data without currency symbols in the headers."
  },
  {
    "action_type": "Trap",
    "description": "Inject out-of-scope ledger entries dated November and December 2024 relating to non-Fall Tour activities into the Production Company's YTD ledger."
  },
  {
    "action_type": "Trap",
    "description": "Omit the tax withholding rate for the Netherlands (Amsterdam) from the provided reference list."
  },
  {
    "action_type": "Mutate",
    "description": "Filter the Production Company's YTD ledger to exclude transactions dated November and December 2024 that relate to non-Fall Tour activities, isolating October 2024 Fall Music Tour financials."
  },
  {
    "action_type": "Mutate",
    "description": "Identify the implicit currency (GBP or EUR) for each tour stop in the Tour Manager's data based on the geographic context of the city and country."
  },
  {
    "action_type": "Mutate",
    "description": "Convert the identified local currency amounts in the Tour Manager's data to USD using historical FX rates for October 2024."
  },
  {
    "action_type": "Mutate",
    "description": "Handle the missing tax withholding rate for the Amsterdam (Netherlands) show by researching the standard rate, assuming 0% with documentation, or flagging the missing data."
  },
  {
    "action_type": "Mutate",
    "description": "Calculate the withholding tax amount for each tour stop by applying the specified rates (UK: 20%, France: 15%, Spain: 24%, Germany: 15.825%, Netherlands: handled rate) to the gross revenue."
  },
  {
    "action_type": "Mutate",
    "description": "Calculate net revenue for each tour stop by subtracting the calculated withholding tax from the gross revenue."
  },
  {
    "action_type": "Mutate",
    "description": "Aggregate a line-by-line summary of net revenue for each tour stop by city and country."
  },
  {
    "action_type": "Mutate",
    "description": "Calculate Total Net Revenue by summing the net revenue of all tour stops."
  },
  {
    "action_type": "Mutate",
    "description": "Categorize all expenses into 'Band and Crew', 'Other Tour Costs', 'Hotel & Restaurants', and 'Other Travel Costs'."
  },
  {
    "action_type": "Mutate",
    "description": "Calculate Total Expenses by summing the categorized expenses."
  },
  {
    "action_type": "Mutate",
    "description": "Calculate Net Income by subtracting Total Expenses from Total Net Revenue."
  },
  {
    "action_type": "Mutate",
    "description": "Group the calculated income and costs by source (Tour Manager vs. Production Company)."
  },
  {
    "action_type": "Mutate",
    "description": "Calculate the total combined income and costs across both sources."
  },
  {
    "action_type": "Mutate",
    "description": "Format the report with labeled columns, aligned USD currency formatting, and add 'As of 12/31/2024' to the header."
  },
  {
    "action_type": "Export",
    "description": "Export the final structured profit and loss report to a new Excel document."
  }
]

==================== Agent 2 输出 ====================
[
  {
    "action_type": "Base",
    "description": "Load the Tour Manager's mobile expense tracking app data containing receipts and venue settlements.",
    "requires": [],
    "provides": [
      "Financial:TourManagerRawData"
    ]
  },
  {
    "action_type": "Base",
    "description": "Load the Production Company's continuous YTD general ledger export data.",
    "requires": [],
    "provides": [
      "Financial:ProductionCompanyRawLedger"
    ]
  },
  {
    "action_type": "Trap",
    "description": "Inject implicit local currencies (GBP and EUR) into the Tour Manager's raw data without currency symbols in the headers.",
    "requires": [
      "Financial:TourManagerRawData"
    ],
    "provides": [
      "Financial:TourManagerDataWithImplicitCurrency"
    ]
  },
  {
    "action_type": "Trap",
    "description": "Inject out-of-scope ledger entries dated November and December 2024 relating to non-Fall Tour activities into the Production Company's YTD ledger.",
    "requires": [
      "Financial:ProductionCompanyRawLedger"
    ],
    "provides": [
      "Financial:ProductionCompanyLedgerWithNoise"
    ]
  },
  {
    "action_type": "Trap",
    "description": "Omit the tax withholding rate for the Netherlands (Amsterdam) from the provided reference list.",
    "requires": [
      "Data:Generic"
    ],
    "provides": [
      "Reference:TaxRatesIncomplete"
    ]
  },
  {
    "action_type": "Mutate",
    "description": "Filter the Production Company's YTD ledger to exclude transactions dated November and December 2024 that relate to non-Fall Tour activities, isolating October 2024 Fall Music Tour financials.",
    "requires": [
      "Financial:ProductionCompanyLedgerWithNoise"
    ],
    "provides": [
      "Financial:ProductionCompanyFilteredLedger"
    ]
  },
  {
    "action_type": "Mutate",
    "description": "Identify the implicit currency (GBP or EUR) for each tour stop in the Tour Manager's data based on the geographic context of the city and country.",
    "requires": [
      "Financial:TourManagerDataWithImplicitCurrency"
    ],
    "provides": [
      "Financial:TourManagerDataWithIdentifiedCurrency"
    ]
  },
  {
    "action_type": "Mutate",
    "description": "Convert the identified local currency amounts in the Tour Manager's data to USD using historical FX rates for October 2024.",
    "requires": [
      "Financial:TourManagerDataWithIdentifiedCurrency"
    ],
    "provides": [
      "Financial:TourManagerDataUSD"
    ]
  },
  {
    "action_type": "Mutate",
    "description": "Handle the missing tax withholding rate for the Amsterdam (Netherlands) show by researching the standard rate, assuming 0% with documentation, or flagging the missing data.",
    "requires": [
      "Reference:TaxRatesIncomplete"
    ],
    "provides": [
      "Reference:TaxRatesComplete"
    ]
  },
  {
    "action_type": "Mutate",
    "description": "Calculate the withholding tax amount for each tour stop by applying the specified rates (UK: 20%, France: 15%, Spain: 24%, Germany: 15.825%, Netherlands: handled rate) to the gross revenue.",
    "requires": [
      "Financial:TourManagerDataUSD",
      "Reference:TaxRatesComplete"
    ],
    "provides": [
      "Financial:TourStopsWithTax"
    ]
  },
  {
    "action_type": "Mutate",
    "description": "Calculate net revenue for each tour stop by subtracting the calculated withholding tax from the gross revenue.",
    "requires": [
      "Financial:TourStopsWithTax"
    ],
    "provides": [
      "Financial:TourStopsNetRevenue"
    ]
  },
  {
    "action_type": "Mutate",
    "description": "Aggregate a line-by-line summary of net revenue for each tour stop by city and country.",
    "requires": [
      "Financial:TourStopsNetRevenue"
    ],
    "provides": [
      "Financial:AggregatedNetRevenueByLocation"
    ]
  },
  {
    "action_type": "Mutate",
    "description": "Calculate Total Net Revenue by summing the net revenue of all tour stops.",
    "requires": [
      "Financial:AggregatedNetRevenueByLocation"
    ],
    "provides": [
      "Financial:TotalNetRevenue"
    ]
  },
  {
    "action_type": "Mutate",
    "description": "Categorize all expenses into 'Band and Crew', 'Other Tour Costs', 'Hotel & Restaurants', and 'Other Travel Costs'.",
    "requires": [
      "Financial:ProductionCompanyFilteredLedger"
    ],
    "provides": [
      "Financial:CategorizedExpenses"
    ]
  },
  {
    "action_type": "Mutate",
    "description": "Calculate Total Expenses by summing the categorized expenses.",
    "requires": [
      "Financial:CategorizedExpenses"
    ],
    "provides": [
      "Financial:TotalExpenses"
    ]
  },
  {
    "action_type": "Mutate",
    "description": "Calculate Net Income by subtracting Total Expenses from Total Net Revenue.",
    "requires": [
      "Financial:TotalNetRevenue",
      "Financial:TotalExpenses"
    ],
    "provides": [
      "Financial:NetIncome"
    ]
  },
  {
    "action_type": "Mutate",
    "description": "Group the calculated income and costs by source (Tour Manager vs. Production Company).",
    "requires": [
      "Financial:TourStopsNetRevenue",
      "Financial:CategorizedExpenses"
    ],
    "provides": [
      "Financial:GroupedFinancialsBySource"
    ]
  },
  {
    "action_type": "Mutate",
    "description": "Calculate the total combined income and costs across both sources.",
    "requires": [
      "Financial:GroupedFinancialsBySource"
    ],
    "provides": [
      "Financial:CombinedFinancialSummary"
    ]
  },
  {
    "action_type": "Mutate",
    "description": "Format the report with labeled columns, aligned USD currency formatting, and add 'As of 12/31/2024' to the header.",
    "requires": [
      "Financial:CombinedFinancialSummary",
      "Financial:NetIncome"
    ],
    "provides": [
      "Report:FormattedProfitAndLoss"
    ]
  },
  {
    "action_type": "Export",
    "description": "Export the final structured profit and loss report to a new Excel document.",
    "requires": [
      "Report:FormattedProfitAndLoss"
    ],
    "provides": [
      "Deliverable:ProfitAndLossExcel"
    ]
  }
]

==================== Agent 3 输出 ====================
[
  {
    "skill_id": "load_tour_manager_data",
    "skill_name": "Load Tour Manager Data",
    "node_type": "base",
    "sandbox_role": "Data_Generator",
    "keywords": [
      "Load",
      "Tour Manager",
      "Expenses",
      "Receipts"
    ],
    "ports": {
      "requires": [],
      "provides": [
        "Financial:TourManagerRawData"
      ]
    },
    "semantics": {
      "intents": [
        "Load the Tour Manager's mobile expense tracking app data from '{deliverable_file}' containing receipts and venue settlements."
      ],
      "deliverables": [
        "tour_manager_data.xlsx"
      ]
    },
    "data_profile": {
      "business_context": "Mobile expense tracking app data containing on-the-ground receipts and venue settlements from the Tour Manager.",
      "deliverable_file": "tour_manager_data.xlsx",
      "suggested_scale": {
        "tour_manager_data.xlsx": 150
      },
      "declarative_schemas": {
        "tour_manager_data.xlsx": [
          "Receipt_ID",
          "Transaction_Date",
          "City",
          "Country",
          "Description",
          "Gross_Revenue",
          "Expense_Amount"
        ]
      }
    }
  },
  {
    "skill_id": "load_production_ledger",
    "skill_name": "Load Production Company Ledger",
    "node_type": "base",
    "sandbox_role": "Data_Generator",
    "keywords": [
      "Load",
      "Ledger",
      "Production Company",
      "YTD"
    ],
    "ports": {
      "requires": [],
      "provides": [
        "Financial:ProductionCompanyRawLedger"
      ]
    },
    "semantics": {
      "intents": [
        "Load the Production Company's continuous YTD general ledger export data from '{deliverable_file}'."
      ],
      "deliverables": [
        "production_ledger.xlsx"
      ]
    },
    "data_profile": {
      "business_context": "Continuous Year-To-Date general ledger export data from the central Production Company.",
      "deliverable_file": "production_ledger.xlsx",
      "suggested_scale": {
        "production_ledger.xlsx": 500
      },
      "declarative_schemas": {
        "production_ledger.xlsx": [
          "Ledger_Entry_ID",
          "Posting_Date",
          "Account_Name",
          "Activity_Description",
          "Debit_Amount",
          "Credit_Amount"
        ]
      }
    }
  },
  {
    "skill_id": "trap_implicit_currencies",
    "skill_name": "Trap Implicit Currencies",
    "node_type": "trap",
    "sandbox_role": "Data_Generator",
    "keywords": [
      "Trap",
      "Currency",
      "Implicit",
      "Formatting"
    ],
    "ports": {
      "requires": [
        "Financial:TourManagerRawData"
      ],
      "provides": [
        "Financial:TourManagerDataWithImplicitCurrency"
      ]
    },
    "semantics": {
      "intents": [
        "Inject implicit local currencies ({target_currencies}) into the Tour Manager's raw data without currency symbols in the headers for {affected_columns}."
      ],
      "deliverables": []
    },
    "data_profile": {
      "business_context": "Raw financial data often lacks explicit currency indicators, relying on the geographic location of the transaction.",
      "target_currencies": "GBP and EUR",
      "affected_columns": "revenue and expense columns"
    }
  },
  {
    "skill_id": "trap_out_of_scope_entries",
    "skill_name": "Trap Out of Scope Ledger Entries",
    "node_type": "trap",
    "sandbox_role": "Data_Generator",
    "keywords": [
      "Trap",
      "Noise",
      "Out of Scope",
      "Ledger"
    ],
    "ports": {
      "requires": [
        "Financial:ProductionCompanyRawLedger"
      ],
      "provides": [
        "Financial:ProductionCompanyLedgerWithNoise"
      ]
    },
    "semantics": {
      "intents": [
        "Inject out-of-scope ledger entries dated {noise_months} relating to {noise_type} into the Production Company's YTD ledger."
      ],
      "deliverables": []
    },
    "data_profile": {
      "business_context": "General ledgers contain mixed activities across the year; some entries are irrelevant to the specific tour being analyzed.",
      "noise_months": "November and December 2024",
      "noise_type": "non-Fall Tour activities"
    }
  },
  {
    "skill_id": "load_tax_rates_incomplete",
    "skill_name": "Load Incomplete Tax Rates",
    "node_type": "base",
    "sandbox_role": "Data_Generator",
    "keywords": [
      "Load",
      "Missing Data",
      "Tax Rate",
      "Omission"
    ],
    "ports": {
      "requires": [],
      "provides": [
        "Reference:TaxRatesIncomplete"
      ]
    },
    "semantics": {
      "intents": [
        "Load the reference list from '{deliverable_file}', intentionally omitting the tax withholding rate for {omitted_location}."
      ],
      "deliverables": [
        "tax_rates.xlsx"
      ]
    },
    "data_profile": {
      "business_context": "Reference tables for international tax rates are often incomplete or missing specific jurisdictions.",
      "omitted_location": "the Netherlands (Amsterdam)",
      "deliverable_file": "tax_rates.xlsx",
      "suggested_scale": {
        "tax_rates.xlsx": 15
      },
      "declarative_schemas": {
        "tax_rates.xlsx": [
          "Country",
          "City",
          "Withholding_Tax_Rate"
        ]
      }
    }
  },
  {
    "skill_id": "filter_ledger_entries",
    "skill_name": "Filter Ledger Entries",
    "node_type": "mutate",
    "sandbox_role": "Solver",
    "keywords": [
      "Filter",
      "Ledger",
      "Date",
      "Isolation"
    ],
    "ports": {
      "requires": [
        "Financial:ProductionCompanyLedgerWithNoise"
      ],
      "provides": [
        "Financial:ProductionCompanyFilteredLedger"
      ]
    },
    "semantics": {
      "intents": [
        "Filter the Production Company's YTD ledger to exclude transactions dated {excluded_months} that relate to non-Fall Tour activities, isolating {target_month} Fall Music Tour financials."
      ],
      "deliverables": []
    },
    "data_profile": {
      "business_context": "Isolating specific project financials requires filtering out irrelevant dates and activities from a continuous ledger.",
      "excluded_months": "November and December 2024",
      "target_month": "October 2024"
    }
  },
  {
    "skill_id": "identify_implicit_currency",
    "skill_name": "Identify Implicit Currency",
    "node_type": "mutate",
    "sandbox_role": "Solver",
    "keywords": [
      "Identify",
      "Currency",
      "Geography",
      "Mapping"
    ],
    "ports": {
      "requires": [
        "Financial:TourManagerDataWithImplicitCurrency"
      ],
      "provides": [
        "Financial:TourManagerDataWithIdentifiedCurrency"
      ]
    },
    "semantics": {
      "intents": [
        "Identify the implicit currency (GBP or EUR) for each tour stop in the Tour Manager's data based on the {currency_mapping_logic}."
      ],
      "deliverables": []
    },
    "data_profile": {
      "business_context": "Determining the correct currency for transactions based on the location of the event.",
      "currency_mapping_logic": "geographic context of the city and country"
    }
  },
  {
    "skill_id": "convert_to_usd",
    "skill_name": "Convert to USD",
    "node_type": "mutate",
    "sandbox_role": "Solver",
    "keywords": [
      "Convert",
      "FX Rates",
      "USD",
      "Currency"
    ],
    "ports": {
      "requires": [
        "Financial:TourManagerDataWithIdentifiedCurrency"
      ],
      "provides": [
        "Financial:TourManagerDataUSD"
      ]
    },
    "semantics": {
      "intents": [
        "Convert the identified local currency amounts in the Tour Manager's data to {target_currency} using {fx_rate_period}."
      ],
      "deliverables": []
    },
    "data_profile": {
      "business_context": "Standardizing international financial data into a single reporting currency using historical exchange rates.",
      "target_currency": "USD",
      "fx_rate_period": "historical FX rates for October 2024"
    }
  },
  {
    "skill_id": "handle_missing_tax_rate",
    "skill_name": "Handle Missing Tax Rate",
    "node_type": "mutate",
    "sandbox_role": "Solver",
    "keywords": [
      "Handle",
      "Missing Data",
      "Tax Rate",
      "Imputation"
    ],
    "ports": {
      "requires": [
        "Reference:TaxRatesIncomplete"
      ],
      "provides": [
        "Reference:TaxRatesComplete"
      ]
    },
    "semantics": {
      "intents": [
        "Handle the missing tax withholding rate for the {missing_location} show by {resolution_strategy}."
      ],
      "deliverables": []
    },
    "data_profile": {
      "business_context": "Resolving gaps in reference data through research, logical assumptions, or explicit flagging.",
      "missing_location": "Amsterdam (Netherlands)",
      "resolution_strategy": "researching the standard rate, assuming 0% with documentation, or flagging the missing data"
    }
  },
  {
    "skill_id": "calculate_withholding_tax",
    "skill_name": "Calculate Withholding Tax",
    "node_type": "mutate",
    "sandbox_role": "Solver",
    "keywords": [
      "Calculate",
      "Tax",
      "Withholding",
      "Revenue"
    ],
    "ports": {
      "requires": [
        "Financial:TourManagerDataUSD",
        "Reference:TaxRatesComplete"
      ],
      "provides": [
        "Financial:TourStopsWithTax"
      ]
    },
    "semantics": {
      "intents": [
        "Calculate the withholding tax amount for each tour stop by applying the specified rates ({tax_rates}) to the gross revenue."
      ],
      "deliverables": []
    },
    "data_profile": {
      "business_context": "Applying jurisdiction-specific tax rates to gross revenues to determine tax liabilities.",
      "tax_rates": "UK: 20%, France: 15%, Spain: 24%, Germany: 15.825%, Netherlands: handled rate"
    }
  },
  {
    "skill_id": "calculate_net_revenue",
    "skill_name": "Calculate Net Revenue",
    "node_type": "mutate",
    "sandbox_role": "Solver",
    "keywords": [
      "Calculate",
      "Net Revenue",
      "Tax Deduction"
    ],
    "ports": {
      "requires": [
        "Financial:TourStopsWithTax"
      ],
      "provides": [
        "Financial:TourStopsNetRevenue"
      ]
    },
    "semantics": {
      "intents": [
        "Calculate net revenue for each tour stop by {calculation_logic}."
      ],
      "deliverables": []
    },
    "data_profile": {
      "business_context": "Determining the actual take-home revenue after mandatory tax withholdings are deducted.",
      "calculation_logic": "subtracting the calculated withholding tax from the gross revenue"
    }
  },
  {
    "skill_id": "aggregate_net_revenue",
    "skill_name": "Aggregate Net Revenue",
    "node_type": "mutate",
    "sandbox_role": "Solver",
    "keywords": [
      "Aggregate",
      "Summary",
      "Net Revenue",
      "Location"
    ],
    "ports": {
      "requires": [
        "Financial:TourStopsNetRevenue"
      ],
      "provides": [
        "Financial:AggregatedNetRevenueByLocation"
      ]
    },
    "semantics": {
      "intents": [
        "Aggregate a line-by-line summary of net revenue for each tour stop by {aggregation_keys}."
      ],
      "deliverables": []
    },
    "data_profile": {
      "business_context": "Summarizing transactional revenue data into a location-based view for reporting.",
      "aggregation_keys": "city and country"
    }
  },
  {
    "skill_id": "calculate_total_net_revenue",
    "skill_name": "Calculate Total Net Revenue",
    "node_type": "mutate",
    "sandbox_role": "Solver",
    "keywords": [
      "Calculate",
      "Total",
      "Net Revenue",
      "Sum"
    ],
    "ports": {
      "requires": [
        "Financial:AggregatedNetRevenueByLocation"
      ],
      "provides": [
        "Financial:TotalNetRevenue"
      ]
    },
    "semantics": {
      "intents": [
        "Calculate {metric_name} by summing the net revenue of all tour stops."
      ],
      "deliverables": []
    },
    "data_profile": {
      "business_context": "Deriving the top-line net revenue figure for the entire tour.",
      "metric_name": "Total Net Revenue"
    }
  },
  {
    "skill_id": "categorize_expenses",
    "skill_name": "Categorize Expenses",
    "node_type": "mutate",
    "sandbox_role": "Solver",
    "keywords": [
      "Categorize",
      "Expenses",
      "Ledger",
      "Classification"
    ],
    "ports": {
      "requires": [
        "Financial:ProductionCompanyFilteredLedger"
      ],
      "provides": [
        "Financial:CategorizedExpenses"
      ]
    },
    "semantics": {
      "intents": [
        "Categorize all expenses into {expense_categories}."
      ],
      "deliverables": []
    },
    "data_profile": {
      "business_context": "Classifying raw ledger transactions into standardized financial reporting buckets.",
      "expense_categories": "'Band and Crew', 'Other Tour Costs', 'Hotel & Restaurants', and 'Other Travel Costs'"
    }
  },
  {
    "skill_id": "calculate_total_expenses",
    "skill_name": "Calculate Total Expenses",
    "node_type": "mutate",
    "sandbox_role": "Solver",
    "keywords": [
      "Calculate",
      "Total",
      "Expenses",
      "Sum"
    ],
    "ports": {
      "requires": [
        "Financial:CategorizedExpenses"
      ],
      "provides": [
        "Financial:TotalExpenses"
      ]
    },
    "semantics": {
      "intents": [
        "Calculate {metric_name} by summing the categorized expenses."
      ],
      "deliverables": []
    },
    "data_profile": {
      "business_context": "Deriving the total cost figure for the entire tour.",
      "metric_name": "Total Expenses"
    }
  },
  {
    "skill_id": "calculate_net_income",
    "skill_name": "Calculate Net Income",
    "node_type": "mutate",
    "sandbox_role": "Solver",
    "keywords": [
      "Calculate",
      "Net Income",
      "Profit",
      "Loss"
    ],
    "ports": {
      "requires": [
        "Financial:TotalNetRevenue",
        "Financial:TotalExpenses"
      ],
      "provides": [
        "Financial:NetIncome"
      ]
    },
    "semantics": {
      "intents": [
        "Calculate {metric_name} by subtracting Total Expenses from Total Net Revenue."
      ],
      "deliverables": []
    },
    "data_profile": {
      "business_context": "Determining the final profitability of the tour by comparing total revenues against total expenses.",
      "metric_name": "Net Income"
    }
  },
  {
    "skill_id": "group_financials_by_source",
    "skill_name": "Group Financials by Source",
    "node_type": "mutate",
    "sandbox_role": "Solver",
    "keywords": [
      "Group",
      "Financials",
      "Source",
      "Consolidation"
    ],
    "ports": {
      "requires": [
        "Financial:TourStopsNetRevenue",
        "Financial:CategorizedExpenses"
      ],
      "provides": [
        "Financial:GroupedFinancialsBySource"
      ]
    },
    "semantics": {
      "intents": [
        "Group the calculated income and costs by source ({grouping_sources})."
      ],
      "deliverables": []
    },
    "data_profile": {
      "business_context": "Organizing financial data to show the origin of the numbers, distinguishing between field operations and central production.",
      "grouping_sources": "Tour Manager vs. Production Company"
    }
  },
  {
    "skill_id": "calculate_combined_financial_summary",
    "skill_name": "Calculate Combined Financial Summary",
    "node_type": "mutate",
    "sandbox_role": "Solver",
    "keywords": [
      "Calculate",
      "Combined",
      "Summary",
      "Consolidation"
    ],
    "ports": {
      "requires": [
        "Financial:GroupedFinancialsBySource"
      ],
      "provides": [
        "Financial:CombinedFinancialSummary"
      ]
    },
    "semantics": {
      "intents": [
        "Calculate the {summary_type} across both sources."
      ],
      "deliverables": []
    },
    "data_profile": {
      "business_context": "Creating a unified view of all financial activities across different operational entities.",
      "summary_type": "total combined income and costs"
    }
  },
  {
    "skill_id": "format_profit_and_loss_report",
    "skill_name": "Format Profit and Loss Report",
    "node_type": "mutate",
    "sandbox_role": "Solver",
    "keywords": [
      "Format",
      "Report",
      "USD",
      "Header"
    ],
    "ports": {
      "requires": [
        "Financial:CombinedFinancialSummary",
        "Financial:NetIncome"
      ],
      "provides": [
        "Report:FormattedProfitAndLoss"
      ]
    },
    "semantics": {
      "intents": [
        "Format the report with {formatting_rules}, and add '{header_text}' to the header."
      ],
      "deliverables": []
    },
    "data_profile": {
      "business_context": "Preparing the financial data for executive presentation with clean formatting and clear labeling.",
      "formatting_rules": "labeled columns, aligned USD currency formatting",
      "header_text": "As of 12/31/2024"
    }
  },
  {
    "skill_id": "export_profit_and_loss_excel",
    "skill_name": "Export Profit and Loss Excel",
    "node_type": "export",
    "sandbox_role": "Global_Constraint",
    "keywords": [
      "Export",
      "Excel",
      "Deliverable",
      "Report"
    ],
    "ports": {
      "requires": [
        "Report:FormattedProfitAndLoss"
      ],
      "provides": [
        "Deliverable:ProfitAndLossExcel"
      ]
    },
    "semantics": {
      "intents": [
        "Export the final structured profit and loss report to a new Excel document named '{deliverable_file}'."
      ],
      "deliverables": [
        "final_profit_and_loss_report.xlsx"
      ]
    },
    "data_profile": {
      "business_context": "Generating the final deliverable file for stakeholders to review the tour's financial performance.",
      "deliverable_file": "final_profit_and_loss_report.xlsx"
    }
  }
]

==================== Agent 5 输出 ====================
[
  {
    "skill_id": "load_tour_manager_data",
    "skill_name": "Load Tour Manager Data",
    "node_type": "base",
    "sandbox_role": "Data_Generator",
    "keywords": [
      "Load",
      "Tour Manager",
      "Expenses",
      "Receipts"
    ],
    "ports": {
      "requires": [],
      "provides": [
        "Financial:TourManagerRawData"
      ]
    },
    "semantics": {
      "intents": [
        "Load the Tour Manager's mobile expense tracking app data from '{deliverable_file}' containing receipts and venue settlements."
      ],
      "deliverables": [
        "tour_manager_data.xlsx"
      ],
      "evaluation_anchor": {
        "category": "Compliance",
        "assertion_logic": "Assert file_exists('{deliverable_file}') and verify that the generated data conforms to the specified declarative schemas."
      }
    },
    "data_profile": {
      "business_context": "Mobile expense tracking app data containing on-the-ground receipts and venue settlements from the Tour Manager.",
      "deliverable_file": "tour_manager_data.xlsx",
      "suggested_scale": {
        "tour_manager_data.xlsx": 150
      },
      "declarative_schemas": {
        "tour_manager_data.xlsx": [
          "Receipt_ID",
          "Transaction_Date",
          "City",
          "Country",
          "Description",
          "Gross_Revenue",
          "Expense_Amount"
        ]
      }
    }
  },
  {
    "skill_id": "load_production_ledger",
    "skill_name": "Load Production Company Ledger",
    "node_type": "base",
    "sandbox_role": "Data_Generator",
    "keywords": [
      "Load",
      "Ledger",
      "Production Company",
      "YTD"
    ],
    "ports": {
      "requires": [],
      "provides": [
        "Financial:ProductionCompanyRawLedger"
      ]
    },
    "semantics": {
      "intents": [
        "Load the Production Company's continuous YTD general ledger export data from '{deliverable_file}'."
      ],
      "deliverables": [
        "production_ledger.xlsx"
      ],
      "evaluation_anchor": {
        "category": "Compliance",
        "assertion_logic": "Assert file_exists('{deliverable_file}') and verify that the generated ledger contains the required columns."
      }
    },
    "data_profile": {
      "business_context": "Continuous Year-To-Date general ledger export data from the central Production Company.",
      "deliverable_file": "production_ledger.xlsx",
      "suggested_scale": {
        "production_ledger.xlsx": 500
      },
      "declarative_schemas": {
        "production_ledger.xlsx": [
          "Ledger_Entry_ID",
          "Posting_Date",
          "Account_Name",
          "Activity_Description",
          "Debit_Amount",
          "Credit_Amount"
        ]
      }
    }
  },
  {
    "skill_id": "trap_implicit_currencies",
    "skill_name": "Trap Implicit Currencies",
    "node_type": "trap",
    "sandbox_role": "Data_Generator",
    "keywords": [
      "Trap",
      "Currency",
      "Implicit",
      "Formatting"
    ],
    "ports": {
      "requires": [
        "Financial:TourManagerRawData"
      ],
      "provides": [
        "Financial:TourManagerDataWithImplicitCurrency"
      ]
    },
    "semantics": {
      "intents": [
        "Inject implicit local currencies ({target_currencies}) into the Tour Manager's raw data without currency symbols in the headers for {affected_columns}."
      ],
      "deliverables": [],
      "evaluation_anchor": {
        "category": "Robustness",
        "assertion_logic": "Verify that the injected {target_currencies} in {affected_columns} are handled gracefully, ensuring the downstream pipeline does not crash when parsing values without explicit currency symbols."
      }
    },
    "data_profile": {
      "business_context": "Raw financial data often lacks explicit currency indicators, relying on the geographic location of the transaction.",
      "target_currencies": "GBP and EUR",
      "affected_columns": "revenue and expense columns"
    }
  },
  {
    "skill_id": "trap_out_of_scope_entries",
    "skill_name": "Trap Out of Scope Ledger Entries",
    "node_type": "trap",
    "sandbox_role": "Data_Generator",
    "keywords": [
      "Trap",
      "Noise",
      "Out of Scope",
      "Ledger"
    ],
    "ports": {
      "requires": [
        "Financial:ProductionCompanyRawLedger"
      ],
      "provides": [
        "Financial:ProductionCompanyLedgerWithNoise"
      ]
    },
    "semantics": {
      "intents": [
        "Inject out-of-scope ledger entries dated {noise_months} relating to {noise_type} into the Production Company's YTD ledger."
      ],
      "deliverables": [],
      "evaluation_anchor": {
        "category": "Robustness",
        "assertion_logic": "Ensure the pipeline gracefully handles the injected {noise_type} dated {noise_months}, filtering them out without causing aggregation errors or propagating noise to the final report."
      }
    },
    "data_profile": {
      "business_context": "General ledgers contain mixed activities across the year; some entries are irrelevant to the specific tour being analyzed.",
      "noise_months": "November and December 2024",
      "noise_type": "non-Fall Tour activities"
    }
  },
  {
    "skill_id": "load_tax_rates_incomplete",
    "skill_name": "Load Incomplete Tax Rates",
    "node_type": "base",
    "sandbox_role": "Data_Generator",
    "keywords": [
      "Load",
      "Missing Data",
      "Tax Rate",
      "Omission"
    ],
    "ports": {
      "requires": [],
      "provides": [
        "Reference:TaxRatesIncomplete"
      ]
    },
    "semantics": {
      "intents": [
        "Load the reference list from '{deliverable_file}', intentionally omitting the tax withholding rate for {omitted_location}."
      ],
      "deliverables": [
        "tax_rates.xlsx"
      ],
      "evaluation_anchor": {
        "category": "Compliance",
        "assertion_logic": "Verify that '{deliverable_file}' is generated with the tax rate for {omitted_location} intentionally omitted to test downstream imputation."
      }
    },
    "data_profile": {
      "business_context": "Reference tables for international tax rates are often incomplete or missing specific jurisdictions.",
      "omitted_location": "the Netherlands (Amsterdam)",
      "deliverable_file": "tax_rates.xlsx",
      "suggested_scale": {
        "tax_rates.xlsx": 15
      },
      "declarative_schemas": {
        "tax_rates.xlsx": [
          "Country",
          "City",
          "Withholding_Tax_Rate"
        ]
      }
    }
  },
  {
    "skill_id": "filter_ledger_entries",
    "skill_name": "Filter Ledger Entries",
    "node_type": "mutate",
    "sandbox_role": "Solver",
    "keywords": [
      "Filter",
      "Ledger",
      "Date",
      "Isolation"
    ],
    "ports": {
      "requires": [
        "Financial:ProductionCompanyLedgerWithNoise"
      ],
      "provides": [
        "Financial:ProductionCompanyFilteredLedger"
      ]
    },
    "semantics": {
      "intents": [
        "Filter the Production Company's YTD ledger to exclude transactions dated {excluded_months} that relate to non-Fall Tour activities, isolating {target_month} Fall Music Tour financials."
      ],
      "deliverables": [],
      "evaluation_anchor": {
        "category": "Reasoning",
        "assertion_logic": "Check if the model correctly filtered out entries from {excluded_months}, isolating only the {target_month} data matching the Golden Run's filtered row count."
      }
    },
    "data_profile": {
      "business_context": "Isolating specific project financials requires filtering out irrelevant dates and activities from a continuous ledger.",
      "excluded_months": "November and December 2024",
      "target_month": "October 2024"
    }
  },
  {
    "skill_id": "identify_implicit_currency",
    "skill_name": "Identify Implicit Currency",
    "node_type": "mutate",
    "sandbox_role": "Solver",
    "keywords": [
      "Identify",
      "Currency",
      "Geography",
      "Mapping"
    ],
    "ports": {
      "requires": [
        "Financial:TourManagerDataWithImplicitCurrency"
      ],
      "provides": [
        "Financial:TourManagerDataWithIdentifiedCurrency"
      ]
    },
    "semantics": {
      "intents": [
        "Identify the implicit currency (GBP or EUR) for each tour stop in the Tour Manager's data based on the {currency_mapping_logic}."
      ],
      "deliverables": [],
      "evaluation_anchor": {
        "category": "Reasoning",
        "assertion_logic": "Verify that the model correctly deduced the implicit currency using the {currency_mapping_logic}, matching the Golden Run's mapped currency column."
      }
    },
    "data_profile": {
      "business_context": "Determining the correct currency for transactions based on the location of the event.",
      "currency_mapping_logic": "geographic context of the city and country"
    }
  },
  {
    "skill_id": "convert_to_usd",
    "skill_name": "Convert to USD",
    "node_type": "mutate",
    "sandbox_role": "Solver",
    "keywords": [
      "Convert",
      "FX Rates",
      "USD",
      "Currency"
    ],
    "ports": {
      "requires": [
        "Financial:TourManagerDataWithIdentifiedCurrency"
      ],
      "provides": [
        "Financial:TourManagerDataUSD"
      ]
    },
    "semantics": {
      "intents": [
        "Convert the identified local currency amounts in the Tour Manager's data to {target_currency} using {fx_rate_period}."
      ],
      "deliverables": [],
      "evaluation_anchor": {
        "category": "Fact",
        "assertion_logic": "Compare the converted {target_currency} amounts against the Golden Run, ensuring the correct {fx_rate_period} were applied."
      }
    },
    "data_profile": {
      "business_context": "Standardizing international financial data into a single reporting currency using historical exchange rates.",
      "target_currency": "USD",
      "fx_rate_period": "historical FX rates for October 2024"
    }
  },
  {
    "skill_id": "handle_missing_tax_rate",
    "skill_name": "Handle Missing Tax Rate",
    "node_type": "mutate",
    "sandbox_role": "Solver",
    "keywords": [
      "Handle",
      "Missing Data",
      "Tax Rate",
      "Imputation"
    ],
    "ports": {
      "requires": [
        "Reference:TaxRatesIncomplete"
      ],
      "provides": [
        "Reference:TaxRatesComplete"
      ]
    },
    "semantics": {
      "intents": [
        "Handle the missing tax withholding rate for the {missing_location} show by {resolution_strategy}."
      ],
      "deliverables": [],
      "evaluation_anchor": {
        "category": "Robustness",
        "assertion_logic": "Verify that the missing tax rate for {missing_location} is handled gracefully via {resolution_strategy} without causing #N/A or pipeline failures."
      }
    },
    "data_profile": {
      "business_context": "Resolving gaps in reference data through research, logical assumptions, or explicit flagging.",
      "missing_location": "Amsterdam (Netherlands)",
      "resolution_strategy": "researching the standard rate, assuming 0% with documentation, or flagging the missing data"
    }
  },
  {
    "skill_id": "calculate_withholding_tax",
    "skill_name": "Calculate Withholding Tax",
    "node_type": "mutate",
    "sandbox_role": "Solver",
    "keywords": [
      "Calculate",
      "Tax",
      "Withholding",
      "Revenue"
    ],
    "ports": {
      "requires": [
        "Financial:TourManagerDataUSD",
        "Reference:TaxRatesComplete"
      ],
      "provides": [
        "Financial:TourStopsWithTax"
      ]
    },
    "semantics": {
      "intents": [
        "Calculate the withholding tax amount for each tour stop by applying the specified rates ({tax_rates}) to the gross revenue."
      ],
      "deliverables": [],
      "evaluation_anchor": {
        "category": "Fact",
        "assertion_logic": "Verify that the calculated withholding tax amounts match the exact numerical results produced by the Golden Solver after applying {tax_rates}."
      }
    },
    "data_profile": {
      "business_context": "Applying jurisdiction-specific tax rates to gross revenues to determine tax liabilities.",
      "tax_rates": "UK: 20%, France: 15%, Spain: 24%, Germany: 15.825%, Netherlands: handled rate"
    }
  },
  {
    "skill_id": "calculate_net_revenue",
    "skill_name": "Calculate Net Revenue",
    "node_type": "mutate",
    "sandbox_role": "Solver",
    "keywords": [
      "Calculate",
      "Net Revenue",
      "Tax Deduction"
    ],
    "ports": {
      "requires": [
        "Financial:TourStopsWithTax"
      ],
      "provides": [
        "Financial:TourStopsNetRevenue"
      ]
    },
    "semantics": {
      "intents": [
        "Calculate net revenue for each tour stop by {calculation_logic}."
      ],
      "deliverables": [],
      "evaluation_anchor": {
        "category": "Fact",
        "assertion_logic": "Verify that the net revenue matches the Golden Run's numerical result by applying the {calculation_logic}."
      }
    },
    "data_profile": {
      "business_context": "Determining the actual take-home revenue after mandatory tax withholdings are deducted.",
      "calculation_logic": "subtracting the calculated withholding tax from the gross revenue"
    }
  },
  {
    "skill_id": "aggregate_net_revenue",
    "skill_name": "Aggregate Net Revenue",
    "node_type": "mutate",
    "sandbox_role": "Solver",
    "keywords": [
      "Aggregate",
      "Summary",
      "Net Revenue",
      "Location"
    ],
    "ports": {
      "requires": [
        "Financial:TourStopsNetRevenue"
      ],
      "provides": [
        "Financial:AggregatedNetRevenueByLocation"
      ]
    },
    "semantics": {
      "intents": [
        "Aggregate a line-by-line summary of net revenue for each tour stop by {aggregation_keys}."
      ],
      "deliverables": [],
      "evaluation_anchor": {
        "category": "Fact",
        "assertion_logic": "Check that the aggregated net revenue grouped by {aggregation_keys} exactly matches the Golden Run's aggregated numerical values."
      }
    },
    "data_profile": {
      "business_context": "Summarizing transactional revenue data into a location-based view for reporting.",
      "aggregation_keys": "city and country"
    }
  },
  {
    "skill_id": "calculate_total_net_revenue",
    "skill_name": "Calculate Total Net Revenue",
    "node_type": "mutate",
    "sandbox_role": "Solver",
    "keywords": [
      "Calculate",
      "Total",
      "Net Revenue",
      "Sum"
    ],
    "ports": {
      "requires": [
        "Financial:AggregatedNetRevenueByLocation"
      ],
      "provides": [
        "Financial:TotalNetRevenue"
      ]
    },
    "semantics": {
      "intents": [
        "Calculate {metric_name} by summing the net revenue of all tour stops."
      ],
      "deliverables": [],
      "evaluation_anchor": {
        "category": "Fact",
        "assertion_logic": "Verify that the final calculated {metric_name} matches the exact numerical result produced by the Golden Solver."
      }
    },
    "data_profile": {
      "business_context": "Deriving the top-line net revenue figure for the entire tour.",
      "metric_name": "Total Net Revenue"
    }
  },
  {
    "skill_id": "categorize_expenses",
    "skill_name": "Categorize Expenses",
    "node_type": "mutate",
    "sandbox_role": "Solver",
    "keywords": [
      "Categorize",
      "Expenses",
      "Ledger",
      "Classification"
    ],
    "ports": {
      "requires": [
        "Financial:ProductionCompanyFilteredLedger"
      ],
      "provides": [
        "Financial:CategorizedExpenses"
      ]
    },
    "semantics": {
      "intents": [
        "Categorize all expenses into {expense_categories}."
      ],
      "deliverables": [],
      "evaluation_anchor": {
        "category": "Reasoning",
        "assertion_logic": "Check if the model correctly mapped the raw ledger transactions into the {expense_categories}, matching the Golden Run's categorization logic."
      }
    },
    "data_profile": {
      "business_context": "Classifying raw ledger transactions into standardized financial reporting buckets.",
      "expense_categories": "'Band and Crew', 'Other Tour Costs', 'Hotel & Restaurants', and 'Other Travel Costs'"
    }
  },
  {
    "skill_id": "calculate_total_expenses",
    "skill_name": "Calculate Total Expenses",
    "node_type": "mutate",
    "sandbox_role": "Solver",
    "keywords": [
      "Calculate",
      "Total",
      "Expenses",
      "Sum"
    ],
    "ports": {
      "requires": [
        "Financial:CategorizedExpenses"
      ],
      "provides": [
        "Financial:TotalExpenses"
      ]
    },
    "semantics": {
      "intents": [
        "Calculate {metric_name} by summing the categorized expenses."
      ],
      "deliverables": [],
      "evaluation_anchor": {
        "category": "Fact",
        "assertion_logic": "Verify that the calculated {metric_name} matches the exact numerical sum produced by the Golden Solver."
      }
    },
    "data_profile": {
      "business_context": "Deriving the total cost figure for the entire tour.",
      "metric_name": "Total Expenses"
    }
  },
  {
    "skill_id": "calculate_net_income",
    "skill_name": "Calculate Net Income",
    "node_type": "mutate",
    "sandbox_role": "Solver",
    "keywords": [
      "Calculate",
      "Net Income",
      "Profit",
      "Loss"
    ],
    "ports": {
      "requires": [
        "Financial:TotalNetRevenue",
        "Financial:TotalExpenses"
      ],
      "provides": [
        "Financial:NetIncome"
      ]
    },
    "semantics": {
      "intents": [
        "Calculate {metric_name} by subtracting Total Expenses from Total Net Revenue."
      ],
      "deliverables": [],
      "evaluation_anchor": {
        "category": "Fact",
        "assertion_logic": "Verify that the calculated {metric_name} matches the exact numerical result produced by the Golden Solver."
      }
    },
    "data_profile": {
      "business_context": "Determining the final profitability of the tour by comparing total revenues against total expenses.",
      "metric_name": "Net Income"
    }
  },
  {
    "skill_id": "group_financials_by_source",
    "skill_name": "Group Financials by Source",
    "node_type": "mutate",
    "sandbox_role": "Solver",
    "keywords": [
      "Group",
      "Financials",
      "Source",
      "Consolidation"
    ],
    "ports": {
      "requires": [
        "Financial:TourStopsNetRevenue",
        "Financial:CategorizedExpenses"
      ],
      "provides": [
        "Financial:GroupedFinancialsBySource"
      ]
    },
    "semantics": {
      "intents": [
        "Group the calculated income and costs by source ({grouping_sources})."
      ],
      "deliverables": [],
      "evaluation_anchor": {
        "category": "Reasoning",
        "assertion_logic": "Check if the model correctly grouped the financials by {grouping_sources}, matching the Golden Run's intermediate structural grouping."
      }
    },
    "data_profile": {
      "business_context": "Organizing financial data to show the origin of the numbers, distinguishing between field operations and central production.",
      "grouping_sources": "Tour Manager vs. Production Company"
    }
  },
  {
    "skill_id": "calculate_combined_financial_summary",
    "skill_name": "Calculate Combined Financial Summary",
    "node_type": "mutate",
    "sandbox_role": "Solver",
    "keywords": [
      "Calculate",
      "Combined",
      "Summary",
      "Consolidation"
    ],
    "ports": {
      "requires": [
        "Financial:GroupedFinancialsBySource"
      ],
      "provides": [
        "Financial:CombinedFinancialSummary"
      ]
    },
    "semantics": {
      "intents": [
        "Calculate the {summary_type} across both sources."
      ],
      "deliverables": [],
      "evaluation_anchor": {
        "category": "Fact",
        "assertion_logic": "Verify that the {summary_type} matches the exact numerical results produced by the Golden Solver."
      }
    },
    "data_profile": {
      "business_context": "Creating a unified view of all financial activities across different operational entities.",
      "summary_type": "total combined income and costs"
    }
  },
  {
    "skill_id": "format_profit_and_loss_report",
    "skill_name": "Format Profit and Loss Report",
    "node_type": "mutate",
    "sandbox_role": "Solver",
    "keywords": [
      "Format",
      "Report",
      "USD",
      "Header"
    ],
    "ports": {
      "requires": [
        "Financial:CombinedFinancialSummary",
        "Financial:NetIncome"
      ],
      "provides": [
        "Report:FormattedProfitAndLoss"
      ]
    },
    "semantics": {
      "intents": [
        "Format the report with {formatting_rules}, and add '{header_text}' to the header."
      ],
      "deliverables": [],
      "evaluation_anchor": {
        "category": "Compliance",
        "assertion_logic": "Assert that the report applies the {formatting_rules} and includes '{header_text}' in the header, matching the Golden Run's formatting constraints."
      }
    },
    "data_profile": {
      "business_context": "Preparing the financial data for executive presentation with clean formatting and clear labeling.",
      "formatting_rules": "labeled columns, aligned USD currency formatting",
      "header_text": "As of 12/31/2024"
    }
  },
  {
    "skill_id": "export_profit_and_loss_excel",
    "skill_name": "Export Profit and Loss Excel",
    "node_type": "export",
    "sandbox_role": "Global_Constraint",
    "keywords": [
      "Export",
      "Excel",
      "Deliverable",
      "Report"
    ],
    "ports": {
      "requires": [
        "Report:FormattedProfitAndLoss"
      ],
      "provides": [
        "Deliverable:ProfitAndLossExcel"
      ]
    },
    "semantics": {
      "intents": [
        "Export the final structured profit and loss report to a new Excel document named '{deliverable_file}'."
      ],
      "deliverables": [
        "final_profit_and_loss_report.xlsx"
      ],
      "evaluation_anchor": {
        "category": "Compliance",
        "assertion_logic": "Assert file_exists('{deliverable_file}') in the final submission and verify it is a valid Excel document."
      }
    },
    "data_profile": {
      "business_context": "Generating the final deliverable file for stakeholders to review the tour's financial performance.",
      "deliverable_file": "final_profit_and_loss_report.xlsx"
    }
  }
]
