
==================== Agent 1 输出 ====================
[
  {
    "action_type": "Base",
    "description": "Load income, costs, and tax withholding data from the Tour Manager and production company reference files."
  },
  {
    "action_type": "Mutate",
    "description": "Tag all loaded records with their respective source system, either Tour Manager or production company."
  },
  {
    "action_type": "Mutate",
    "description": "Filter revenue records and group them line-by-line by city and country."
  },
  {
    "action_type": "Mutate",
    "description": "Convert all gross revenue figures from their local currencies to USD."
  },
  {
    "action_type": "Mutate",
    "description": "Map foreign tax withholding rates to the revenue records based on the country: UK at 20%, France at 15%, Spain at 24%, and Germany at 15.825%."
  },
  {
    "action_type": "Mutate",
    "description": "Calculate the withholding tax amount for each revenue record by multiplying the gross USD revenue by the mapped tax rate."
  },
  {
    "action_type": "Mutate",
    "description": "Calculate the net revenue for each tour stop by subtracting the calculated withholding tax amount from the gross USD revenue."
  },
  {
    "action_type": "Mutate",
    "description": "Calculate the Total Net Revenue by summing the net revenue of all tour stops."
  },
  {
    "action_type": "Mutate",
    "description": "Filter expense records and assign them to standard categories: 'Band and Crew', 'Hotel & Restaurants', and 'Other Travel Costs'."
  },
  {
    "action_type": "Trap",
    "description": "Identify any expense records that are missing a specific category assignment or are uncategorized, and map these missing values to the 'Other Tour Costs' category."
  },
  {
    "action_type": "Mutate",
    "description": "Calculate Total Expenses by summing all categorized expense records."
  },
  {
    "action_type": "Mutate",
    "description": "Calculate Net Income by subtracting Total Expenses from Total Net Revenue."
  },
  {
    "action_type": "Mutate",
    "description": "Pivot or aggregate the calculated revenue, expenses, and net income into separate columns based on the source tag (Tour Manager vs. production company)."
  },
  {
    "action_type": "Mutate",
    "description": "Calculate a total combined column by summing the Tour Manager and production company values for each line item."
  },
  {
    "action_type": "Export",
    "description": "Export the structured profit and loss summary to an Excel file, applying USD currency formatting, labeled columns, and adding 'As of 12/31/2024' to the header."
  }
]

==================== Agent 2 输出 ====================
[
  {
    "action_type": "Base",
    "description": "Load income, costs, and tax withholding data from the Tour Manager and production company reference files.",
    "requires": [],
    "provides": [
      "Financial:RawTourData"
    ]
  },
  {
    "action_type": "Mutate",
    "description": "Tag all loaded records with their respective source system, either Tour Manager or production company.",
    "requires": [
      "Financial:RawTourData"
    ],
    "provides": [
      "Financial:TaggedTourData"
    ]
  },
  {
    "action_type": "Mutate",
    "description": "Filter revenue records and group them line-by-line by city and country.",
    "requires": [
      "Financial:TaggedTourData"
    ],
    "provides": [
      "Financial:GroupedRevenue"
    ]
  },
  {
    "action_type": "Mutate",
    "description": "Convert all gross revenue figures from their local currencies to USD.",
    "requires": [
      "Financial:GroupedRevenue"
    ],
    "provides": [
      "Financial:GrossRevenueUSD"
    ]
  },
  {
    "action_type": "Mutate",
    "description": "Map foreign tax withholding rates to the revenue records based on the country: UK at 20%, France at 15%, Spain at 24%, and Germany at 15.825%.",
    "requires": [
      "Financial:GrossRevenueUSD"
    ],
    "provides": [
      "Financial:RevenueWithTaxRates"
    ]
  },
  {
    "action_type": "Mutate",
    "description": "Calculate the withholding tax amount for each revenue record by multiplying the gross USD revenue by the mapped tax rate.",
    "requires": [
      "Financial:RevenueWithTaxRates"
    ],
    "provides": [
      "Financial:RevenueWithTaxAmount"
    ]
  },
  {
    "action_type": "Mutate",
    "description": "Calculate the net revenue for each tour stop by subtracting the calculated withholding tax amount from the gross USD revenue.",
    "requires": [
      "Financial:RevenueWithTaxAmount"
    ],
    "provides": [
      "Financial:NetRevenuePerStop"
    ]
  },
  {
    "action_type": "Mutate",
    "description": "Calculate the Total Net Revenue by summing the net revenue of all tour stops.",
    "requires": [
      "Financial:NetRevenuePerStop"
    ],
    "provides": [
      "Financial:TotalNetRevenue"
    ]
  },
  {
    "action_type": "Mutate",
    "description": "Filter expense records and assign them to standard categories: 'Band and Crew', 'Hotel & Restaurants', and 'Other Travel Costs'.",
    "requires": [
      "Financial:TaggedTourData"
    ],
    "provides": [
      "Financial:CategorizedExpenses"
    ]
  },
  {
    "action_type": "Trap",
    "description": "Identify any expense records that are missing a specific category assignment or are uncategorized, and map these missing values to the 'Other Tour Costs' category.",
    "requires": [
      "Financial:CategorizedExpenses"
    ],
    "provides": [
      "Financial:FullyCategorizedExpenses"
    ]
  },
  {
    "action_type": "Mutate",
    "description": "Calculate Total Expenses by summing all categorized expense records.",
    "requires": [
      "Financial:FullyCategorizedExpenses"
    ],
    "provides": [
      "Financial:TotalExpenses"
    ]
  },
  {
    "action_type": "Mutate",
    "description": "Calculate Net Income by subtracting Total Expenses from Total Net Revenue.",
    "requires": [
      "Financial:TotalNetRevenue",
      "Financial:TotalExpenses"
    ],
    "provides": [
      "Financial:NetIncome"
    ]
  },
  {
    "action_type": "Mutate",
    "description": "Pivot or aggregate the calculated revenue, expenses, and net income into separate columns based on the source tag (Tour Manager vs. production company).",
    "requires": [
      "Financial:NetRevenuePerStop",
      "Financial:FullyCategorizedExpenses",
      "Financial:NetIncome"
    ],
    "provides": [
      "Financial:PivotedPnL"
    ]
  },
  {
    "action_type": "Mutate",
    "description": "Calculate a total combined column by summing the Tour Manager and production company values for each line item.",
    "requires": [
      "Financial:PivotedPnL"
    ],
    "provides": [
      "Financial:CombinedPnL"
    ]
  },
  {
    "action_type": "Export",
    "description": "Export the structured profit and loss summary to an Excel file, applying USD currency formatting, labeled columns, and adding 'As of 12/31/2024' to the header.",
    "requires": [
      "Financial:CombinedPnL"
    ],
    "provides": []
  }
]

==================== Agent 3 输出 ====================
[
  {
    "skill_id": "load_tour_financial_data",
    "skill_name": "Load Tour Financial Data",
    "node_type": "base",
    "keywords": [
      "Load",
      "Income",
      "Costs",
      "Tax"
    ],
    "ports": {
      "requires": [],
      "provides": [
        "TM:TransactionID",
        "TM:RecordType",
        "TM:City",
        "TM:Country",
        "TM:LocalCurrency",
        "Financial:RawTourData",
        "TM:ExpenseCategory",
        "Prod:TransactionID",
        "Prod:RecordType",
        "Prod:City",
        "Prod:Country",
        "Prod:LocalCurrency",
        "Prod:GrossAmount",
        "Prod:ExpenseCategory"
      ]
    },
    "semantics": {
      "intents": [
        "Load income, costs, and tax withholding data from the {tour_manager_file} and {production_company_file} reference files.",
        "Export the final loaded result to the file specified in deliverables: {deliverables[0]}."
      ],
      "deliverables": [
        "raw_tour_data_loaded.xlsx"
      ]
    },
    "data_params": {
      "tour_manager_file": "tour_manager_data.xlsx",
      "production_company_file": "production_company_data.xlsx",
      "suggested_row_counts": {
        "tour_manager_data.xlsx": 200,
        "production_company_data.xlsx": 200
      },
      "schemas": {
        "tour_manager_data.xlsx": [
          {
            "name": "Transaction_ID",
            "generator_type": "id"
          },
          {
            "name": "Record_Type",
            "generator_type": "categorical",
            "kwargs": {
              "categories": [
                "Revenue",
                "Expense"
              ]
            }
          },
          {
            "name": "City",
            "generator_type": "categorical",
            "kwargs": {
              "categories": [
                "London",
                "Paris",
                "Berlin",
                "Madrid"
              ]
            }
          },
          {
            "name": "Country",
            "generator_type": "categorical",
            "kwargs": {
              "categories": [
                "UK",
                "France",
                "Germany",
                "Spain"
              ]
            }
          },
          {
            "name": "Local_Currency",
            "generator_type": "categorical",
            "kwargs": {
              "categories": [
                "GBP",
                "EUR"
              ]
            }
          },
          {
            "name": "Gross_Amount",
            "generator_type": "uniform",
            "kwargs": {
              "min": 500,
              "max": 15000
            }
          },
          {
            "name": "Expense_Category",
            "generator_type": "categorical",
            "kwargs": {
              "categories": [
                "Band and Crew",
                "Hotel & Restaurants",
                "Other Travel Costs",
                ""
              ]
            }
          }
        ],
        "production_company_data.xlsx": [
          {
            "name": "Transaction_ID",
            "generator_type": "id"
          },
          {
            "name": "Record_Type",
            "generator_type": "categorical",
            "kwargs": {
              "categories": [
                "Revenue",
                "Expense"
              ]
            }
          },
          {
            "name": "City",
            "generator_type": "categorical",
            "kwargs": {
              "categories": [
                "London",
                "Paris",
                "Berlin",
                "Madrid"
              ]
            }
          },
          {
            "name": "Country",
            "generator_type": "categorical",
            "kwargs": {
              "categories": [
                "UK",
                "France",
                "Germany",
                "Spain"
              ]
            }
          },
          {
            "name": "Local_Currency",
            "generator_type": "categorical",
            "kwargs": {
              "categories": [
                "GBP",
                "EUR"
              ]
            }
          },
          {
            "name": "Gross_Amount",
            "generator_type": "uniform",
            "kwargs": {
              "min": 500,
              "max": 15000
            }
          },
          {
            "name": "Expense_Category",
            "generator_type": "categorical",
            "kwargs": {
              "categories": [
                "Band and Crew",
                "Hotel & Restaurants",
                "Other Travel Costs",
                ""
              ]
            }
          }
        ]
      },
      "port_to_column_mapping": {
        "TM:TransactionID": {
          "table": "tour_manager_data.xlsx",
          "column": "Transaction_ID"
        },
        "TM:RecordType": {
          "table": "tour_manager_data.xlsx",
          "column": "Record_Type"
        },
        "TM:City": {
          "table": "tour_manager_data.xlsx",
          "column": "City"
        },
        "TM:Country": {
          "table": "tour_manager_data.xlsx",
          "column": "Country"
        },
        "TM:LocalCurrency": {
          "table": "tour_manager_data.xlsx",
          "column": "Local_Currency"
        },
        "Financial:RawTourData": {
          "table": "tour_manager_data.xlsx",
          "column": "Gross_Amount"
        },
        "TM:ExpenseCategory": {
          "table": "tour_manager_data.xlsx",
          "column": "Expense_Category"
        },
        "Prod:TransactionID": {
          "table": "production_company_data.xlsx",
          "column": "Transaction_ID"
        },
        "Prod:RecordType": {
          "table": "production_company_data.xlsx",
          "column": "Record_Type"
        },
        "Prod:City": {
          "table": "production_company_data.xlsx",
          "column": "City"
        },
        "Prod:Country": {
          "table": "production_company_data.xlsx",
          "column": "Country"
        },
        "Prod:LocalCurrency": {
          "table": "production_company_data.xlsx",
          "column": "Local_Currency"
        },
        "Prod:GrossAmount": {
          "table": "production_company_data.xlsx",
          "column": "Gross_Amount"
        },
        "Prod:ExpenseCategory": {
          "table": "production_company_data.xlsx",
          "column": "Expense_Category"
        }
      }
    }
  },
  {
    "skill_id": "tag_source_system",
    "skill_name": "Tag Source System",
    "node_type": "mutate",
    "keywords": [
      "Tag",
      "Source",
      "System"
    ],
    "ports": {
      "requires": [
        "Financial:RawTourData"
      ],
      "provides": [
        "Financial:TaggedTourData"
      ]
    },
    "semantics": {
      "intents": [
        "Tag all loaded records with their respective source system, either {source_tags[0]} or {source_tags[1]}, in a new column named {tag_column}."
      ]
    },
    "data_params": {
      "source_tags": [
        "Tour Manager",
        "Production Company"
      ],
      "tag_column": "Source_System"
    }
  },
  {
    "skill_id": "filter_group_revenue",
    "skill_name": "Filter and Group Revenue",
    "node_type": "mutate",
    "keywords": [
      "Filter",
      "Group",
      "Revenue"
    ],
    "ports": {
      "requires": [
        "Financial:TaggedTourData"
      ],
      "provides": [
        "Financial:GroupedRevenue"
      ]
    },
    "semantics": {
      "intents": [
        "Filter records to include only those where the record type is {record_type_filter}.",
        "Group the filtered revenue records line-by-line by {group_by_columns}."
      ]
    },
    "data_params": {
      "record_type_filter": "Revenue",
      "group_by_columns": [
        "City",
        "Country"
      ]
    }
  },
  {
    "skill_id": "convert_gross_revenue_usd",
    "skill_name": "Convert Gross Revenue to USD",
    "node_type": "mutate",
    "keywords": [
      "Convert",
      "Currency",
      "USD"
    ],
    "ports": {
      "requires": [
        "Financial:GroupedRevenue"
      ],
      "provides": [
        "Financial:GrossRevenueUSD"
      ]
    },
    "semantics": {
      "intents": [
        "Convert all gross revenue figures from their local currencies to {target_currency} and store the result in a new column named {new_column}."
      ]
    },
    "data_params": {
      "target_currency": "USD",
      "new_column": "Gross_Revenue_USD"
    }
  },
  {
    "skill_id": "map_foreign_tax_rates",
    "skill_name": "Map Foreign Tax Rates",
    "node_type": "mutate",
    "keywords": [
      "Map",
      "Tax",
      "Rates"
    ],
    "ports": {
      "requires": [
        "Financial:GrossRevenueUSD"
      ],
      "provides": [
        "Financial:RevenueWithTaxRates"
      ]
    },
    "semantics": {
      "intents": [
        "Map foreign tax withholding rates to the revenue records based on the country using the following rates: {tax_rates}.",
        "Store the mapped rates in a new column named {tax_rate_column}."
      ]
    },
    "data_params": {
      "tax_rates": {
        "UK": 0.2,
        "France": 0.15,
        "Spain": 0.24,
        "Germany": 0.15825
      },
      "tax_rate_column": "Withholding_Tax_Rate"
    }
  },
  {
    "skill_id": "calculate_withholding_tax_amount",
    "skill_name": "Calculate Withholding Tax Amount",
    "node_type": "mutate",
    "keywords": [
      "Calculate",
      "Tax",
      "Amount"
    ],
    "ports": {
      "requires": [
        "Financial:RevenueWithTaxRates"
      ],
      "provides": [
        "Financial:RevenueWithTaxAmount"
      ]
    },
    "semantics": {
      "intents": [
        "Calculate the withholding tax amount for each revenue record by multiplying the gross USD revenue by the mapped tax rate.",
        "Store the calculated amount in a new column named {tax_amount_column}."
      ]
    },
    "data_params": {
      "tax_amount_column": "Withholding_Tax_Amount"
    }
  },
  {
    "skill_id": "calculate_net_revenue_per_stop",
    "skill_name": "Calculate Net Revenue Per Stop",
    "node_type": "mutate",
    "keywords": [
      "Calculate",
      "Net",
      "Revenue"
    ],
    "ports": {
      "requires": [
        "Financial:RevenueWithTaxAmount"
      ],
      "provides": [
        "Financial:NetRevenuePerStop"
      ]
    },
    "semantics": {
      "intents": [
        "Calculate the net revenue for each tour stop by subtracting the calculated withholding tax amount from the gross USD revenue.",
        "Store the result in a new column named {net_revenue_column}."
      ]
    },
    "data_params": {
      "net_revenue_column": "Net_Revenue"
    }
  },
  {
    "skill_id": "calculate_total_net_revenue",
    "skill_name": "Calculate Total Net Revenue",
    "node_type": "mutate",
    "keywords": [
      "Calculate",
      "Total",
      "Net",
      "Revenue"
    ],
    "ports": {
      "requires": [
        "Financial:NetRevenuePerStop"
      ],
      "provides": [
        "Financial:TotalNetRevenue"
      ]
    },
    "semantics": {
      "intents": [
        "Calculate the {total_net_revenue_metric} by summing the net revenue of all tour stops."
      ]
    },
    "data_params": {
      "total_net_revenue_metric": "Total_Net_Revenue"
    }
  },
  {
    "skill_id": "filter_categorize_expenses",
    "skill_name": "Filter and Categorize Expenses",
    "node_type": "mutate",
    "keywords": [
      "Filter",
      "Categorize",
      "Expenses"
    ],
    "ports": {
      "requires": [
        "Financial:TaggedTourData"
      ],
      "provides": [
        "Financial:CategorizedExpenses"
      ]
    },
    "semantics": {
      "intents": [
        "Filter records to include only those where the record type is {record_type_filter}.",
        "Assign the filtered expense records to standard categories: {standard_categories}."
      ]
    },
    "data_params": {
      "record_type_filter": "Expense",
      "standard_categories": [
        "Band and Crew",
        "Hotel & Restaurants",
        "Other Travel Costs"
      ]
    }
  },
  {
    "skill_id": "trap_missing_expense_categories",
    "skill_name": "Trap Missing Expense Categories",
    "node_type": "trap",
    "keywords": [
      "Identify",
      "Missing",
      "Category",
      "Uncategorized"
    ],
    "ports": {
      "requires": [
        "Financial:CategorizedExpenses"
      ],
      "provides": [
        "Financial:FullyCategorizedExpenses"
      ]
    },
    "semantics": {
      "intents": [
        "Identify any expense records that are missing a specific category assignment or are uncategorized, which violates the requirement that all records must be categorized (e.g., as {fallback_category})."
      ]
    },
    "data_params": {
      "fallback_category": "Other Tour Costs"
    }
  },
  {
    "skill_id": "calculate_total_expenses",
    "skill_name": "Calculate Total Expenses",
    "node_type": "mutate",
    "keywords": [
      "Calculate",
      "Total",
      "Expenses"
    ],
    "ports": {
      "requires": [
        "Financial:FullyCategorizedExpenses"
      ],
      "provides": [
        "Financial:TotalExpenses"
      ]
    },
    "semantics": {
      "intents": [
        "Calculate {total_expenses_metric} by summing all categorized expense records."
      ]
    },
    "data_params": {
      "total_expenses_metric": "Total_Expenses"
    }
  },
  {
    "skill_id": "calculate_net_income",
    "skill_name": "Calculate Net Income",
    "node_type": "mutate",
    "keywords": [
      "Calculate",
      "Net",
      "Income"
    ],
    "ports": {
      "requires": [
        "Financial:TotalNetRevenue",
        "Financial:TotalExpenses"
      ],
      "provides": [
        "Financial:NetIncome"
      ]
    },
    "semantics": {
      "intents": [
        "Calculate {net_income_metric} by subtracting Total Expenses from Total Net Revenue."
      ]
    },
    "data_params": {
      "net_income_metric": "Net_Income"
    }
  },
  {
    "skill_id": "pivot_pnl_by_source",
    "skill_name": "Pivot PnL by Source",
    "node_type": "mutate",
    "keywords": [
      "Pivot",
      "Aggregate",
      "PnL"
    ],
    "ports": {
      "requires": [
        "Financial:NetRevenuePerStop",
        "Financial:FullyCategorizedExpenses",
        "Financial:NetIncome"
      ],
      "provides": [
        "Financial:PivotedPnL"
      ]
    },
    "semantics": {
      "intents": [
        "Pivot or aggregate the calculated revenue, expenses, and net income into separate columns based on the {pivot_column} tag."
      ]
    },
    "data_params": {
      "pivot_column": "Source_System"
    }
  },
  {
    "skill_id": "calculate_combined_pnl",
    "skill_name": "Calculate Combined PnL",
    "node_type": "mutate",
    "keywords": [
      "Calculate",
      "Combined",
      "PnL"
    ],
    "ports": {
      "requires": [
        "Financial:PivotedPnL"
      ],
      "provides": [
        "Financial:CombinedPnL"
      ]
    },
    "semantics": {
      "intents": [
        "Calculate a total combined column named {combined_column_name} by summing the Tour Manager and production company values for each line item."
      ]
    },
    "data_params": {
      "combined_column_name": "Total_Combined"
    }
  },
  {
    "skill_id": "export_pnl_summary",
    "skill_name": "Export PnL Summary",
    "node_type": "export",
    "keywords": [
      "Export",
      "PnL",
      "Summary"
    ],
    "ports": {
      "requires": [
        "Financial:CombinedPnL"
      ],
      "provides": []
    },
    "semantics": {
      "intents": [
        "Export the structured profit and loss summary to an Excel file named {export_filename}.",
        "Apply {currency_format} currency formatting, ensure columns are labeled, and add {header_suffix} to the header."
      ]
    },
    "data_params": {
      "export_filename": "PnL_Summary.xlsx",
      "currency_format": "USD",
      "header_suffix": "As of 12/31/2024"
    }
  }
]

==================== Agent 4 输出 ====================
[
  {
    "skill_id": "load_tour_financial_data",
    "skill_name": "Load Tour Financial Data",
    "node_type": "base",
    "operator_class": "MultiTableBaseOperator",
    "keywords": [
      "Load",
      "Income",
      "Costs",
      "Tax"
    ],
    "ports": {
      "requires": [],
      "provides": [
        "TM:TransactionID",
        "TM:RecordType",
        "TM:City",
        "TM:Country",
        "TM:LocalCurrency",
        "Financial:RawTourData",
        "TM:ExpenseCategory",
        "Prod:TransactionID",
        "Prod:RecordType",
        "Prod:City",
        "Prod:Country",
        "Prod:LocalCurrency",
        "Prod:GrossAmount",
        "Prod:ExpenseCategory"
      ]
    },
    "semantics": {
      "intents": [
        "Load income, costs, and tax withholding data from the {tour_manager_file} and {production_company_file} reference files.",
        "Export the final loaded result to the file specified in deliverables: {deliverables[0]}."
      ],
      "deliverables": [
        "raw_tour_data_loaded.xlsx"
      ]
    },
    "data_params": {
      "tour_manager_file": "tour_manager_data.xlsx",
      "production_company_file": "production_company_data.xlsx",
      "suggested_row_counts": {
        "tour_manager_data.xlsx": 200,
        "production_company_data.xlsx": 200
      },
      "schemas": {
        "tour_manager_data.xlsx": [
          {
            "name": "Transaction_ID",
            "generator_type": "id"
          },
          {
            "name": "Record_Type",
            "generator_type": "categorical",
            "kwargs": {
              "categories": [
                "Revenue",
                "Expense"
              ]
            }
          },
          {
            "name": "City",
            "generator_type": "categorical",
            "kwargs": {
              "categories": [
                "London",
                "Paris",
                "Berlin",
                "Madrid"
              ]
            }
          },
          {
            "name": "Country",
            "generator_type": "categorical",
            "kwargs": {
              "categories": [
                "UK",
                "France",
                "Germany",
                "Spain"
              ]
            }
          },
          {
            "name": "Local_Currency",
            "generator_type": "categorical",
            "kwargs": {
              "categories": [
                "GBP",
                "EUR"
              ]
            }
          },
          {
            "name": "Gross_Amount",
            "generator_type": "uniform",
            "kwargs": {
              "min": 500,
              "max": 15000
            }
          },
          {
            "name": "Expense_Category",
            "generator_type": "categorical",
            "kwargs": {
              "categories": [
                "Band and Crew",
                "Hotel & Restaurants",
                "Other Travel Costs",
                ""
              ]
            }
          }
        ],
        "production_company_data.xlsx": [
          {
            "name": "Transaction_ID",
            "generator_type": "id"
          },
          {
            "name": "Record_Type",
            "generator_type": "categorical",
            "kwargs": {
              "categories": [
                "Revenue",
                "Expense"
              ]
            }
          },
          {
            "name": "City",
            "generator_type": "categorical",
            "kwargs": {
              "categories": [
                "London",
                "Paris",
                "Berlin",
                "Madrid"
              ]
            }
          },
          {
            "name": "Country",
            "generator_type": "categorical",
            "kwargs": {
              "categories": [
                "UK",
                "France",
                "Germany",
                "Spain"
              ]
            }
          },
          {
            "name": "Local_Currency",
            "generator_type": "categorical",
            "kwargs": {
              "categories": [
                "GBP",
                "EUR"
              ]
            }
          },
          {
            "name": "Gross_Amount",
            "generator_type": "uniform",
            "kwargs": {
              "min": 500,
              "max": 15000
            }
          },
          {
            "name": "Expense_Category",
            "generator_type": "categorical",
            "kwargs": {
              "categories": [
                "Band and Crew",
                "Hotel & Restaurants",
                "Other Travel Costs",
                ""
              ]
            }
          }
        ]
      },
      "port_to_column_mapping": {
        "TM:TransactionID": {
          "table": "tour_manager_data.xlsx",
          "column": "Transaction_ID"
        },
        "TM:RecordType": {
          "table": "tour_manager_data.xlsx",
          "column": "Record_Type"
        },
        "TM:City": {
          "table": "tour_manager_data.xlsx",
          "column": "City"
        },
        "TM:Country": {
          "table": "tour_manager_data.xlsx",
          "column": "Country"
        },
        "TM:LocalCurrency": {
          "table": "tour_manager_data.xlsx",
          "column": "Local_Currency"
        },
        "Financial:RawTourData": {
          "table": "tour_manager_data.xlsx",
          "column": "Gross_Amount"
        },
        "TM:ExpenseCategory": {
          "table": "tour_manager_data.xlsx",
          "column": "Expense_Category"
        },
        "Prod:TransactionID": {
          "table": "production_company_data.xlsx",
          "column": "Transaction_ID"
        },
        "Prod:RecordType": {
          "table": "production_company_data.xlsx",
          "column": "Record_Type"
        },
        "Prod:City": {
          "table": "production_company_data.xlsx",
          "column": "City"
        },
        "Prod:Country": {
          "table": "production_company_data.xlsx",
          "column": "Country"
        },
        "Prod:LocalCurrency": {
          "table": "production_company_data.xlsx",
          "column": "Local_Currency"
        },
        "Prod:GrossAmount": {
          "table": "production_company_data.xlsx",
          "column": "Gross_Amount"
        },
        "Prod:ExpenseCategory": {
          "table": "production_company_data.xlsx",
          "column": "Expense_Category"
        }
      }
    }
  },
  {
    "skill_id": "tag_source_system",
    "skill_name": "Tag Source System",
    "node_type": "mutate",
    "operator_class": "PhantomTaskOperator",
    "keywords": [
      "Tag",
      "Source",
      "System"
    ],
    "ports": {
      "requires": [
        "Financial:RawTourData"
      ],
      "provides": [
        "Financial:TaggedTourData"
      ]
    },
    "semantics": {
      "intents": [
        "Tag all loaded records with their respective source system, either {source_tags[0]} or {source_tags[1]}, in a new column named {tag_column}."
      ]
    },
    "data_params": {
      "source_tags": [
        "Tour Manager",
        "Production Company"
      ],
      "tag_column": "Source_System"
    }
  },
  {
    "skill_id": "filter_group_revenue",
    "skill_name": "Filter and Group Revenue",
    "node_type": "mutate",
    "operator_class": "PhantomTaskOperator",
    "keywords": [
      "Filter",
      "Group",
      "Revenue"
    ],
    "ports": {
      "requires": [
        "Financial:TaggedTourData"
      ],
      "provides": [
        "Financial:GroupedRevenue"
      ]
    },
    "semantics": {
      "intents": [
        "Filter records to include only those where the record type is {record_type_filter}.",
        "Group the filtered revenue records line-by-line by {group_by_columns}."
      ]
    },
    "data_params": {
      "record_type_filter": "Revenue",
      "group_by_columns": [
        "City",
        "Country"
      ]
    }
  },
  {
    "skill_id": "convert_gross_revenue_usd",
    "skill_name": "Convert Gross Revenue to USD",
    "node_type": "mutate",
    "operator_class": "PhantomTaskOperator",
    "keywords": [
      "Convert",
      "Currency",
      "USD"
    ],
    "ports": {
      "requires": [
        "Financial:GroupedRevenue"
      ],
      "provides": [
        "Financial:GrossRevenueUSD"
      ]
    },
    "semantics": {
      "intents": [
        "Convert all gross revenue figures from their local currencies to {target_currency} and store the result in a new column named {new_column}."
      ]
    },
    "data_params": {
      "target_currency": "USD",
      "new_column": "Gross_Revenue_USD"
    }
  },
  {
    "skill_id": "map_foreign_tax_rates",
    "skill_name": "Map Foreign Tax Rates",
    "node_type": "mutate",
    "operator_class": "PhantomTaskOperator",
    "keywords": [
      "Map",
      "Tax",
      "Rates"
    ],
    "ports": {
      "requires": [
        "Financial:GrossRevenueUSD"
      ],
      "provides": [
        "Financial:RevenueWithTaxRates"
      ]
    },
    "semantics": {
      "intents": [
        "Map foreign tax withholding rates to the revenue records based on the country using the following rates: {tax_rates}.",
        "Store the mapped rates in a new column named {tax_rate_column}."
      ]
    },
    "data_params": {
      "tax_rates": {
        "UK": 0.2,
        "France": 0.15,
        "Spain": 0.24,
        "Germany": 0.15825
      },
      "tax_rate_column": "Withholding_Tax_Rate"
    }
  },
  {
    "skill_id": "calculate_withholding_tax_amount",
    "skill_name": "Calculate Withholding Tax Amount",
    "node_type": "mutate",
    "operator_class": "PhantomTaskOperator",
    "keywords": [
      "Calculate",
      "Tax",
      "Amount"
    ],
    "ports": {
      "requires": [
        "Financial:RevenueWithTaxRates"
      ],
      "provides": [
        "Financial:RevenueWithTaxAmount"
      ]
    },
    "semantics": {
      "intents": [
        "Calculate the withholding tax amount for each revenue record by multiplying the gross USD revenue by the mapped tax rate.",
        "Store the calculated amount in a new column named {tax_amount_column}."
      ]
    },
    "data_params": {
      "tax_amount_column": "Withholding_Tax_Amount"
    }
  },
  {
    "skill_id": "calculate_net_revenue_per_stop",
    "skill_name": "Calculate Net Revenue Per Stop",
    "node_type": "mutate",
    "operator_class": "PhantomTaskOperator",
    "keywords": [
      "Calculate",
      "Net",
      "Revenue"
    ],
    "ports": {
      "requires": [
        "Financial:RevenueWithTaxAmount"
      ],
      "provides": [
        "Financial:NetRevenuePerStop"
      ]
    },
    "semantics": {
      "intents": [
        "Calculate the net revenue for each tour stop by subtracting the calculated withholding tax amount from the gross USD revenue.",
        "Store the result in a new column named {net_revenue_column}."
      ]
    },
    "data_params": {
      "net_revenue_column": "Net_Revenue"
    }
  },
  {
    "skill_id": "calculate_total_net_revenue",
    "skill_name": "Calculate Total Net Revenue",
    "node_type": "mutate",
    "operator_class": "PhantomTaskOperator",
    "keywords": [
      "Calculate",
      "Total",
      "Net",
      "Revenue"
    ],
    "ports": {
      "requires": [
        "Financial:NetRevenuePerStop"
      ],
      "provides": [
        "Financial:TotalNetRevenue"
      ]
    },
    "semantics": {
      "intents": [
        "Calculate the {total_net_revenue_metric} by summing the net revenue of all tour stops."
      ]
    },
    "data_params": {
      "total_net_revenue_metric": "Total_Net_Revenue"
    }
  },
  {
    "skill_id": "filter_categorize_expenses",
    "skill_name": "Filter and Categorize Expenses",
    "node_type": "mutate",
    "operator_class": "PhantomTaskOperator",
    "keywords": [
      "Filter",
      "Categorize",
      "Expenses"
    ],
    "ports": {
      "requires": [
        "Financial:TaggedTourData"
      ],
      "provides": [
        "Financial:CategorizedExpenses"
      ]
    },
    "semantics": {
      "intents": [
        "Filter records to include only those where the record type is {record_type_filter}.",
        "Assign the filtered expense records to standard categories: {standard_categories}."
      ]
    },
    "data_params": {
      "record_type_filter": "Expense",
      "standard_categories": [
        "Band and Crew",
        "Hotel & Restaurants",
        "Other Travel Costs"
      ]
    }
  },
  {
    "skill_id": "trap_missing_expense_categories",
    "skill_name": "Trap Missing Expense Categories",
    "node_type": "trap",
    "operator_class": "CellPerturbationOperator",
    "keywords": [
      "Identify",
      "Missing",
      "Category",
      "Uncategorized"
    ],
    "ports": {
      "requires": [
        "Financial:CategorizedExpenses"
      ],
      "provides": [
        "Financial:FullyCategorizedExpenses"
      ]
    },
    "semantics": {
      "intents": [
        "Identify any expense records that are missing a specific category assignment or are uncategorized, which violates the requirement that all records must be categorized (e.g., as {fallback_category})."
      ]
    },
    "data_params": {
      "fallback_category": "Other Tour Costs",
      "perturbation_mode": "to_null",
      "trap_count": 3
    }
  },
  {
    "skill_id": "calculate_total_expenses",
    "skill_name": "Calculate Total Expenses",
    "node_type": "mutate",
    "operator_class": "PhantomTaskOperator",
    "keywords": [
      "Calculate",
      "Total",
      "Expenses"
    ],
    "ports": {
      "requires": [
        "Financial:FullyCategorizedExpenses"
      ],
      "provides": [
        "Financial:TotalExpenses"
      ]
    },
    "semantics": {
      "intents": [
        "Calculate {total_expenses_metric} by summing all categorized expense records."
      ]
    },
    "data_params": {
      "total_expenses_metric": "Total_Expenses"
    }
  },
  {
    "skill_id": "calculate_net_income",
    "skill_name": "Calculate Net Income",
    "node_type": "mutate",
    "operator_class": "PhantomTaskOperator",
    "keywords": [
      "Calculate",
      "Net",
      "Income"
    ],
    "ports": {
      "requires": [
        "Financial:TotalNetRevenue",
        "Financial:TotalExpenses"
      ],
      "provides": [
        "Financial:NetIncome"
      ]
    },
    "semantics": {
      "intents": [
        "Calculate {net_income_metric} by subtracting Total Expenses from Total Net Revenue."
      ]
    },
    "data_params": {
      "net_income_metric": "Net_Income"
    }
  },
  {
    "skill_id": "pivot_pnl_by_source",
    "skill_name": "Pivot PnL by Source",
    "node_type": "mutate",
    "operator_class": "PhantomTaskOperator",
    "keywords": [
      "Pivot",
      "Aggregate",
      "PnL"
    ],
    "ports": {
      "requires": [
        "Financial:NetRevenuePerStop",
        "Financial:FullyCategorizedExpenses",
        "Financial:NetIncome"
      ],
      "provides": [
        "Financial:PivotedPnL"
      ]
    },
    "semantics": {
      "intents": [
        "Pivot or aggregate the calculated revenue, expenses, and net income into separate columns based on the {pivot_column} tag."
      ]
    },
    "data_params": {
      "pivot_column": "Source_System"
    }
  },
  {
    "skill_id": "calculate_combined_pnl",
    "skill_name": "Calculate Combined PnL",
    "node_type": "mutate",
    "operator_class": "PhantomTaskOperator",
    "keywords": [
      "Calculate",
      "Combined",
      "PnL"
    ],
    "ports": {
      "requires": [
        "Financial:PivotedPnL"
      ],
      "provides": [
        "Financial:CombinedPnL"
      ]
    },
    "semantics": {
      "intents": [
        "Calculate a total combined column named {combined_column_name} by summing the Tour Manager and production company values for each line item."
      ]
    },
    "data_params": {
      "combined_column_name": "Total_Combined"
    }
  },
  {
    "skill_id": "export_pnl_summary",
    "skill_name": "Export PnL Summary",
    "node_type": "export",
    "operator_class": "PhantomTaskOperator",
    "keywords": [
      "Export",
      "PnL",
      "Summary"
    ],
    "ports": {
      "requires": [
        "Financial:CombinedPnL"
      ],
      "provides": []
    },
    "semantics": {
      "intents": [
        "Export the structured profit and loss summary to an Excel file named {export_filename}.",
        "Apply {currency_format} currency formatting, ensure columns are labeled, and add {header_suffix} to the header."
      ]
    },
    "data_params": {
      "export_filename": "PnL_Summary.xlsx",
      "currency_format": "USD",
      "header_suffix": "As of 12/31/2024"
    }
  }
]

==================== Agent 5 输出 ====================
[
  {
    "skill_id": "load_tour_financial_data",
    "skill_name": "Load Tour Financial Data",
    "node_type": "base",
    "operator_class": "MultiTableBaseOperator",
    "keywords": [
      "Load",
      "Income",
      "Costs",
      "Tax"
    ],
    "ports": {
      "requires": [],
      "provides": [
        "TM:TransactionID",
        "TM:RecordType",
        "TM:City",
        "TM:Country",
        "TM:LocalCurrency",
        "Financial:RawTourData",
        "TM:ExpenseCategory",
        "Prod:TransactionID",
        "Prod:RecordType",
        "Prod:City",
        "Prod:Country",
        "Prod:LocalCurrency",
        "Prod:GrossAmount",
        "Prod:ExpenseCategory"
      ]
    },
    "semantics": {
      "intents": [
        "Load income, costs, and tax withholding data from the {tour_manager_file} and {production_company_file} reference files.",
        "Export the final loaded result to the file specified in deliverables: {deliverables[0]}."
      ],
      "deliverables": [
        "raw_tour_data_loaded.xlsx"
      ],
      "rubrics": [
        "The final deliverable is named {deliverables[0]}.",
        "The final deliverable contains data successfully loaded from both the {tour_manager_file} and {production_company_file} reference files.",
        "All rows from the source files are handled gracefully without data truncation or loss during the load process."
      ]
    },
    "data_params": {
      "tour_manager_file": "tour_manager_data.xlsx",
      "production_company_file": "production_company_data.xlsx",
      "suggested_row_counts": {
        "tour_manager_data.xlsx": 200,
        "production_company_data.xlsx": 200
      },
      "schemas": {
        "tour_manager_data.xlsx": [
          {
            "name": "Transaction_ID",
            "generator_type": "id"
          },
          {
            "name": "Record_Type",
            "generator_type": "categorical",
            "kwargs": {
              "categories": [
                "Revenue",
                "Expense"
              ]
            }
          },
          {
            "name": "City",
            "generator_type": "categorical",
            "kwargs": {
              "categories": [
                "London",
                "Paris",
                "Berlin",
                "Madrid"
              ]
            }
          },
          {
            "name": "Country",
            "generator_type": "categorical",
            "kwargs": {
              "categories": [
                "UK",
                "France",
                "Germany",
                "Spain"
              ]
            }
          },
          {
            "name": "Local_Currency",
            "generator_type": "categorical",
            "kwargs": {
              "categories": [
                "GBP",
                "EUR"
              ]
            }
          },
          {
            "name": "Gross_Amount",
            "generator_type": "uniform",
            "kwargs": {
              "min": 500,
              "max": 15000
            }
          },
          {
            "name": "Expense_Category",
            "generator_type": "categorical",
            "kwargs": {
              "categories": [
                "Band and Crew",
                "Hotel & Restaurants",
                "Other Travel Costs",
                ""
              ]
            }
          }
        ],
        "production_company_data.xlsx": [
          {
            "name": "Transaction_ID",
            "generator_type": "id"
          },
          {
            "name": "Record_Type",
            "generator_type": "categorical",
            "kwargs": {
              "categories": [
                "Revenue",
                "Expense"
              ]
            }
          },
          {
            "name": "City",
            "generator_type": "categorical",
            "kwargs": {
              "categories": [
                "London",
                "Paris",
                "Berlin",
                "Madrid"
              ]
            }
          },
          {
            "name": "Country",
            "generator_type": "categorical",
            "kwargs": {
              "categories": [
                "UK",
                "France",
                "Germany",
                "Spain"
              ]
            }
          },
          {
            "name": "Local_Currency",
            "generator_type": "categorical",
            "kwargs": {
              "categories": [
                "GBP",
                "EUR"
              ]
            }
          },
          {
            "name": "Gross_Amount",
            "generator_type": "uniform",
            "kwargs": {
              "min": 500,
              "max": 15000
            }
          },
          {
            "name": "Expense_Category",
            "generator_type": "categorical",
            "kwargs": {
              "categories": [
                "Band and Crew",
                "Hotel & Restaurants",
                "Other Travel Costs",
                ""
              ]
            }
          }
        ]
      },
      "port_to_column_mapping": {
        "TM:TransactionID": {
          "table": "tour_manager_data.xlsx",
          "column": "Transaction_ID"
        },
        "TM:RecordType": {
          "table": "tour_manager_data.xlsx",
          "column": "Record_Type"
        },
        "TM:City": {
          "table": "tour_manager_data.xlsx",
          "column": "City"
        },
        "TM:Country": {
          "table": "tour_manager_data.xlsx",
          "column": "Country"
        },
        "TM:LocalCurrency": {
          "table": "tour_manager_data.xlsx",
          "column": "Local_Currency"
        },
        "Financial:RawTourData": {
          "table": "tour_manager_data.xlsx",
          "column": "Gross_Amount"
        },
        "TM:ExpenseCategory": {
          "table": "tour_manager_data.xlsx",
          "column": "Expense_Category"
        },
        "Prod:TransactionID": {
          "table": "production_company_data.xlsx",
          "column": "Transaction_ID"
        },
        "Prod:RecordType": {
          "table": "production_company_data.xlsx",
          "column": "Record_Type"
        },
        "Prod:City": {
          "table": "production_company_data.xlsx",
          "column": "City"
        },
        "Prod:Country": {
          "table": "production_company_data.xlsx",
          "column": "Country"
        },
        "Prod:LocalCurrency": {
          "table": "production_company_data.xlsx",
          "column": "Local_Currency"
        },
        "Prod:GrossAmount": {
          "table": "production_company_data.xlsx",
          "column": "Gross_Amount"
        },
        "Prod:ExpenseCategory": {
          "table": "production_company_data.xlsx",
          "column": "Expense_Category"
        }
      }
    }
  },
  {
    "skill_id": "tag_source_system",
    "skill_name": "Tag Source System",
    "node_type": "mutate",
    "operator_class": "PhantomTaskOperator",
    "keywords": [
      "Tag",
      "Source",
      "System"
    ],
    "ports": {
      "requires": [
        "Financial:RawTourData"
      ],
      "provides": [
        "Financial:TaggedTourData"
      ]
    },
    "semantics": {
      "intents": [
        "Tag all loaded records with their respective source system, either {source_tags[0]} or {source_tags[1]}, in a new column named {tag_column}."
      ],
      "rubrics": [
        "The final deliverable contains a column named '{tag_column}'.",
        "If a record originates from the first source, at least one such row is correctly tagged with '{source_tags[0]}' in the '{tag_column}' column.",
        "If a record originates from the second source, at least one such row is correctly tagged with '{source_tags[1]}' in the '{tag_column}' column."
      ]
    },
    "data_params": {
      "source_tags": [
        "Tour Manager",
        "Production Company"
      ],
      "tag_column": "Source_System"
    }
  },
  {
    "skill_id": "filter_group_revenue",
    "skill_name": "Filter and Group Revenue",
    "node_type": "mutate",
    "operator_class": "PhantomTaskOperator",
    "keywords": [
      "Filter",
      "Group",
      "Revenue"
    ],
    "ports": {
      "requires": [
        "Financial:TaggedTourData"
      ],
      "provides": [
        "Financial:GroupedRevenue"
      ]
    },
    "semantics": {
      "intents": [
        "Filter records to include only those where the record type is {record_type_filter}.",
        "Group the filtered revenue records line-by-line by {group_by_columns}."
      ],
      "rubrics": [
        "The final deliverable correctly groups the revenue records by the columns specified in {group_by_columns}.",
        "If revenue records are present, at least one row correctly reflects the '{record_type_filter}' filter applied prior to grouping."
      ]
    },
    "data_params": {
      "record_type_filter": "Revenue",
      "group_by_columns": [
        "City",
        "Country"
      ]
    }
  },
  {
    "skill_id": "convert_gross_revenue_usd",
    "skill_name": "Convert Gross Revenue to USD",
    "node_type": "mutate",
    "operator_class": "PhantomTaskOperator",
    "keywords": [
      "Convert",
      "Currency",
      "USD"
    ],
    "ports": {
      "requires": [
        "Financial:GroupedRevenue"
      ],
      "provides": [
        "Financial:GrossRevenueUSD"
      ]
    },
    "semantics": {
      "intents": [
        "Convert all gross revenue figures from their local currencies to {target_currency} and store the result in a new column named {new_column}."
      ],
      "rubrics": [
        "The final deliverable contains a column named '{new_column}'.",
        "The values in '{new_column}' are correctly calculated by multiplying the local currency gross revenue by the appropriate exchange rate to yield {target_currency}.",
        "Rows with missing or zero local currency values are handled gracefully without producing calculation errors in the '{new_column}' column."
      ]
    },
    "data_params": {
      "target_currency": "USD",
      "new_column": "Gross_Revenue_USD"
    }
  },
  {
    "skill_id": "map_foreign_tax_rates",
    "skill_name": "Map Foreign Tax Rates",
    "node_type": "mutate",
    "operator_class": "PhantomTaskOperator",
    "keywords": [
      "Map",
      "Tax",
      "Rates"
    ],
    "ports": {
      "requires": [
        "Financial:GrossRevenueUSD"
      ],
      "provides": [
        "Financial:RevenueWithTaxRates"
      ]
    },
    "semantics": {
      "intents": [
        "Map foreign tax withholding rates to the revenue records based on the country using the following rates: {tax_rates}.",
        "Store the mapped rates in a new column named {tax_rate_column}."
      ],
      "rubrics": [
        "The final deliverable contains a column named '{tax_rate_column}'.",
        "The values in '{tax_rate_column}' accurately reflect the mapped rates from {tax_rates} corresponding to each country.",
        "Any records with unrecognized countries are handled gracefully, either left blank or flagged, without causing mapping errors."
      ]
    },
    "data_params": {
      "tax_rates": {
        "UK": 0.2,
        "France": 0.15,
        "Spain": 0.24,
        "Germany": 0.15825
      },
      "tax_rate_column": "Withholding_Tax_Rate"
    }
  },
  {
    "skill_id": "calculate_withholding_tax_amount",
    "skill_name": "Calculate Withholding Tax Amount",
    "node_type": "mutate",
    "operator_class": "PhantomTaskOperator",
    "keywords": [
      "Calculate",
      "Tax",
      "Amount"
    ],
    "ports": {
      "requires": [
        "Financial:RevenueWithTaxRates"
      ],
      "provides": [
        "Financial:RevenueWithTaxAmount"
      ]
    },
    "semantics": {
      "intents": [
        "Calculate the withholding tax amount for each revenue record by multiplying the gross USD revenue by the mapped tax rate.",
        "Store the calculated amount in a new column named {tax_amount_column}."
      ],
      "rubrics": [
        "The final deliverable contains a column named '{tax_amount_column}'.",
        "The value in '{tax_amount_column}' is correctly computed as the product of the gross USD revenue and the mapped tax rate.",
        "Rows where the tax rate is zero or missing compute to a zero or null value in '{tax_amount_column}' without producing #VALUE! errors."
      ]
    },
    "data_params": {
      "tax_amount_column": "Withholding_Tax_Amount"
    }
  },
  {
    "skill_id": "calculate_net_revenue_per_stop",
    "skill_name": "Calculate Net Revenue Per Stop",
    "node_type": "mutate",
    "operator_class": "PhantomTaskOperator",
    "keywords": [
      "Calculate",
      "Net",
      "Revenue"
    ],
    "ports": {
      "requires": [
        "Financial:RevenueWithTaxAmount"
      ],
      "provides": [
        "Financial:NetRevenuePerStop"
      ]
    },
    "semantics": {
      "intents": [
        "Calculate the net revenue for each tour stop by subtracting the calculated withholding tax amount from the gross USD revenue.",
        "Store the result in a new column named {net_revenue_column}."
      ],
      "rubrics": [
        "The final deliverable contains a column named '{net_revenue_column}'.",
        "The value in '{net_revenue_column}' is correctly computed as the gross USD revenue minus the calculated withholding tax amount."
      ]
    },
    "data_params": {
      "net_revenue_column": "Net_Revenue"
    }
  },
  {
    "skill_id": "calculate_total_net_revenue",
    "skill_name": "Calculate Total Net Revenue",
    "node_type": "mutate",
    "operator_class": "PhantomTaskOperator",
    "keywords": [
      "Calculate",
      "Total",
      "Net",
      "Revenue"
    ],
    "ports": {
      "requires": [
        "Financial:NetRevenuePerStop"
      ],
      "provides": [
        "Financial:TotalNetRevenue"
      ]
    },
    "semantics": {
      "intents": [
        "Calculate the {total_net_revenue_metric} by summing the net revenue of all tour stops."
      ],
      "rubrics": [
        "The final deliverable includes a summary metric or row labeled '{total_net_revenue_metric}'.",
        "The '{total_net_revenue_metric}' is correctly computed as the sum of all individual net revenue values across all tour stops."
      ]
    },
    "data_params": {
      "total_net_revenue_metric": "Total_Net_Revenue"
    }
  },
  {
    "skill_id": "filter_categorize_expenses",
    "skill_name": "Filter and Categorize Expenses",
    "node_type": "mutate",
    "operator_class": "PhantomTaskOperator",
    "keywords": [
      "Filter",
      "Categorize",
      "Expenses"
    ],
    "ports": {
      "requires": [
        "Financial:TaggedTourData"
      ],
      "provides": [
        "Financial:CategorizedExpenses"
      ]
    },
    "semantics": {
      "intents": [
        "Filter records to include only those where the record type is {record_type_filter}.",
        "Assign the filtered expense records to standard categories: {standard_categories}."
      ],
      "rubrics": [
        "The final deliverable categorizes expense records into one of the {standard_categories}.",
        "If expense records exist, at least one row correctly reflects the '{record_type_filter}' filter applied."
      ]
    },
    "data_params": {
      "record_type_filter": "Expense",
      "standard_categories": [
        "Band and Crew",
        "Hotel & Restaurants",
        "Other Travel Costs"
      ]
    }
  },
  {
    "skill_id": "trap_missing_expense_categories",
    "skill_name": "Trap Missing Expense Categories",
    "node_type": "trap",
    "operator_class": "CellPerturbationOperator",
    "keywords": [
      "Identify",
      "Missing",
      "Category",
      "Uncategorized"
    ],
    "ports": {
      "requires": [
        "Financial:CategorizedExpenses"
      ],
      "provides": [
        "Financial:FullyCategorizedExpenses"
      ]
    },
    "semantics": {
      "intents": [
        "Identify any expense records that are missing a specific category assignment or are uncategorized, which violates the requirement that all records must be categorized (e.g., as {fallback_category})."
      ],
      "rubrics": [
        "In accordance with industry standards for financial data integrity, any expense records missing a category assignment are identified and correctly reassigned to '{fallback_category}'.",
        "If there are uncategorized expense records, at least one such record is successfully trapped and updated to '{fallback_category}'."
      ]
    },
    "data_params": {
      "fallback_category": "Other Tour Costs",
      "perturbation_mode": "to_null",
      "trap_count": 3
    }
  },
  {
    "skill_id": "calculate_total_expenses",
    "skill_name": "Calculate Total Expenses",
    "node_type": "mutate",
    "operator_class": "PhantomTaskOperator",
    "keywords": [
      "Calculate",
      "Total",
      "Expenses"
    ],
    "ports": {
      "requires": [
        "Financial:FullyCategorizedExpenses"
      ],
      "provides": [
        "Financial:TotalExpenses"
      ]
    },
    "semantics": {
      "intents": [
        "Calculate {total_expenses_metric} by summing all categorized expense records."
      ],
      "rubrics": [
        "The final deliverable includes a summary metric or row labeled '{total_expenses_metric}'.",
        "The '{total_expenses_metric}' is correctly computed as the sum of all categorized expense records."
      ]
    },
    "data_params": {
      "total_expenses_metric": "Total_Expenses"
    }
  },
  {
    "skill_id": "calculate_net_income",
    "skill_name": "Calculate Net Income",
    "node_type": "mutate",
    "operator_class": "PhantomTaskOperator",
    "keywords": [
      "Calculate",
      "Net",
      "Income"
    ],
    "ports": {
      "requires": [
        "Financial:TotalNetRevenue",
        "Financial:TotalExpenses"
      ],
      "provides": [
        "Financial:NetIncome"
      ]
    },
    "semantics": {
      "intents": [
        "Calculate {net_income_metric} by subtracting Total Expenses from Total Net Revenue."
      ],
      "rubrics": [
        "The final deliverable includes a summary metric or row labeled '{net_income_metric}'.",
        "The '{net_income_metric}' is correctly computed as the Total Net Revenue minus the Total Expenses."
      ]
    },
    "data_params": {
      "net_income_metric": "Net_Income"
    }
  },
  {
    "skill_id": "pivot_pnl_by_source",
    "skill_name": "Pivot PnL by Source",
    "node_type": "mutate",
    "operator_class": "PhantomTaskOperator",
    "keywords": [
      "Pivot",
      "Aggregate",
      "PnL"
    ],
    "ports": {
      "requires": [
        "Financial:NetRevenuePerStop",
        "Financial:FullyCategorizedExpenses",
        "Financial:NetIncome"
      ],
      "provides": [
        "Financial:PivotedPnL"
      ]
    },
    "semantics": {
      "intents": [
        "Pivot or aggregate the calculated revenue, expenses, and net income into separate columns based on the {pivot_column} tag."
      ],
      "rubrics": [
        "The final deliverable contains a pivoted structure where revenue, expenses, and net income are separated into columns based on the '{pivot_column}' tag.",
        "The aggregated values in the pivoted columns accurately sum the underlying line items for each respective '{pivot_column}' category."
      ]
    },
    "data_params": {
      "pivot_column": "Source_System"
    }
  },
  {
    "skill_id": "calculate_combined_pnl",
    "skill_name": "Calculate Combined PnL",
    "node_type": "mutate",
    "operator_class": "PhantomTaskOperator",
    "keywords": [
      "Calculate",
      "Combined",
      "PnL"
    ],
    "ports": {
      "requires": [
        "Financial:PivotedPnL"
      ],
      "provides": [
        "Financial:CombinedPnL"
      ]
    },
    "semantics": {
      "intents": [
        "Calculate a total combined column named {combined_column_name} by summing the Tour Manager and production company values for each line item."
      ],
      "rubrics": [
        "The final deliverable contains a column named '{combined_column_name}'.",
        "The values in '{combined_column_name}' are correctly computed as the sum of the Tour Manager and production company values for each respective line item."
      ]
    },
    "data_params": {
      "combined_column_name": "Total_Combined"
    }
  },
  {
    "skill_id": "export_pnl_summary",
    "skill_name": "Export PnL Summary",
    "node_type": "export",
    "operator_class": "PhantomTaskOperator",
    "keywords": [
      "Export",
      "PnL",
      "Summary"
    ],
    "ports": {
      "requires": [
        "Financial:CombinedPnL"
      ],
      "provides": []
    },
    "semantics": {
      "intents": [
        "Export the structured profit and loss summary to an Excel file named {export_filename}.",
        "Apply {currency_format} currency formatting, ensure columns are labeled, and add {header_suffix} to the header."
      ],
      "rubrics": [
        "The final deliverable is named '{export_filename}'.",
        "The final deliverable applies the '{currency_format}' currency formatting to all applicable financial columns.",
        "The header in the final deliverable includes the '{header_suffix}' suffix."
      ]
    },
    "data_params": {
      "export_filename": "PnL_Summary.xlsx",
      "currency_format": "USD",
      "header_suffix": "As of 12/31/2024"
    }
  }
]
