
==================== Agent 1 输出 ====================
[
  {
    "action_type": "Base",
    "description": "Load raw income, costs, and tax withholding datasets."
  },
  {
    "action_type": "Trap",
    "description": "Inject missing values into the expense category field."
  },
  {
    "action_type": "Mutate",
    "description": "Standard processing applied to initial revenue and expense parameters."
  },
  {
    "action_type": "Mutate",
    "description": "Map blank or missing expense categories to 'Other Tour Costs'."
  },
  {
    "action_type": "Mutate",
    "description": "Calculate Net Income by subtracting Total Expenses from Total Net Revenue."
  },
  {
    "action_type": "Export",
    "description": "Generate the final structured Excel profit and loss report."
  }
]

==================== Agent 2 输出 ====================
[
  {
    "action_type": "Base",
    "description": "Load raw income, costs, and tax withholding datasets.",
    "requires": [],
    "provides": [
      "Financial:RawIncome",
      "Financial:RawCosts",
      "Financial:TaxWithholding"
    ]
  },
  {
    "action_type": "Trap",
    "description": "Inject missing values into the expense category field.",
    "requires": [
      "Financial:RawCosts"
    ],
    "provides": [
      "Financial:InjectedCosts"
    ]
  },
  {
    "action_type": "Mutate",
    "description": "Standard processing applied to initial revenue and expense parameters.",
    "requires": [
      "Financial:RawIncome",
      "Financial:InjectedCosts",
      "Financial:TaxWithholding"
    ],
    "provides": [
      "Financial:TotalNetRevenue",
      "Financial:InitialExpenses"
    ]
  },
  {
    "action_type": "Mutate",
    "description": "Map blank or missing expense categories to 'Other Tour Costs'.",
    "requires": [
      "Financial:InitialExpenses"
    ],
    "provides": [
      "Financial:TotalExpenses"
    ]
  },
  {
    "action_type": "Mutate",
    "description": "Calculate Net Income by subtracting Total Expenses from Total Net Revenue.",
    "requires": [
      "Financial:TotalNetRevenue",
      "Financial:TotalExpenses"
    ],
    "provides": [
      "Financial:NetIncome"
    ]
  },
  {
    "action_type": "Export",
    "description": "Generate the final structured Excel profit and loss report.",
    "requires": [
      "Financial:NetIncome"
    ],
    "provides": [
      "Deliverable:ProfitAndLossReport"
    ]
  }
]
