
==================== Agent 1 输出 ====================
[
  {
    "action_type": "Base",
    "description": "Load the 'Road-Manager’s Ledger' (RML) and the 'Corporate ERP Export' datasets."
  },
  {
    "action_type": "Trap",
    "description": "Inject European decimal formatting (commas for decimals, periods for thousands) into German and French tour stop records within the RML."
  },
  {
    "action_type": "Trap",
    "description": "Inject a 20% Value Added Tax (VAT) component into the 'Gross Revenue' field of the Corporate ERP Export."
  },
  {
    "action_type": "Trap",
    "description": "Inject expense line items in the RML dated 'January 2025' that actually pertain to the October 2024 tour period."
  },
  {
    "action_type": "Mutate",
    "description": "Parse and convert European decimal strings in the RML (Germany and France) into standard numeric values."
  },
  {
    "action_type": "Mutate",
    "description": "Calculate the 20% VAT amount for Corporate ERP Gross Revenue records."
  },
  {
    "action_type": "Mutate",
    "description": "Subtract the 20% VAT from Corporate ERP Gross Revenue to establish the pre-tax base."
  },
  {
    "action_type": "Mutate",
    "description": "Identify and include RML expenses dated in January 2025 that belong to the October tour period based on accrual logic."
  },
  {
    "action_type": "Mutate",
    "description": "Map each tour stop to its respective country (UK, France, Spain, Germany)."
  },
  {
    "action_type": "Mutate",
    "description": "Assign withholding tax rates based on country: UK (20%), France (15%), Spain (24%), Germany (15.825%)."
  },
  {
    "action_type": "Mutate",
    "description": "Calculate the withholding tax amount for each revenue record using the assigned country rates."
  },
  {
    "action_type": "Mutate",
    "description": "Calculate Net Revenue by subtracting the withholding tax from the gross revenue (post-VAT removal for ERP)."
  },
  {
    "action_type": "Mutate",
    "description": "Convert all financial figures to USD using the exchange rates from October 2024."
  },
  {
    "action_type": "Mutate",
    "description": "Categorize all expenses into: Band and Crew, Other Tour Costs, Hotel & Restaurants, and Other Travel Costs."
  },
  {
    "action_type": "Mutate",
    "description": "Sum all categorized expenses to calculate Total Expenses."
  },
  {
    "action_type": "Mutate",
    "description": "Calculate Net Income by subtracting Total Expenses from Total Net Revenue."
  },
  {
    "action_type": "Mutate",
    "description": "Reconcile and consolidate RML and Corporate ERP data into a single table segmented by source."
  },
  {
    "action_type": "Export",
    "description": "Generate the final Excel Profit and Loss report as of 12/31/2024 in USD."
  }
]

==================== Agent 2 输出 ====================
[
  {
    "action_type": "Base",
    "description": "Load the 'Road-Manager’s Ledger' (RML) and the 'Corporate ERP Export' datasets.",
    "requires": [],
    "provides": [
      "Dataset:RMLRaw",
      "Dataset:ERPRaw"
    ]
  },
  {
    "action_type": "Trap",
    "description": "Inject European decimal formatting (commas for decimals, periods for thousands) into German and French tour stop records within the RML.",
    "requires": [
      "Dataset:RMLRaw"
    ],
    "provides": [
      "Dataset:RMLTrappedDecimals"
    ]
  },
  {
    "action_type": "Trap",
    "description": "Inject a 20% Value Added Tax (VAT) component into the 'Gross Revenue' field of the Corporate ERP Export.",
    "requires": [
      "Dataset:ERPRaw"
    ],
    "provides": [
      "Dataset:ERPTrappedVAT"
    ]
  },
  {
    "action_type": "Trap",
    "description": "Inject expense line items in the RML dated 'January 2025' that actually pertain to the October 2024 tour period.",
    "requires": [
      "Dataset:RMLTrappedDecimals"
    ],
    "provides": [
      "Dataset:RMLTrappedExpenses"
    ]
  },
  {
    "action_type": "Mutate",
    "description": "Parse and convert European decimal strings in the RML (Germany and France) into standard numeric values.",
    "requires": [
      "Dataset:RMLTrappedExpenses"
    ],
    "provides": [
      "Dataset:RMLNumeric"
    ]
  },
  {
    "action_type": "Mutate",
    "description": "Calculate the 20% VAT amount for Corporate ERP Gross Revenue records.",
    "requires": [
      "Dataset:ERPTrappedVAT"
    ],
    "provides": [
      "Financial:ERPVATAmount"
    ]
  },
  {
    "action_type": "Mutate",
    "description": "Subtract the 20% VAT from Corporate ERP Gross Revenue to establish the pre-tax base.",
    "requires": [
      "Dataset:ERPTrappedVAT",
      "Financial:ERPVATAmount"
    ],
    "provides": [
      "Financial:ERPPreTaxRevenue"
    ]
  },
  {
    "action_type": "Mutate",
    "description": "Identify and include RML expenses dated in January 2025 that belong to the October tour period based on accrual logic.",
    "requires": [
      "Dataset:RMLNumeric"
    ],
    "provides": [
      "Dataset:RMLAccrualAdjusted"
    ]
  },
  {
    "action_type": "Mutate",
    "description": "Map each tour stop to its respective country (UK, France, Spain, Germany).",
    "requires": [
      "Dataset:RMLAccrualAdjusted",
      "Financial:ERPPreTaxRevenue"
    ],
    "provides": [
      "Dataset:RMLCountryMapped",
      "Dataset:ERPCountryMapped"
    ]
  },
  {
    "action_type": "Mutate",
    "description": "Assign withholding tax rates based on country: UK (20%), France (15%), Spain (24%), Germany (15.825%).",
    "requires": [
      "Dataset:RMLCountryMapped",
      "Dataset:ERPCountryMapped"
    ],
    "provides": [
      "Dataset:RMLTaxRateAssigned",
      "Dataset:ERPTaxRateAssigned"
    ]
  },
  {
    "action_type": "Mutate",
    "description": "Calculate the withholding tax amount for each revenue record using the assigned country rates.",
    "requires": [
      "Dataset:RMLTaxRateAssigned",
      "Dataset:ERPTaxRateAssigned"
    ],
    "provides": [
      "Dataset:RMLWithholdingTax",
      "Dataset:ERPWithholdingTax"
    ]
  },
  {
    "action_type": "Mutate",
    "description": "Calculate Net Revenue by subtracting the withholding tax from the gross revenue (post-VAT removal for ERP).",
    "requires": [
      "Dataset:RMLWithholdingTax",
      "Dataset:ERPWithholdingTax"
    ],
    "provides": [
      "Dataset:RMLNetRevenue",
      "Dataset:ERPNetRevenue"
    ]
  },
  {
    "action_type": "Mutate",
    "description": "Convert all financial figures to USD using the exchange rates from October 2024.",
    "requires": [
      "Dataset:RMLNetRevenue",
      "Dataset:ERPNetRevenue"
    ],
    "provides": [
      "Dataset:RMLUSDConverted",
      "Dataset:ERPUSDConverted"
    ]
  },
  {
    "action_type": "Mutate",
    "description": "Categorize all expenses into: Band and Crew, Other Tour Costs, Hotel & Restaurants, and Other Travel Costs.",
    "requires": [
      "Dataset:RMLUSDConverted",
      "Dataset:ERPUSDConverted"
    ],
    "provides": [
      "Dataset:RMLExpensesCategorized",
      "Dataset:ERPExpensesCategorized"
    ]
  },
  {
    "action_type": "Mutate",
    "description": "Sum all categorized expenses to calculate Total Expenses.",
    "requires": [
      "Dataset:RMLExpensesCategorized",
      "Dataset:ERPExpensesCategorized"
    ],
    "provides": [
      "Dataset:RMLTotalExpenses",
      "Dataset:ERPTotalExpenses"
    ]
  },
  {
    "action_type": "Mutate",
    "description": "Calculate Net Income by subtracting Total Expenses from Total Net Revenue.",
    "requires": [
      "Dataset:RMLTotalExpenses",
      "Dataset:ERPTotalExpenses"
    ],
    "provides": [
      "Dataset:RMLNetIncome",
      "Dataset:ERPNetIncome"
    ]
  },
  {
    "action_type": "Mutate",
    "description": "Reconcile and consolidate RML and Corporate ERP data into a single table segmented by source.",
    "requires": [
      "Dataset:RMLNetIncome",
      "Dataset:ERPNetIncome"
    ],
    "provides": [
      "Dataset:ConsolidatedFinancials"
    ]
  },
  {
    "action_type": "Export",
    "description": "Generate the final Excel Profit and Loss report as of 12/31/2024 in USD.",
    "requires": [
      "Dataset:ConsolidatedFinancials"
    ],
    "provides": [
      "Deliverable:ExcelPnLReport"
    ]
  }
]

==================== Agent 3 输出 ====================
[
  {
    "skill_id": "load_financial_datasets",
    "skill_name": "Load Financial Datasets",
    "node_type": "base",
    "sandbox_role": "Data_Generator",
    "keywords": [
      "Load",
      "RML",
      "ERP",
      "Financials"
    ],
    "ports": {
      "requires": [],
      "provides": [
        "Dataset:RMLRaw",
        "Dataset:ERPRaw"
      ]
    },
    "semantics": {
      "intents": [
        "Load the '{rml_file}' and '{erp_file}' datasets."
      ],
      "deliverables": [
        "rml_ledger.xlsx",
        "corporate_erp.xlsx"
      ]
    },
    "data_profile": {
      "business_context": "Simulate the Road-Manager's Ledger (RML) and Corporate ERP Export datasets for a 2024 European Music Tour.",
      "rml_file": "rml_ledger.xlsx",
      "erp_file": "corporate_erp.xlsx",
      "suggested_scale": {
        "rml_ledger.xlsx": 350,
        "corporate_erp.xlsx": 500
      },
      "declarative_schemas": {
        "rml_ledger.xlsx": [
          "Transaction_ID",
          "Date",
          "Tour_Stop",
          "Expense_Category",
          "Amount",
          "Currency"
        ],
        "corporate_erp.xlsx": [
          "Record_ID",
          "Date",
          "Tour_Stop",
          "Gross_Revenue",
          "Currency"
        ]
      }
    }
  },
  {
    "skill_id": "trap_european_decimals",
    "skill_name": "Trap European Decimals",
    "node_type": "trap",
    "sandbox_role": "Data_Generator",
    "keywords": [
      "Trap",
      "Formatting",
      "Decimals",
      "European"
    ],
    "ports": {
      "requires": [
        "Dataset:RMLRaw"
      ],
      "provides": [
        "Dataset:RMLTrappedDecimals"
      ]
    },
    "semantics": {
      "intents": [
        "Inject {format_description} into {target_countries} tour stop records within the RML."
      ]
    },
    "data_profile": {
      "target_countries": "German and French",
      "format_description": "European decimal formatting (commas for decimals, periods for thousands)"
    }
  },
  {
    "skill_id": "trap_vat_injection",
    "skill_name": "Trap VAT Injection",
    "node_type": "trap",
    "sandbox_role": "Data_Generator",
    "keywords": [
      "Trap",
      "VAT",
      "Tax",
      "Revenue"
    ],
    "ports": {
      "requires": [
        "Dataset:ERPRaw"
      ],
      "provides": [
        "Dataset:ERPTrappedVAT"
      ]
    },
    "semantics": {
      "intents": [
        "Inject a {vat_rate} Value Added Tax (VAT) component into the '{target_field}' field of the Corporate ERP Export."
      ]
    },
    "data_profile": {
      "vat_rate": "20%",
      "target_field": "Gross Revenue"
    }
  },
  {
    "skill_id": "trap_accrual_mismatch",
    "skill_name": "Trap Accrual Mismatch",
    "node_type": "trap",
    "sandbox_role": "Data_Generator",
    "keywords": [
      "Trap",
      "Accrual",
      "Expenses",
      "Dates"
    ],
    "ports": {
      "requires": [
        "Dataset:RMLTrappedDecimals"
      ],
      "provides": [
        "Dataset:RMLTrappedExpenses"
      ]
    },
    "semantics": {
      "intents": [
        "Inject expense line items in the RML dated '{mismatch_date}' that actually pertain to the '{actual_period}' tour period."
      ]
    },
    "data_profile": {
      "mismatch_date": "January 2025",
      "actual_period": "October 2024"
    }
  },
  {
    "skill_id": "parse_european_decimals",
    "skill_name": "Parse European Decimals",
    "node_type": "mutate",
    "sandbox_role": "Solver",
    "keywords": [
      "Parse",
      "Decimals",
      "Numeric",
      "Conversion"
    ],
    "ports": {
      "requires": [
        "Dataset:RMLTrappedExpenses"
      ],
      "provides": [
        "Dataset:RMLNumeric"
      ]
    },
    "semantics": {
      "intents": [
        "Parse and convert {format_description} in the RML for {target_countries} into standard numeric values."
      ]
    },
    "data_profile": {
      "target_countries": "Germany and France",
      "format_description": "European decimal strings"
    }
  },
  {
    "skill_id": "calculate_vat_amount",
    "skill_name": "Calculate VAT Amount",
    "node_type": "mutate",
    "sandbox_role": "Solver",
    "keywords": [
      "Calculate",
      "VAT",
      "ERP"
    ],
    "ports": {
      "requires": [
        "Dataset:ERPTrappedVAT"
      ],
      "provides": [
        "Financial:ERPVATAmount"
      ]
    },
    "semantics": {
      "intents": [
        "Calculate the {vat_rate} VAT amount for Corporate ERP {target_field} records."
      ]
    },
    "data_profile": {
      "vat_rate": "20%",
      "target_field": "Gross Revenue"
    }
  },
  {
    "skill_id": "calculate_pretax_revenue",
    "skill_name": "Calculate Pre-Tax Revenue",
    "node_type": "mutate",
    "sandbox_role": "Solver",
    "keywords": [
      "Subtract",
      "VAT",
      "Pre-tax",
      "Revenue"
    ],
    "ports": {
      "requires": [
        "Dataset:ERPTrappedVAT",
        "Financial:ERPVATAmount"
      ],
      "provides": [
        "Financial:ERPPreTaxRevenue"
      ]
    },
    "semantics": {
      "intents": [
        "Subtract the {vat_rate} VAT from Corporate ERP {target_field} to establish the pre-tax base."
      ]
    },
    "data_profile": {
      "vat_rate": "20%",
      "target_field": "Gross Revenue"
    }
  },
  {
    "skill_id": "accrual_adjustment",
    "skill_name": "Accrual Adjustment",
    "node_type": "mutate",
    "sandbox_role": "Solver",
    "keywords": [
      "Accrual",
      "Adjustment",
      "Expenses",
      "RML"
    ],
    "ports": {
      "requires": [
        "Dataset:RMLNumeric"
      ],
      "provides": [
        "Dataset:RMLAccrualAdjusted"
      ]
    },
    "semantics": {
      "intents": [
        "Identify and include RML expenses dated in '{mismatch_date}' that belong to the '{actual_period}' tour period based on accrual logic."
      ]
    },
    "data_profile": {
      "mismatch_date": "January 2025",
      "actual_period": "October 2024"
    }
  },
  {
    "skill_id": "map_tour_countries",
    "skill_name": "Map Tour Countries",
    "node_type": "mutate",
    "sandbox_role": "Solver",
    "keywords": [
      "Map",
      "Country",
      "Tour Stop"
    ],
    "ports": {
      "requires": [
        "Dataset:RMLAccrualAdjusted",
        "Financial:ERPPreTaxRevenue"
      ],
      "provides": [
        "Dataset:RMLCountryMapped",
        "Dataset:ERPCountryMapped"
      ]
    },
    "semantics": {
      "intents": [
        "Map each tour stop to its respective country: {country_list}."
      ]
    },
    "data_profile": {
      "country_list": "UK, France, Spain, Germany"
    }
  },
  {
    "skill_id": "assign_withholding_tax_rates",
    "skill_name": "Assign Withholding Tax Rates",
    "node_type": "mutate",
    "sandbox_role": "Solver",
    "keywords": [
      "Assign",
      "Withholding Tax",
      "Rates"
    ],
    "ports": {
      "requires": [
        "Dataset:RMLCountryMapped",
        "Dataset:ERPCountryMapped"
      ],
      "provides": [
        "Dataset:RMLTaxRateAssigned",
        "Dataset:ERPTaxRateAssigned"
      ]
    },
    "semantics": {
      "intents": [
        "Assign withholding tax rates based on country: {tax_rates}."
      ]
    },
    "data_profile": {
      "tax_rates": "UK (20%), France (15%), Spain (24%), Germany (15.825%)"
    }
  },
  {
    "skill_id": "calculate_withholding_tax",
    "skill_name": "Calculate Withholding Tax",
    "node_type": "mutate",
    "sandbox_role": "Solver",
    "keywords": [
      "Calculate",
      "Withholding Tax",
      "Amount"
    ],
    "ports": {
      "requires": [
        "Dataset:RMLTaxRateAssigned",
        "Dataset:ERPTaxRateAssigned"
      ],
      "provides": [
        "Dataset:RMLWithholdingTax",
        "Dataset:ERPWithholdingTax"
      ]
    },
    "semantics": {
      "intents": [
        "Calculate the {target_metric} for each revenue record using the assigned country rates."
      ]
    },
    "data_profile": {
      "target_metric": "withholding tax amount"
    }
  },
  {
    "skill_id": "calculate_net_revenue",
    "skill_name": "Calculate Net Revenue",
    "node_type": "mutate",
    "sandbox_role": "Solver",
    "keywords": [
      "Calculate",
      "Net Revenue",
      "Subtraction"
    ],
    "ports": {
      "requires": [
        "Dataset:RMLWithholdingTax",
        "Dataset:ERPWithholdingTax"
      ],
      "provides": [
        "Dataset:RMLNetRevenue",
        "Dataset:ERPNetRevenue"
      ]
    },
    "semantics": {
      "intents": [
        "Calculate {target_metric} by subtracting the withholding tax from the gross revenue (post-VAT removal for ERP)."
      ]
    },
    "data_profile": {
      "target_metric": "Net Revenue"
    }
  },
  {
    "skill_id": "convert_to_usd",
    "skill_name": "Convert to USD",
    "node_type": "mutate",
    "sandbox_role": "Solver",
    "keywords": [
      "Convert",
      "Currency",
      "USD",
      "Exchange Rate"
    ],
    "ports": {
      "requires": [
        "Dataset:RMLNetRevenue",
        "Dataset:ERPNetRevenue"
      ],
      "provides": [
        "Dataset:RMLUSDConverted",
        "Dataset:ERPUSDConverted"
      ]
    },
    "semantics": {
      "intents": [
        "Convert all financial figures to {target_currency} using the exchange rates from {exchange_rate_period}."
      ]
    },
    "data_profile": {
      "target_currency": "USD",
      "exchange_rate_period": "October 2024"
    }
  },
  {
    "skill_id": "categorize_expenses",
    "skill_name": "Categorize Expenses",
    "node_type": "mutate",
    "sandbox_role": "Solver",
    "keywords": [
      "Categorize",
      "Expenses",
      "Mapping"
    ],
    "ports": {
      "requires": [
        "Dataset:RMLUSDConverted",
        "Dataset:ERPUSDConverted"
      ],
      "provides": [
        "Dataset:RMLExpensesCategorized",
        "Dataset:ERPExpensesCategorized"
      ]
    },
    "semantics": {
      "intents": [
        "Categorize all expenses into: {expense_categories}."
      ]
    },
    "data_profile": {
      "expense_categories": "Band and Crew, Other Tour Costs, Hotel & Restaurants, and Other Travel Costs"
    }
  },
  {
    "skill_id": "sum_total_expenses",
    "skill_name": "Sum Total Expenses",
    "node_type": "mutate",
    "sandbox_role": "Solver",
    "keywords": [
      "Sum",
      "Total Expenses",
      "Aggregation"
    ],
    "ports": {
      "requires": [
        "Dataset:RMLExpensesCategorized",
        "Dataset:ERPExpensesCategorized"
      ],
      "provides": [
        "Dataset:RMLTotalExpenses",
        "Dataset:ERPTotalExpenses"
      ]
    },
    "semantics": {
      "intents": [
        "Sum all categorized expenses to calculate {target_metric}."
      ]
    },
    "data_profile": {
      "target_metric": "Total Expenses"
    }
  },
  {
    "skill_id": "calculate_net_income",
    "skill_name": "Calculate Net Income",
    "node_type": "mutate",
    "sandbox_role": "Solver",
    "keywords": [
      "Calculate",
      "Net Income",
      "Profit"
    ],
    "ports": {
      "requires": [
        "Dataset:RMLTotalExpenses",
        "Dataset:ERPTotalExpenses"
      ],
      "provides": [
        "Dataset:RMLNetIncome",
        "Dataset:ERPNetIncome"
      ]
    },
    "semantics": {
      "intents": [
        "Calculate {target_metric} by subtracting Total Expenses from Total Net Revenue."
      ]
    },
    "data_profile": {
      "target_metric": "Net Income"
    }
  },
  {
    "skill_id": "consolidate_financials",
    "skill_name": "Consolidate Financials",
    "node_type": "mutate",
    "sandbox_role": "Solver",
    "keywords": [
      "Reconcile",
      "Consolidate",
      "Merge"
    ],
    "ports": {
      "requires": [
        "Dataset:RMLNetIncome",
        "Dataset:ERPNetIncome"
      ],
      "provides": [
        "Dataset:ConsolidatedFinancials"
      ]
    },
    "semantics": {
      "intents": [
        "Reconcile and consolidate RML and Corporate ERP data into a single table segmented by {segmentation_field}."
      ]
    },
    "data_profile": {
      "segmentation_field": "source"
    }
  },
  {
    "skill_id": "export_pnl_report",
    "skill_name": "Export PnL Report",
    "node_type": "export",
    "sandbox_role": "Global_Constraint",
    "keywords": [
      "Export",
      "Excel",
      "PnL",
      "Report"
    ],
    "ports": {
      "requires": [
        "Dataset:ConsolidatedFinancials"
      ],
      "provides": [
        "Deliverable:ExcelPnLReport"
      ]
    },
    "semantics": {
      "intents": [
        "Generate the final Excel Profit and Loss report as of {report_date} in {currency}, saved as '{deliverable_file}'."
      ],
      "deliverables": [
        "final_pnl_report.xlsx"
      ]
    },
    "data_profile": {
      "report_date": "12/31/2024",
      "currency": "USD",
      "deliverable_file": "final_pnl_report.xlsx"
    }
  }
]

==================== Agent 5 输出 ====================
[
  {
    "skill_id": "load_financial_datasets",
    "skill_name": "Load Financial Datasets",
    "node_type": "base",
    "sandbox_role": "Data_Generator",
    "keywords": [
      "Load",
      "RML",
      "ERP",
      "Financials"
    ],
    "ports": {
      "requires": [],
      "provides": [
        "Dataset:RMLRaw",
        "Dataset:ERPRaw"
      ]
    },
    "semantics": {
      "intents": [
        "Load the '{rml_file}' and '{erp_file}' datasets."
      ],
      "deliverables": [
        "rml_ledger.xlsx",
        "corporate_erp.xlsx"
      ],
      "evaluation_anchor": {
        "category": "Compliance",
        "assertion_logic": "Assert that the initial data structures for '{rml_file}' and '{erp_file}' are successfully loaded and match the expected schemas."
      }
    },
    "data_profile": {
      "business_context": "Simulate the Road-Manager's Ledger (RML) and Corporate ERP Export datasets for a 2024 European Music Tour.",
      "rml_file": "rml_ledger.xlsx",
      "erp_file": "corporate_erp.xlsx",
      "suggested_scale": {
        "rml_ledger.xlsx": 350,
        "corporate_erp.xlsx": 500
      },
      "declarative_schemas": {
        "rml_ledger.xlsx": [
          "Transaction_ID",
          "Date",
          "Tour_Stop",
          "Expense_Category",
          "Amount",
          "Currency"
        ],
        "corporate_erp.xlsx": [
          "Record_ID",
          "Date",
          "Tour_Stop",
          "Gross_Revenue",
          "Currency"
        ]
      }
    }
  },
  {
    "skill_id": "trap_european_decimals",
    "skill_name": "Trap European Decimals",
    "node_type": "trap",
    "sandbox_role": "Data_Generator",
    "keywords": [
      "Trap",
      "Formatting",
      "Decimals",
      "European"
    ],
    "ports": {
      "requires": [
        "Dataset:RMLRaw"
      ],
      "provides": [
        "Dataset:RMLTrappedDecimals"
      ]
    },
    "semantics": {
      "intents": [
        "Inject {format_description} into {target_countries} tour stop records within the RML."
      ],
      "evaluation_anchor": {
        "category": "Robustness",
        "assertion_logic": "Verify that downstream aggregations do not propagate NaN or crash when encountering {format_description} in {target_countries} records, gracefully handling the injected anomalies."
      }
    },
    "data_profile": {
      "target_countries": "German and French",
      "format_description": "European decimal formatting (commas for decimals, periods for thousands)"
    }
  },
  {
    "skill_id": "trap_vat_injection",
    "skill_name": "Trap VAT Injection",
    "node_type": "trap",
    "sandbox_role": "Data_Generator",
    "keywords": [
      "Trap",
      "VAT",
      "Tax",
      "Revenue"
    ],
    "ports": {
      "requires": [
        "Dataset:ERPRaw"
      ],
      "provides": [
        "Dataset:ERPTrappedVAT"
      ]
    },
    "semantics": {
      "intents": [
        "Inject a {vat_rate} Value Added Tax (VAT) component into the '{target_field}' field of the Corporate ERP Export."
      ],
      "evaluation_anchor": {
        "category": "Robustness",
        "assertion_logic": "Verify that the pipeline gracefully handles the injected {vat_rate} VAT component in the '{target_field}' without failing during numerical aggregations."
      }
    },
    "data_profile": {
      "vat_rate": "20%",
      "target_field": "Gross Revenue"
    }
  },
  {
    "skill_id": "trap_accrual_mismatch",
    "skill_name": "Trap Accrual Mismatch",
    "node_type": "trap",
    "sandbox_role": "Data_Generator",
    "keywords": [
      "Trap",
      "Accrual",
      "Expenses",
      "Dates"
    ],
    "ports": {
      "requires": [
        "Dataset:RMLTrappedDecimals"
      ],
      "provides": [
        "Dataset:RMLTrappedExpenses"
      ]
    },
    "semantics": {
      "intents": [
        "Inject expense line items in the RML dated '{mismatch_date}' that actually pertain to the '{actual_period}' tour period."
      ],
      "evaluation_anchor": {
        "category": "Robustness",
        "assertion_logic": "Ensure the pipeline does not drop records or crash when encountering date anomalies where '{mismatch_date}' records actually pertain to '{actual_period}'."
      }
    },
    "data_profile": {
      "mismatch_date": "January 2025",
      "actual_period": "October 2024"
    }
  },
  {
    "skill_id": "parse_european_decimals",
    "skill_name": "Parse European Decimals",
    "node_type": "mutate",
    "sandbox_role": "Solver",
    "keywords": [
      "Parse",
      "Decimals",
      "Numeric",
      "Conversion"
    ],
    "ports": {
      "requires": [
        "Dataset:RMLTrappedExpenses"
      ],
      "provides": [
        "Dataset:RMLNumeric"
      ]
    },
    "semantics": {
      "intents": [
        "Parse and convert {format_description} in the RML for {target_countries} into standard numeric values."
      ],
      "evaluation_anchor": {
        "category": "Fact",
        "assertion_logic": "Verify that the parsed numerical values for {target_countries} match the exact numerical result produced by the Golden Solver after removing {format_description}."
      }
    },
    "data_profile": {
      "target_countries": "Germany and France",
      "format_description": "European decimal strings"
    }
  },
  {
    "skill_id": "calculate_vat_amount",
    "skill_name": "Calculate VAT Amount",
    "node_type": "mutate",
    "sandbox_role": "Solver",
    "keywords": [
      "Calculate",
      "VAT",
      "ERP"
    ],
    "ports": {
      "requires": [
        "Dataset:ERPTrappedVAT"
      ],
      "provides": [
        "Financial:ERPVATAmount"
      ]
    },
    "semantics": {
      "intents": [
        "Calculate the {vat_rate} VAT amount for Corporate ERP {target_field} records."
      ],
      "evaluation_anchor": {
        "category": "Fact",
        "assertion_logic": "Verify that the calculated {vat_rate} VAT amount for '{target_field}' matches the exact numerical result produced by the Golden Solver."
      }
    },
    "data_profile": {
      "vat_rate": "20%",
      "target_field": "Gross Revenue"
    }
  },
  {
    "skill_id": "calculate_pretax_revenue",
    "skill_name": "Calculate Pre-Tax Revenue",
    "node_type": "mutate",
    "sandbox_role": "Solver",
    "keywords": [
      "Subtract",
      "VAT",
      "Pre-tax",
      "Revenue"
    ],
    "ports": {
      "requires": [
        "Dataset:ERPTrappedVAT",
        "Financial:ERPVATAmount"
      ],
      "provides": [
        "Financial:ERPPreTaxRevenue"
      ]
    },
    "semantics": {
      "intents": [
        "Subtract the {vat_rate} VAT from Corporate ERP {target_field} to establish the pre-tax base."
      ],
      "evaluation_anchor": {
        "category": "Fact",
        "assertion_logic": "Verify that the calculated pre-tax revenue matches the exact numerical result produced by the Golden Solver after subtracting the {vat_rate} VAT from '{target_field}'."
      }
    },
    "data_profile": {
      "vat_rate": "20%",
      "target_field": "Gross Revenue"
    }
  },
  {
    "skill_id": "accrual_adjustment",
    "skill_name": "Accrual Adjustment",
    "node_type": "mutate",
    "sandbox_role": "Solver",
    "keywords": [
      "Accrual",
      "Adjustment",
      "Expenses",
      "RML"
    ],
    "ports": {
      "requires": [
        "Dataset:RMLNumeric"
      ],
      "provides": [
        "Dataset:RMLAccrualAdjusted"
      ]
    },
    "semantics": {
      "intents": [
        "Identify and include RML expenses dated in '{mismatch_date}' that belong to the '{actual_period}' tour period based on accrual logic."
      ],
      "evaluation_anchor": {
        "category": "Reasoning",
        "assertion_logic": "Check if the model correctly deduced the accrual logic to shift '{mismatch_date}' expenses to the '{actual_period}' period, matching the Golden Run's intermediate period assignments."
      }
    },
    "data_profile": {
      "mismatch_date": "January 2025",
      "actual_period": "October 2024"
    }
  },
  {
    "skill_id": "map_tour_countries",
    "skill_name": "Map Tour Countries",
    "node_type": "mutate",
    "sandbox_role": "Solver",
    "keywords": [
      "Map",
      "Country",
      "Tour Stop"
    ],
    "ports": {
      "requires": [
        "Dataset:RMLAccrualAdjusted",
        "Financial:ERPPreTaxRevenue"
      ],
      "provides": [
        "Dataset:RMLCountryMapped",
        "Dataset:ERPCountryMapped"
      ]
    },
    "semantics": {
      "intents": [
        "Map each tour stop to its respective country: {country_list}."
      ],
      "evaluation_anchor": {
        "category": "Reasoning",
        "assertion_logic": "Check if the model correctly deduced the geographical mapping of tour stops to the {country_list}, matching the Golden Run's intermediate column values."
      }
    },
    "data_profile": {
      "country_list": "UK, France, Spain, Germany"
    }
  },
  {
    "skill_id": "assign_withholding_tax_rates",
    "skill_name": "Assign Withholding Tax Rates",
    "node_type": "mutate",
    "sandbox_role": "Solver",
    "keywords": [
      "Assign",
      "Withholding Tax",
      "Rates"
    ],
    "ports": {
      "requires": [
        "Dataset:RMLCountryMapped",
        "Dataset:ERPCountryMapped"
      ],
      "provides": [
        "Dataset:RMLTaxRateAssigned",
        "Dataset:ERPTaxRateAssigned"
      ]
    },
    "semantics": {
      "intents": [
        "Assign withholding tax rates based on country: {tax_rates}."
      ],
      "evaluation_anchor": {
        "category": "Reasoning",
        "assertion_logic": "Check if the model correctly deduced the application of {tax_rates} to the respective countries, matching the Golden Run's intermediate rate column."
      }
    },
    "data_profile": {
      "tax_rates": "UK (20%), France (15%), Spain (24%), Germany (15.825%)"
    }
  },
  {
    "skill_id": "calculate_withholding_tax",
    "skill_name": "Calculate Withholding Tax",
    "node_type": "mutate",
    "sandbox_role": "Solver",
    "keywords": [
      "Calculate",
      "Withholding Tax",
      "Amount"
    ],
    "ports": {
      "requires": [
        "Dataset:RMLTaxRateAssigned",
        "Dataset:ERPTaxRateAssigned"
      ],
      "provides": [
        "Dataset:RMLWithholdingTax",
        "Dataset:ERPWithholdingTax"
      ]
    },
    "semantics": {
      "intents": [
        "Calculate the {target_metric} for each revenue record using the assigned country rates."
      ],
      "evaluation_anchor": {
        "category": "Fact",
        "assertion_logic": "Verify that the calculated {target_metric} matches the exact numerical result produced by the Golden Solver."
      }
    },
    "data_profile": {
      "target_metric": "withholding tax amount"
    }
  },
  {
    "skill_id": "calculate_net_revenue",
    "skill_name": "Calculate Net Revenue",
    "node_type": "mutate",
    "sandbox_role": "Solver",
    "keywords": [
      "Calculate",
      "Net Revenue",
      "Subtraction"
    ],
    "ports": {
      "requires": [
        "Dataset:RMLWithholdingTax",
        "Dataset:ERPWithholdingTax"
      ],
      "provides": [
        "Dataset:RMLNetRevenue",
        "Dataset:ERPNetRevenue"
      ]
    },
    "semantics": {
      "intents": [
        "Calculate {target_metric} by subtracting the withholding tax from the gross revenue (post-VAT removal for ERP)."
      ],
      "evaluation_anchor": {
        "category": "Fact",
        "assertion_logic": "Verify that the final calculated {target_metric} matches the exact numerical result produced by the Golden Solver."
      }
    },
    "data_profile": {
      "target_metric": "Net Revenue"
    }
  },
  {
    "skill_id": "convert_to_usd",
    "skill_name": "Convert to USD",
    "node_type": "mutate",
    "sandbox_role": "Solver",
    "keywords": [
      "Convert",
      "Currency",
      "USD",
      "Exchange Rate"
    ],
    "ports": {
      "requires": [
        "Dataset:RMLNetRevenue",
        "Dataset:ERPNetRevenue"
      ],
      "provides": [
        "Dataset:RMLUSDConverted",
        "Dataset:ERPUSDConverted"
      ]
    },
    "semantics": {
      "intents": [
        "Convert all financial figures to {target_currency} using the exchange rates from {exchange_rate_period}."
      ],
      "evaluation_anchor": {
        "category": "Reasoning",
        "assertion_logic": "Check if the model correctly deduced the currency conversion logic using the exchange rates for {exchange_rate_period} to convert to {target_currency}, matching the Golden Run's intermediate column values."
      }
    },
    "data_profile": {
      "target_currency": "USD",
      "exchange_rate_period": "October 2024"
    }
  },
  {
    "skill_id": "categorize_expenses",
    "skill_name": "Categorize Expenses",
    "node_type": "mutate",
    "sandbox_role": "Solver",
    "keywords": [
      "Categorize",
      "Expenses",
      "Mapping"
    ],
    "ports": {
      "requires": [
        "Dataset:RMLUSDConverted",
        "Dataset:ERPUSDConverted"
      ],
      "provides": [
        "Dataset:RMLExpensesCategorized",
        "Dataset:ERPExpensesCategorized"
      ]
    },
    "semantics": {
      "intents": [
        "Categorize all expenses into: {expense_categories}."
      ],
      "evaluation_anchor": {
        "category": "Reasoning",
        "assertion_logic": "Check if the model correctly deduced the semantic mapping of line items into the {expense_categories}, matching the Golden Run's intermediate categorization."
      }
    },
    "data_profile": {
      "expense_categories": "Band and Crew, Other Tour Costs, Hotel & Restaurants, and Other Travel Costs"
    }
  },
  {
    "skill_id": "sum_total_expenses",
    "skill_name": "Sum Total Expenses",
    "node_type": "mutate",
    "sandbox_role": "Solver",
    "keywords": [
      "Sum",
      "Total Expenses",
      "Aggregation"
    ],
    "ports": {
      "requires": [
        "Dataset:RMLExpensesCategorized",
        "Dataset:ERPExpensesCategorized"
      ],
      "provides": [
        "Dataset:RMLTotalExpenses",
        "Dataset:ERPTotalExpenses"
      ]
    },
    "semantics": {
      "intents": [
        "Sum all categorized expenses to calculate {target_metric}."
      ],
      "evaluation_anchor": {
        "category": "Fact",
        "assertion_logic": "Verify that the final calculated {target_metric} matches the exact numerical result produced by the Golden Solver."
      }
    },
    "data_profile": {
      "target_metric": "Total Expenses"
    }
  },
  {
    "skill_id": "calculate_net_income",
    "skill_name": "Calculate Net Income",
    "node_type": "mutate",
    "sandbox_role": "Solver",
    "keywords": [
      "Calculate",
      "Net Income",
      "Profit"
    ],
    "ports": {
      "requires": [
        "Dataset:RMLTotalExpenses",
        "Dataset:ERPTotalExpenses"
      ],
      "provides": [
        "Dataset:RMLNetIncome",
        "Dataset:ERPNetIncome"
      ]
    },
    "semantics": {
      "intents": [
        "Calculate {target_metric} by subtracting Total Expenses from Total Net Revenue."
      ],
      "evaluation_anchor": {
        "category": "Fact",
        "assertion_logic": "Verify that the final calculated {target_metric} matches the exact numerical result produced by the Golden Solver."
      }
    },
    "data_profile": {
      "target_metric": "Net Income"
    }
  },
  {
    "skill_id": "consolidate_financials",
    "skill_name": "Consolidate Financials",
    "node_type": "mutate",
    "sandbox_role": "Solver",
    "keywords": [
      "Reconcile",
      "Consolidate",
      "Merge"
    ],
    "ports": {
      "requires": [
        "Dataset:RMLNetIncome",
        "Dataset:ERPNetIncome"
      ],
      "provides": [
        "Dataset:ConsolidatedFinancials"
      ]
    },
    "semantics": {
      "intents": [
        "Reconcile and consolidate RML and Corporate ERP data into a single table segmented by {segmentation_field}."
      ],
      "evaluation_anchor": {
        "category": "Fact",
        "assertion_logic": "Verify that the consolidated dataset matches the exact row count and numerical results produced by the Golden Solver, correctly segmented by '{segmentation_field}'."
      }
    },
    "data_profile": {
      "segmentation_field": "source"
    }
  },
  {
    "skill_id": "export_pnl_report",
    "skill_name": "Export PnL Report",
    "node_type": "export",
    "sandbox_role": "Global_Constraint",
    "keywords": [
      "Export",
      "Excel",
      "PnL",
      "Report"
    ],
    "ports": {
      "requires": [
        "Dataset:ConsolidatedFinancials"
      ],
      "provides": [
        "Deliverable:ExcelPnLReport"
      ]
    },
    "semantics": {
      "intents": [
        "Generate the final Excel Profit and Loss report as of {report_date} in {currency}, saved as '{deliverable_file}'."
      ],
      "deliverables": [
        "final_pnl_report.xlsx"
      ],
      "evaluation_anchor": {
        "category": "Compliance",
        "assertion_logic": "Assert file_exists('{deliverable_file}') in the final submission, ensuring it represents the {report_date} report in {currency}."
      }
    },
    "data_profile": {
      "report_date": "12/31/2024",
      "currency": "USD",
      "deliverable_file": "final_pnl_report.xlsx"
    }
  }
]
